Archive member included to satisfy reference by file (symbol)

C:\Dev\GIT\LELEC210X_GROUP_E\mcu\optimization_main_app\ARM_CMSIS\CMSIS\DSP\Lib\GCC\libarm_cortexM4lf_math.a(arm_rfft_q15.o)
                              ./Core/Src/spectrogram.o (arm_rfft_q15)
C:\Dev\GIT\LELEC210X_GROUP_E\mcu\optimization_main_app\ARM_CMSIS\CMSIS\DSP\Lib\GCC\libarm_cortexM4lf_math.a(arm_rfft_init_q15.o)
                              ./Core/Src/spectrogram.o (arm_rfft_init_q15)
C:\Dev\GIT\LELEC210X_GROUP_E\mcu\optimization_main_app\ARM_CMSIS\CMSIS\DSP\Lib\GCC\libarm_cortexM4lf_math.a(arm_cmplx_mag_q15.o)
                              ./Core/Src/spectrogram.o (arm_cmplx_mag_q15)
C:\Dev\GIT\LELEC210X_GROUP_E\mcu\optimization_main_app\ARM_CMSIS\CMSIS\DSP\Lib\GCC\libarm_cortexM4lf_math.a(arm_sqrt_q15.o)
                              C:\Dev\GIT\LELEC210X_GROUP_E\mcu\optimization_main_app\ARM_CMSIS\CMSIS\DSP\Lib\GCC\libarm_cortexM4lf_math.a(arm_cmplx_mag_q15.o) (arm_sqrt_q15)
C:\Dev\GIT\LELEC210X_GROUP_E\mcu\optimization_main_app\ARM_CMSIS\CMSIS\DSP\Lib\GCC\libarm_cortexM4lf_math.a(arm_shift_q15.o)
                              ./Core/Src/spectrogram.o (arm_shift_q15)
C:\Dev\GIT\LELEC210X_GROUP_E\mcu\optimization_main_app\ARM_CMSIS\CMSIS\DSP\Lib\GCC\libarm_cortexM4lf_math.a(arm_mult_q15.o)
                              ./Core/Src/spectrogram.o (arm_mult_q15)
C:\Dev\GIT\LELEC210X_GROUP_E\mcu\optimization_main_app\ARM_CMSIS\CMSIS\DSP\Lib\GCC\libarm_cortexM4lf_math.a(arm_dot_prod_q15.o)
                              ./Core/Src/spectrogram.o (arm_dot_prod_q15)
C:\Dev\GIT\LELEC210X_GROUP_E\mcu\optimization_main_app\ARM_CMSIS\CMSIS\DSP\Lib\GCC\libarm_cortexM4lf_math.a(arm_const_structs.o)
                              C:\Dev\GIT\LELEC210X_GROUP_E\mcu\optimization_main_app\ARM_CMSIS\CMSIS\DSP\Lib\GCC\libarm_cortexM4lf_math.a(arm_rfft_init_q15.o) (arm_cfft_sR_q15_len4096)
C:\Dev\GIT\LELEC210X_GROUP_E\mcu\optimization_main_app\ARM_CMSIS\CMSIS\DSP\Lib\GCC\libarm_cortexM4lf_math.a(arm_common_tables.o)
                              C:\Dev\GIT\LELEC210X_GROUP_E\mcu\optimization_main_app\ARM_CMSIS\CMSIS\DSP\Lib\GCC\libarm_cortexM4lf_math.a(arm_rfft_init_q15.o) (realCoefBQ15)
C:\Dev\GIT\LELEC210X_GROUP_E\mcu\optimization_main_app\ARM_CMSIS\CMSIS\DSP\Lib\GCC\libarm_cortexM4lf_math.a(arm_cfft_q15.o)
                              C:\Dev\GIT\LELEC210X_GROUP_E\mcu\optimization_main_app\ARM_CMSIS\CMSIS\DSP\Lib\GCC\libarm_cortexM4lf_math.a(arm_rfft_q15.o) (arm_cfft_q15)
C:\Dev\GIT\LELEC210X_GROUP_E\mcu\optimization_main_app\ARM_CMSIS\CMSIS\DSP\Lib\GCC\libarm_cortexM4lf_math.a(arm_cfft_radix4_q15.o)
                              C:\Dev\GIT\LELEC210X_GROUP_E\mcu\optimization_main_app\ARM_CMSIS\CMSIS\DSP\Lib\GCC\libarm_cortexM4lf_math.a(arm_cfft_q15.o) (arm_radix4_butterfly_q15)
C:\Dev\GIT\LELEC210X_GROUP_E\mcu\optimization_main_app\ARM_CMSIS\CMSIS\DSP\Lib\GCC\libarm_cortexM4lf_math.a(arm_bitreversal2.o)
                              C:\Dev\GIT\LELEC210X_GROUP_E\mcu\optimization_main_app\ARM_CMSIS\CMSIS\DSP\Lib\GCC\libarm_cortexM4lf_math.a(arm_cfft_q15.o) (arm_bitreversal_16)
C:\Dev\GIT\LELEC210X_GROUP_E\mcu\optimization_main_app\ARM_CMSIS\CMSIS\DSP\Lib\GCC\libarm_cortexM4lf_math.a(arm_bitreversal.o)
                              C:\Dev\GIT\LELEC210X_GROUP_E\mcu\optimization_main_app\ARM_CMSIS\CMSIS\DSP\Lib\GCC\libarm_cortexM4lf_math.a(arm_cfft_radix4_q15.o) (arm_bitreversal_q15)
C:/ST/STM32CubeIDE_1.16.1/STM32CubeIDE/plugins/com.st.stm32cube.ide.mcu.externaltools.gnu-tools-for-stm32.12.3.rel1.win32_1.0.200.202406191623/tools/bin/../lib/gcc/arm-none-eabi/12.3.1/../../../../arm-none-eabi/lib/thumb/v7e-m+fp/hard\libc_nano.a(libc_a-exit.o)
                              C:/ST/STM32CubeIDE_1.16.1/STM32CubeIDE/plugins/com.st.stm32cube.ide.mcu.externaltools.gnu-tools-for-stm32.12.3.rel1.win32_1.0.200.202406191623/tools/bin/../lib/gcc/arm-none-eabi/12.3.1/../../../../arm-none-eabi/lib/thumb/v7e-m+fp/hard/crt0.o (exit)
C:/ST/STM32CubeIDE_1.16.1/STM32CubeIDE/plugins/com.st.stm32cube.ide.mcu.externaltools.gnu-tools-for-stm32.12.3.rel1.win32_1.0.200.202406191623/tools/bin/../lib/gcc/arm-none-eabi/12.3.1/../../../../arm-none-eabi/lib/thumb/v7e-m+fp/hard\libc_nano.a(libc_a-findfp.o)
                              C:/ST/STM32CubeIDE_1.16.1/STM32CubeIDE/plugins/com.st.stm32cube.ide.mcu.externaltools.gnu-tools-for-stm32.12.3.rel1.win32_1.0.200.202406191623/tools/bin/../lib/gcc/arm-none-eabi/12.3.1/../../../../arm-none-eabi/lib/thumb/v7e-m+fp/hard\libc_nano.a(libc_a-exit.o) (__stdio_exit_handler)
C:/ST/STM32CubeIDE_1.16.1/STM32CubeIDE/plugins/com.st.stm32cube.ide.mcu.externaltools.gnu-tools-for-stm32.12.3.rel1.win32_1.0.200.202406191623/tools/bin/../lib/gcc/arm-none-eabi/12.3.1/../../../../arm-none-eabi/lib/thumb/v7e-m+fp/hard\libc_nano.a(libc_a-fwalk.o)
[...]
Memory Configuration

Name             Origin             Length             Attributes
RAM              0x20000000         0x00050000         xrw
RAM2             0x10000000         0x00010000         xrw
FLASH            0x08000000         0x00100000         xr
*default*        0x00000000         0xffffffff

Linker script and memory map

LOAD C:/ST/STM32CubeIDE_1.16.1/STM32CubeIDE/plugins/com.st.stm32cube.ide.mcu.externaltools.gnu-tools-for-stm32.12.3.rel1.win32_1.0.200.202406191623/tools/bin/../lib/gcc/arm-none-eabi/12.3.1/thumb/v7e-m+fp/hard/crti.o
LOAD C:/ST/STM32CubeIDE_1.16.1/STM32CubeIDE/plugins/com.st.stm32cube.ide.mcu.externaltools.gnu-tools-for-stm32.12.3.rel1.win32_1.0.200.202406191623/tools/bin/../lib/gcc/arm-none-eabi/12.3.1/thumb/v7e-m+fp/hard/crtbegin.o
LOAD C:/ST/STM32CubeIDE_1.16.1/STM32CubeIDE/plugins/com.st.stm32cube.ide.mcu.externaltools.gnu-tools-for-stm32.12.3.rel1.win32_1.0.200.202406191623/tools/bin/../lib/gcc/arm-none-eabi/12.3.1/../../../../arm-none-eabi/lib/thumb/v7e-m+fp/hard/crt0.o
LOAD ./Core/Src/adc.o
LOAD ./Core/Src/adc_dblbuf.o
LOAD ./Core/Src/aes_ref.o
LOAD ./Core/Src/arm_absmax_q15.o
LOAD ./Core/Src/dma.o
LOAD ./Core/Src/eval_radio.o
LOAD ./Core/Src/gpio.o
LOAD ./Core/Src/main.o
LOAD ./Core/Src/packet.o
LOAD ./Core/Src/retarget.o
LOAD ./Core/Src/s2lp.o
LOAD ./Core/Src/spectrogram.o
LOAD ./Core/Src/spi.o
LOAD ./Core/Src/stm32l4xx_hal_msp.o
LOAD ./Core/Src/stm32l4xx_it.o
LOAD ./Core/Src/sysmem.o
LOAD ./Core/Src/system_stm32l4xx.o
LOAD ./Core/Src/tim.o
LOAD ./Core/Src/usart.o
LOAD ./Core/Src/utils.o
LOAD ./Core/Startup/startup_stm32l4a6zgtx.o
LOAD ./Drivers/STM32L4xx_HAL_Driver/Src/stm32l4xx_hal.o
LOAD ./Drivers/STM32L4xx_HAL_Driver/Src/stm32l4xx_hal_adc.o
LOAD ./Drivers/STM32L4xx_HAL_Driver/Src/stm32l4xx_hal_adc_ex.o
LOAD ./Drivers/STM32L4xx_HAL_Driver/Src/stm32l4xx_hal_cortex.o
LOAD ./Drivers/STM32L4xx_HAL_Driver/Src/stm32l4xx_hal_dma.o
LOAD ./Drivers/STM32L4xx_HAL_Driver/Src/stm32l4xx_hal_dma_ex.o
LOAD ./Drivers/STM32L4xx_HAL_Driver/Src/stm32l4xx_hal_exti.o
LOAD ./Drivers/STM32L4xx_HAL_Driver/Src/stm32l4xx_hal_flash.o
LOAD ./Drivers/STM32L4xx_HAL_Driver/Src/stm32l4xx_hal_flash_ex.o
LOAD ./Drivers/STM32L4xx_HAL_Driver/Src/stm32l4xx_hal_flash_ramfunc.o
LOAD ./Drivers/STM32L4xx_HAL_Driver/Src/stm32l4xx_hal_gpio.o
LOAD ./Drivers/STM32L4xx_HAL_Driver/Src/stm32l4xx_hal_i2c.o
LOAD ./Drivers/STM32L4xx_HAL_Driver/Src/stm32l4xx_hal_i2c_ex.o
LOAD ./Drivers/STM32L4xx_HAL_Driver/Src/stm32l4xx_hal_pwr.o
LOAD ./Drivers/STM32L4xx_HAL_Driver/Src/stm32l4xx_hal_pwr_ex.o
LOAD ./Drivers/STM32L4xx_HAL_Driver/Src/stm32l4xx_hal_rcc.o
LOAD ./Drivers/STM32L4xx_HAL_Driver/Src/stm32l4xx_hal_rcc_ex.o
LOAD ./Drivers/STM32L4xx_HAL_Driver/Src/stm32l4xx_hal_spi.o
LOAD ./Drivers/STM32L4xx_HAL_Driver/Src/stm32l4xx_hal_spi_ex.o
LOAD ./Drivers/STM32L4xx_HAL_Driver/Src/stm32l4xx_hal_tim.o
LOAD ./Drivers/STM32L4xx_HAL_Driver/Src/stm32l4xx_hal_tim_ex.o
LOAD ./Drivers/STM32L4xx_HAL_Driver/Src/stm32l4xx_hal_uart.o
LOAD ./Drivers/STM32L4xx_HAL_Driver/Src/stm32l4xx_hal_uart_ex.o
LOAD C:\Dev\GIT\LELEC210X_GROUP_E\mcu\optimization_main_app\ARM_CMSIS\CMSIS\DSP\Lib\GCC\libarm_cortexM4lf_math.a
START GROUP
LOAD C:/ST/STM32CubeIDE_1.16.1/STM32CubeIDE/plugins/com.st.stm32cube.ide.mcu.externaltools.gnu-tools-for-stm32.12.3.rel1.win32_1.0.200.202406191623/tools/bin/../lib/gcc/arm-none-eabi/12.3.1/../../../../arm-none-eabi/lib/thumb/v7e-m+fp/hard\libc_nano.a
LOAD C:/ST/STM32CubeIDE_1.16.1/STM32CubeIDE/plugins/com.st.stm32cube.ide.mcu.externaltools.gnu-tools-for-stm32.12.3.rel1.win32_1.0.200.202406191623/tools/bin/../lib/gcc/arm-none-eabi/12.3.1/../../../../arm-none-eabi/lib/thumb/v7e-m+fp/hard\libm.a
END GROUP
START GROUP
LOAD C:/ST/STM32CubeIDE_1.16.1/STM32CubeIDE/plugins/com.st.stm32cube.ide.mcu.externaltools.gnu-tools-for-stm32.12.3.rel1.win32_1.0.200.202406191623/tools/bin/../lib/gcc/arm-none-eabi/12.3.1/thumb/v7e-m+fp/hard\libgcc.a
LOAD C:/ST/STM32CubeIDE_1.16.1/STM32CubeIDE/plugins/com.st.stm32cube.ide.mcu.externaltools.gnu-tools-for-stm32.12.3.rel1.win32_1.0.200.202406191623/tools/bin/../lib/gcc/arm-none-eabi/12.3.1/../../../../arm-none-eabi/lib/thumb/v7e-m+fp/hard\libc_nano.a
END GROUP
START GROUP
LOAD C:/ST/STM32CubeIDE_1.16.1/STM32CubeIDE/plugins/com.st.stm32cube.ide.mcu.externaltools.gnu-tools-for-stm32.12.3.rel1.win32_1.0.200.202406191623/tools/bin/../lib/gcc/arm-none-eabi/12.3.1/thumb/v7e-m+fp/hard\libgcc.a
LOAD C:/ST/STM32CubeIDE_1.16.1/STM32CubeIDE/plugins/com.st.stm32cube.ide.mcu.externaltools.gnu-tools-for-stm32.12.3.rel1.win32_1.0.200.202406191623/tools/bin/../lib/gcc/arm-none-eabi/12.3.1/../../../../arm-none-eabi/lib/thumb/v7e-m+fp/hard\libc_nano.a
LOAD C:/ST/STM32CubeIDE_1.16.1/STM32CubeIDE/plugins/com.st.stm32cube.ide.mcu.externaltools.gnu-tools-for-stm32.12.3.rel1.win32_1.0.200.202406191623/tools/bin/../lib/gcc/arm-none-eabi/12.3.1/../../../../arm-none-eabi/lib/thumb/v7e-m+fp/hard\libnosys.a
END GROUP
START GROUP
LOAD C:/ST/STM32CubeIDE_1.16.1/STM32CubeIDE/plugins/com.st.stm32cube.ide.mcu.externaltools.gnu-tools-for-stm32.12.3.rel1.win32_1.0.200.202406191623/tools/bin/../lib/gcc/arm-none-eabi/12.3.1/thumb/v7e-m+fp/hard\libgcc.a
LOAD C:/ST/STM32CubeIDE_1.16.1/STM32CubeIDE/plugins/com.st.stm32cube.ide.mcu.externaltools.gnu-tools-for-stm32.12.3.rel1.win32_1.0.200.202406191623/tools/bin/../lib/gcc/arm-none-eabi/12.3.1/../../../../arm-none-eabi/lib/thumb/v7e-m+fp/hard\libc_nano.a
LOAD C:/ST/STM32CubeIDE_1.16.1/STM32CubeIDE/plugins/com.st.stm32cube.ide.mcu.externaltools.gnu-tools-for-stm32.12.3.rel1.win32_1.0.200.202406191623/tools/bin/../lib/gcc/arm-none-eabi/12.3.1/../../../../arm-none-eabi/lib/thumb/v7e-m+fp/hard\libnosys.a
END GROUP
LOAD C:/ST/STM32CubeIDE_1.16.1/STM32CubeIDE/plugins/com.st.stm32cube.ide.mcu.externaltools.gnu-tools-for-stm32.12.3.rel1.win32_1.0.200.202406191623/tools/bin/../lib/gcc/arm-none-eabi/12.3.1/thumb/v7e-m+fp/hard/crtend.o
LOAD C:/ST/STM32CubeIDE_1.16.1/STM32CubeIDE/plugins/com.st.stm32cube.ide.mcu.externaltools.gnu-tools-for-stm32.12.3.rel1.win32_1.0.200.202406191623/tools/bin/../lib/gcc/arm-none-eabi/12.3.1/thumb/v7e-m+fp/hard/crtn.o
                0x20050000                        _estack = (ORIGIN (RAM) + LENGTH (RAM))
                0x00000200                        _Min_Heap_Size = 0x200
                0x00000400                        _Min_Stack_Size = 0x400

.isr_vector     0x08000000      0x1ac
                0x08000000                        . = ALIGN (0x4)
 *(.isr_vector)
 .isr_vector    0x08000000      0x1ac ./Core/Startup/startup_stm32l4a6zgtx.o
                0x08000000                g_pfnVectors
                0x080001ac                        . = ALIGN (0x4)

.text           0x080001b0     0x8ba8
                0x080001b0                        . = ALIGN (0x4)
 *(.text)
 .text          0x080001b0       0x40 C:/ST/STM32CubeIDE_1.16.1/STM32CubeIDE/plugins/com.st.stm32cube.ide.mcu.externaltools.gnu-tools-for-stm32.12.3.rel1.win32_1.0.200.202406191623/tools/bin/../lib/gcc/arm-none-eabi/12.3.1/thumb/v7e-m+fp/hard/crtbegin.o
 .text          0x080001f0       0xa0 C:/ST/STM32CubeIDE_1.16.1/STM32CubeIDE/plugins/com.st.stm32cube.ide.mcu.externaltools.gnu-tools-for-stm32.12.3.rel1.win32_1.0.200.202406191623/tools/bin/../lib/gcc/arm-none-eabi/12.3.1/../../../../arm-none-eabi/lib/thumb/v7e-m+fp/hard\libc_nano.a(libc_a-memchr.o)
                0x080001f0                memchr
 .text          0x08000290       0x30 C:/ST/STM32CubeIDE_1.16.1/STM32CubeIDE/plugins/com.st.stm32cube.ide.mcu.externaltools.gnu-tools-for-stm32.12.3.rel1.win32_1.0.200.202406191623/tools/bin/../lib/gcc/arm-none-eabi/12.3.1/thumb/v7e-m+fp/hard\libgcc.a(_aeabi_uldivmod.o)
                0x08000290                __aeabi_uldivmod
 .text          0x080002c0      0x2bc C:/ST/STM32CubeIDE_1.16.1/STM32CubeIDE/plugins/com.st.stm32cube.ide.mcu.externaltools.gnu-tools-for-stm32.12.3.rel1.win32_1.0.200.202406191623/tools/bin/../lib/gcc/arm-none-eabi/12.3.1/thumb/v7e-m+fp/hard\libgcc.a(_udivmoddi4.o)
                0x080002c0                __udivmoddi4
 .text          0x0800057c        0x4 C:/ST/STM32CubeIDE_1.16.1/STM32CubeIDE/plugins/com.st.stm32cube.ide.mcu.externaltools.gnu-tools-for-stm32.12.3.rel1.win32_1.0.200.202406191623/tools/bin/../lib/gcc/arm-none-eabi/12.3.1/thumb/v7e-m+fp/hard\libgcc.a(_dvmd_tls.o)
                0x0800057c                __aeabi_idiv0
                0x0800057c                __aeabi_ldiv0
 *(.text*)
 .text.MX_ADC1_Init
                0x08000580       0xa8 ./Core/Src/adc.o
                0x08000580                MX_ADC1_Init
 .text.HAL_ADC_MspInit
                0x08000628       0xc8 ./Core/Src/adc.o
                0x08000628                HAL_ADC_MspInit
 .text.send_spectrogram
                0x080006f0       0xa0 ./Core/Src/adc_dblbuf.o
 .text.StartADCAcq
                0x08000790       0x30 ./Core/Src/adc_dblbuf.o
                0x08000790                StartADCAcq
 .text.IsADCFinished
                0x080007c0       0x10 ./Core/Src/adc_dblbuf.o
                0x080007c0                IsADCFinished
 .text.HAL_ADC_ConvCpltCallback
                0x080007d0       0x84 ./Core/Src/adc_dblbuf.o
                0x080007d0                HAL_ADC_ConvCpltCallback
 .text.HAL_ADC_ConvHalfCpltCallback
                0x08000854       0x84 ./Core/Src/adc_dblbuf.o
                0x08000854                HAL_ADC_ConvHalfCpltCallback
 .text.MixColumns
                0x080008d8      0x530 ./Core/Src/aes_ref.o
                0x080008d8                MixColumns
 .text.KeyExpansion
                0x08000e08      0x1c8 ./Core/Src/aes_ref.o
                0x08000e08                KeyExpansion
 .text.Encrypt  0x08000fd0      0x4b8 ./Core/Src/aes_ref.o
                0x08000fd0                Encrypt
 .text.AES128_encrypt
                0x08001488      0x1ac ./Core/Src/aes_ref.o
                0x08001488                AES128_encrypt
 .text.arm_absmax_q15
                0x08001634      0x124 ./Core/Src/arm_absmax_q15.o
                0x08001634                arm_absmax_q15
 .text.MX_DMA_Init
                0x08001758       0x30 ./Core/Src/dma.o
                0x08001758                MX_DMA_Init
 .text.MX_GPIO_Init
                0x08001788      0x294 ./Core/Src/gpio.o
                0x08001788                MX_GPIO_Init
 .text.HAL_GPIO_EXTI_Callback
                0x08001a1c       0x1c ./Core/Src/main.o
                0x08001a1c                HAL_GPIO_EXTI_Callback
 .text.run      0x08001a38       0x70 ./Core/Src/main.o
                0x08001a38                run
 .text.Error_Handler
                0x08001aa8       0x80 ./Core/Src/main.o
                0x08001aa8                Error_Handler
 .text.SystemClock_Config
                0x08001b28       0x70 ./Core/Src/main.o
                0x08001b28                SystemClock_Config
 .text.startup.main
                0x08001b98       0x98 ./Core/Src/main.o
                0x08001b98                main
 .text.make_packet
                0x08001c30      0x1d4 ./Core/Src/packet.o
                0x08001c30                make_packet
 .text.RetargetInit
                0x08001e04       0x24 ./Core/Src/retarget.o
                0x08001e04                RetargetInit
 .text._isatty  0x08001e28       0x18 ./Core/Src/retarget.o
                0x08001e28                _isatty
 .text._write   0x08001e40       0x34 ./Core/Src/retarget.o
                0x08001e40                _write
 .text._close   0x08001e74       0x18 ./Core/Src/retarget.o
                0x08001e74                _close
 .text._lseek   0x08001e8c       0x10 ./Core/Src/retarget.o
                0x08001e8c                _lseek
 .text._read    0x08001e9c       0x30 ./Core/Src/retarget.o
                0x08001e9c                _read
 .text._fstat   0x08001ecc       0x1c ./Core/Src/retarget.o
                0x08001ecc                _fstat
 .text.S2LP_Command
                0x08001ee8       0x64 ./Core/Src/s2lp.o
                0x08001ee8                S2LP_Command
 .text.S2LP_ReadReg
                0x08001f4c       0x7c ./Core/Src/s2lp.o
                0x08001f4c                S2LP_ReadReg
 .text.S2LP_WriteReg
                0x08001fc8       0x74 ./Core/Src/s2lp.o
                0x08001fc8                S2LP_WriteReg
 .text.S2LP_WriteTxFIFO
                0x0800203c       0x88 ./Core/Src/s2lp.o
                0x0800203c                S2LP_WriteTxFIFO
 .text.S2LP_Send
                0x080020c4      0x1dc ./Core/Src/s2lp.o
                0x080020c4                S2LP_Send
 .text.S2LP_PrintStatus
                0x080022a0      0x200 ./Core/Src/s2lp.o
                0x080022a0                S2LP_PrintStatus
 .text.S2LP_PLLConf
                0x080024a0      0x23c ./Core/Src/s2lp.o
                0x080024a0                S2LP_PLLConf
 .text.ComputeDatarate
                0x080026dc      0x11c ./Core/Src/s2lp.o
                0x080026dc                ComputeDatarate
 .text.SearchDatarateME
                0x080027f8      0x2b4 ./Core/Src/s2lp.o
                0x080027f8                SearchDatarateME
 .text.ComputeFreqDeviation
                0x08002aac       0xfc ./Core/Src/s2lp.o
                0x08002aac                ComputeFreqDeviation
 .text.SearchFreqDevME
                0x08002ba8      0x254 ./Core/Src/s2lp.o
                0x08002ba8                SearchFreqDevME
 .text.S2LP_SetModulation
                0x08002dfc       0x80 ./Core/Src/s2lp.o
                0x08002dfc                S2LP_SetModulation
 .text.S2LP_SetPALeveldBm
                0x08002e7c       0x54 ./Core/Src/s2lp.o
                0x08002e7c                S2LP_SetPALeveldBm
 .text.S2LP_Init
                0x08002ed0      0x144 ./Core/Src/s2lp.o
                0x08002ed0                S2LP_Init
 .text.S2LP_IRQ_Handler
                0x08003014       0x64 ./Core/Src/s2lp.o
                0x08003014                S2LP_IRQ_Handler
 .text.Spectrogram_Format
                0x08003078       0x28 ./Core/Src/spectrogram.o
                0x08003078                Spectrogram_Format
 .text.Spectrogram_Compute
                0x080030a0      0x124 ./Core/Src/spectrogram.o
                0x080030a0                Spectrogram_Compute
 .text.MX_SPI1_Init
                0x080031c4       0x4c ./Core/Src/spi.o
                0x080031c4                MX_SPI1_Init
 .text.HAL_SPI_MspInit
                0x08003210       0x94 ./Core/Src/spi.o
                0x08003210                HAL_SPI_MspInit
 .text.HAL_MspInit
                0x080032a4       0x30 ./Core/Src/stm32l4xx_hal_msp.o
                0x080032a4                HAL_MspInit
 .text.NMI_Handler
                0x080032d4        0x4 ./Core/Src/stm32l4xx_it.o
                0x080032d4                NMI_Handler
 .text.HardFault_Handler
                0x080032d8        0x4 ./Core/Src/stm32l4xx_it.o
                0x080032d8                HardFault_Handler
 .text.MemManage_Handler
                0x080032dc        0x4 ./Core/Src/stm32l4xx_it.o
                0x080032dc                MemManage_Handler
 .text.BusFault_Handler
                0x080032e0        0x4 ./Core/Src/stm32l4xx_it.o
                0x080032e0                BusFault_Handler
 .text.UsageFault_Handler
                0x080032e4        0x4 ./Core/Src/stm32l4xx_it.o
                0x080032e4                UsageFault_Handler
 .text.SVC_Handler
                0x080032e8        0x4 ./Core/Src/stm32l4xx_it.o
                0x080032e8                SVC_Handler
 .text.DebugMon_Handler
                0x080032ec        0x4 ./Core/Src/stm32l4xx_it.o
                0x080032ec                DebugMon_Handler
 .text.PendSV_Handler
                0x080032f0        0x4 ./Core/Src/stm32l4xx_it.o
                0x080032f0                PendSV_Handler
 .text.SysTick_Handler
                0x080032f4        0x4 ./Core/Src/stm32l4xx_it.o
                0x080032f4                SysTick_Handler
 .text.EXTI3_IRQHandler
                0x080032f8        0x8 ./Core/Src/stm32l4xx_it.o
                0x080032f8                EXTI3_IRQHandler
 .text.DMA1_Channel1_IRQHandler
                0x08003300        0xc ./Core/Src/stm32l4xx_it.o
                0x08003300                DMA1_Channel1_IRQHandler
 .text.TIM3_IRQHandler
                0x0800330c        0xc ./Core/Src/stm32l4xx_it.o
                0x0800330c                TIM3_IRQHandler
 .text.EXTI15_10_IRQHandler
                0x08003318        0x8 ./Core/Src/stm32l4xx_it.o
                0x08003318                EXTI15_10_IRQHandler
 .text._sbrk    0x08003320       0x44 ./Core/Src/sysmem.o
                0x08003320                _sbrk
 .text.SystemInit
                0x08003364       0x44 ./Core/Src/system_stm32l4xx.o
                0x08003364                SystemInit
 .text.MX_TIM3_Init
                0x080033a8       0x74 ./Core/Src/tim.o
                0x080033a8                MX_TIM3_Init
 .text.HAL_TIM_Base_MspInit
                0x0800341c       0x40 ./Core/Src/tim.o
                0x0800341c                HAL_TIM_Base_MspInit
 *fill*         0x0800345c        0x4 
 .text.MX_LPUART1_UART_Init
                0x08003460       0x48 ./Core/Src/usart.o
                0x08003460                MX_LPUART1_UART_Init
 .text.HAL_UART_MspInit
                0x080034a8       0x9c ./Core/Src/usart.o
                0x080034a8                HAL_UART_MspInit
 .text.start_cycle_count
                0x08003544       0x40 ./Core/Src/utils.o
                0x08003544                start_cycle_count
 .text.stop_cycle_count
                0x08003584       0x38 ./Core/Src/utils.o
                0x08003584                stop_cycle_count
 .text.hex_encode
                0x080035bc       0x38 ./Core/Src/utils.o
                0x080035bc                hex_encode
 .text.Reset_Handler
                0x080035f4       0x50 ./Core/Startup/startup_stm32l4a6zgtx.o
                0x080035f4                Reset_Handler
 .text.Default_Handler
                0x08003644        0x2 ./Core/Startup/startup_stm32l4a6zgtx.o
                0x08003644                RTC_Alarm_IRQHandler
                0x08003644                HASH_RNG_IRQHandler
                0x08003644                EXTI2_IRQHandler
                0x08003644                TIM8_TRG_COM_IRQHandler
                0x08003644                TIM8_CC_IRQHandler
                0x08003644                TIM1_CC_IRQHandler
                0x08003644                TSC_IRQHandler
                0x08003644                TAMP_STAMP_IRQHandler
                0x08003644                CAN2_RX1_IRQHandler
                0x08003644                LPTIM2_IRQHandler
                0x08003644                DFSDM1_FLT1_IRQHandler
                0x08003644                I2C3_ER_IRQHandler
                0x08003644                DFSDM1_FLT2_IRQHandler
                0x08003644                EXTI0_IRQHandler
                0x08003644                I2C2_EV_IRQHandler
                0x08003644                CAN1_RX0_IRQHandler
                0x08003644                FPU_IRQHandler
                0x08003644                TIM1_UP_TIM16_IRQHandler
                0x08003644                CAN2_SCE_IRQHandler
                0x08003644                ADC1_2_IRQHandler
                0x08003644                SPI1_IRQHandler
                0x08003644                TIM6_DAC_IRQHandler
                0x08003644                DCMI_IRQHandler
                0x08003644                CAN2_RX0_IRQHandler
                0x08003644                TIM8_UP_IRQHandler
                0x08003644                DMA2_Channel2_IRQHandler
                0x08003644                DMA1_Channel4_IRQHandler
                0x08003644                SAI2_IRQHandler
                0x08003644                DFSDM1_FLT3_IRQHandler
                0x08003644                USART3_IRQHandler
                0x08003644                DMA1_Channel7_IRQHandler
                0x08003644                CAN1_RX1_IRQHandler
                0x08003644                LCD_IRQHandler
                0x08003644                UART5_IRQHandler
                0x08003644                ADC3_IRQHandler
                0x08003644                TIM4_IRQHandler
                0x08003644                DMA2_Channel1_IRQHandler
                0x08003644                QUADSPI_IRQHandler
                0x08003644                I2C1_EV_IRQHandler
                0x08003644                DMA1_Channel6_IRQHandler
                0x08003644                UART4_IRQHandler
                0x08003644                DMA2_Channel4_IRQHandler
                0x08003644                RCC_IRQHandler
                0x08003644                Default_Handler
                0x08003644                DMA2_Channel7_IRQHandler
                0x08003644                TIM7_IRQHandler
                0x08003644                SDMMC1_IRQHandler
                0x08003644                CAN2_TX_IRQHandler
                0x08003644                TIM5_IRQHandler
                0x08003644                I2C3_EV_IRQHandler
                0x08003644                EXTI9_5_IRQHandler
                0x08003644                RTC_WKUP_IRQHandler
                0x08003644                PVD_PVM_IRQHandler
                0x08003644                SPI2_IRQHandler
                0x08003644                CAN1_TX_IRQHandler
                0x08003644                DMA2_Channel5_IRQHandler
                0x08003644                CRS_IRQHandler
                0x08003644                DMA1_Channel5_IRQHandler
                0x08003644                EXTI4_IRQHandler
                0x08003644                TIM1_TRG_COM_TIM17_IRQHandler
                0x08003644                DMA1_Channel3_IRQHandler
                0x08003644                COMP_IRQHandler
                0x08003644                WWDG_IRQHandler
                0x08003644                I2C4_EV_IRQHandler
                0x08003644                LPUART1_IRQHandler
                0x08003644                DMA2_Channel6_IRQHandler
                0x08003644                TIM2_IRQHandler
                0x08003644                DMA2D_IRQHandler
                0x08003644                EXTI1_IRQHandler
                0x08003644                AES_IRQHandler
                0x08003644                USART2_IRQHandler
                0x08003644                DFSDM1_FLT0_IRQHandler
                0x08003644                I2C2_ER_IRQHandler
                0x08003644                DMA1_Channel2_IRQHandler
                0x08003644                TIM8_BRK_IRQHandler
                0x08003644                CAN1_SCE_IRQHandler
                0x08003644                FLASH_IRQHandler
                0x08003644                USART1_IRQHandler
                0x08003644                OTG_FS_IRQHandler
                0x08003644                SPI3_IRQHandler
                0x08003644                I2C1_ER_IRQHandler
                0x08003644                FMC_IRQHandler
                0x08003644                SWPMI1_IRQHandler
                0x08003644                LPTIM1_IRQHandler
                0x08003644                I2C4_ER_IRQHandler
                0x08003644                SAI1_IRQHandler
                0x08003644                DMA2_Channel3_IRQHandler
                0x08003644                TIM1_BRK_TIM15_IRQHandler
 *fill*         0x08003646        0x2 
 .text.HAL_InitTick
                0x08003648       0x4c ./Drivers/STM32L4xx_HAL_Driver/Src/stm32l4xx_hal.o
                0x08003648                HAL_InitTick
 .text.HAL_Init
                0x08003694       0x20 ./Drivers/STM32L4xx_HAL_Driver/Src/stm32l4xx_hal.o
                0x08003694                HAL_Init
 .text.HAL_IncTick
                0x080036b4       0x18 ./Drivers/STM32L4xx_HAL_Driver/Src/stm32l4xx_hal.o
                0x080036b4                HAL_IncTick
 .text.HAL_GetTick
                0x080036cc        0xc ./Drivers/STM32L4xx_HAL_Driver/Src/stm32l4xx_hal.o
                0x080036cc                HAL_GetTick
 .text.HAL_Delay
                0x080036d8       0x24 ./Drivers/STM32L4xx_HAL_Driver/Src/stm32l4xx_hal.o
                0x080036d8                HAL_Delay
 .text.HAL_ADC_Init
                0x080036fc      0x1bc ./Drivers/STM32L4xx_HAL_Driver/Src/stm32l4xx_hal_adc.o
                0x080036fc                HAL_ADC_Init
 .text.ADC_DMAHalfConvCplt
                0x080038b8        0xc ./Drivers/STM32L4xx_HAL_Driver/Src/stm32l4xx_hal_adc.o
                0x080038b8                ADC_DMAHalfConvCplt
 .text.HAL_ADC_ErrorCallback
                0x080038c4        0x4 ./Drivers/STM32L4xx_HAL_Driver/Src/stm32l4xx_hal_adc.o
                0x080038c4                HAL_ADC_ErrorCallback
 .text.ADC_DMAConvCplt
                0x080038c8       0x6c ./Drivers/STM32L4xx_HAL_Driver/Src/stm32l4xx_hal_adc.o
                0x080038c8                ADC_DMAConvCplt
 .text.ADC_DMAError
                0x08003934       0x1c ./Drivers/STM32L4xx_HAL_Driver/Src/stm32l4xx_hal_adc.o
                0x08003934                ADC_DMAError
 .text.HAL_ADC_ConfigChannel
                0x08003950      0x4b4 ./Drivers/STM32L4xx_HAL_Driver/Src/stm32l4xx_hal_adc.o
                0x08003950                HAL_ADC_ConfigChannel
 .text.ADC_ConversionStop
                0x08003e04      0x100 ./Drivers/STM32L4xx_HAL_Driver/Src/stm32l4xx_hal_adc.o
                0x08003e04                ADC_ConversionStop
 .text.ADC_Enable
                0x08003f04       0xc8 ./Drivers/STM32L4xx_HAL_Driver/Src/stm32l4xx_hal_adc.o
                0x08003f04                ADC_Enable
 .text.HAL_ADC_Start_DMA
                0x08003fcc       0xf8 ./Drivers/STM32L4xx_HAL_Driver/Src/stm32l4xx_hal_adc.o
                0x08003fcc                HAL_ADC_Start_DMA
 .text.ADC_Disable
                0x080040c4       0x74 ./Drivers/STM32L4xx_HAL_Driver/Src/stm32l4xx_hal_adc.o
                0x080040c4                ADC_Disable
 .text.HAL_ADC_Stop_DMA
                0x08004138       0x90 ./Drivers/STM32L4xx_HAL_Driver/Src/stm32l4xx_hal_adc.o
                0x08004138                HAL_ADC_Stop_DMA
 .text.HAL_ADCEx_Calibration_Start
                0x080041c8       0x98 ./Drivers/STM32L4xx_HAL_Driver/Src/stm32l4xx_hal_adc_ex.o
                0x080041c8                HAL_ADCEx_Calibration_Start
 .text.HAL_ADCEx_MultiModeConfigChannel
                0x08004260       0xdc ./Drivers/STM32L4xx_HAL_Driver/Src/stm32l4xx_hal_adc_ex.o
                0x08004260                HAL_ADCEx_MultiModeConfigChannel
 .text.HAL_NVIC_SetPriorityGrouping
                0x0800433c       0x24 ./Drivers/STM32L4xx_HAL_Driver/Src/stm32l4xx_hal_cortex.o
                0x0800433c                HAL_NVIC_SetPriorityGrouping
 .text.HAL_NVIC_SetPriority
                0x08004360       0x78 ./Drivers/STM32L4xx_HAL_Driver/Src/stm32l4xx_hal_cortex.o
                0x08004360                HAL_NVIC_SetPriority
 .text.HAL_NVIC_EnableIRQ
                0x080043d8       0x1c ./Drivers/STM32L4xx_HAL_Driver/Src/stm32l4xx_hal_cortex.o
                0x080043d8                HAL_NVIC_EnableIRQ
 .text.HAL_SYSTICK_Config
                0x080043f4       0x34 ./Drivers/STM32L4xx_HAL_Driver/Src/stm32l4xx_hal_cortex.o
                0x080043f4                HAL_SYSTICK_Config
 .text.HAL_DMA_Init
                0x08004428       0xd8 ./Drivers/STM32L4xx_HAL_Driver/Src/stm32l4xx_hal_dma.o
                0x08004428                HAL_DMA_Init
 .text.HAL_DMA_Start_IT
                0x08004500       0x88 ./Drivers/STM32L4xx_HAL_Driver/Src/stm32l4xx_hal_dma.o
                0x08004500                HAL_DMA_Start_IT
 .text.HAL_DMA_Abort
                0x08004588       0x4c ./Drivers/STM32L4xx_HAL_Driver/Src/stm32l4xx_hal_dma.o
                0x08004588                HAL_DMA_Abort
 .text.HAL_DMA_IRQHandler
                0x080045d4       0x9c ./Drivers/STM32L4xx_HAL_Driver/Src/stm32l4xx_hal_dma.o
                0x080045d4                HAL_DMA_IRQHandler
 .text.HAL_GPIO_Init
                0x08004670      0x248 ./Drivers/STM32L4xx_HAL_Driver/Src/stm32l4xx_hal_gpio.o
                0x08004670                HAL_GPIO_Init
 .text.HAL_GPIO_WritePin
                0x080048b8        0xc ./Drivers/STM32L4xx_HAL_Driver/Src/stm32l4xx_hal_gpio.o
                0x080048b8                HAL_GPIO_WritePin
 .text.HAL_GPIO_EXTI_IRQHandler
                0x080048c4       0x18 ./Drivers/STM32L4xx_HAL_Driver/Src/stm32l4xx_hal_gpio.o
                0x080048c4                HAL_GPIO_EXTI_IRQHandler
 .text.HAL_PWREx_GetVoltageRange
                0x080048dc       0x10 ./Drivers/STM32L4xx_HAL_Driver/Src/stm32l4xx_hal_pwr_ex.o
                0x080048dc                HAL_PWREx_GetVoltageRange
 .text.HAL_PWREx_ControlVoltageScaling
                0x080048ec       0x80 ./Drivers/STM32L4xx_HAL_Driver/Src/stm32l4xx_hal_pwr_ex.o
                0x080048ec                HAL_PWREx_ControlVoltageScaling
 .text.HAL_PWREx_EnableVddIO2
                0x0800496c       0x10 ./Drivers/STM32L4xx_HAL_Driver/Src/stm32l4xx_hal_pwr_ex.o
                0x0800496c                HAL_PWREx_EnableVddIO2
 .text.RCC_SetFlashLatencyFromMSIRange
                0x0800497c       0x8c ./Drivers/STM32L4xx_HAL_Driver/Src/stm32l4xx_hal_rcc.o
 .text.HAL_RCC_GetSysClockFreq
                0x08004a08       0xb4 ./Drivers/STM32L4xx_HAL_Driver/Src/stm32l4xx_hal_rcc.o
                0x08004a08                HAL_RCC_GetSysClockFreq
 .text.HAL_RCC_OscConfig
                0x08004abc      0x618 ./Drivers/STM32L4xx_HAL_Driver/Src/stm32l4xx_hal_rcc.o
                0x08004abc                HAL_RCC_OscConfig
 .text.HAL_RCC_ClockConfig
                0x080050d4      0x16c ./Drivers/STM32L4xx_HAL_Driver/Src/stm32l4xx_hal_rcc.o
                0x080050d4                HAL_RCC_ClockConfig
 .text.HAL_RCC_GetHCLKFreq
                0x08005240        0xc ./Drivers/STM32L4xx_HAL_Driver/Src/stm32l4xx_hal_rcc.o
                0x08005240                HAL_RCC_GetHCLKFreq
 .text.HAL_RCC_GetPCLK1Freq
                0x0800524c       0x24 ./Drivers/STM32L4xx_HAL_Driver/Src/stm32l4xx_hal_rcc.o
                0x0800524c                HAL_RCC_GetPCLK1Freq
 .text.HAL_RCC_GetPCLK2Freq
                0x08005270       0x24 ./Drivers/STM32L4xx_HAL_Driver/Src/stm32l4xx_hal_rcc.o
                0x08005270                HAL_RCC_GetPCLK2Freq
 .text.RCCEx_PLLSAI1_Config
                0x08005294      0x11c ./Drivers/STM32L4xx_HAL_Driver/Src/stm32l4xx_hal_rcc_ex.o
 .text.RCCEx_PLLSAI2_Config
                0x080053b0      0x100 ./Drivers/STM32L4xx_HAL_Driver/Src/stm32l4xx_hal_rcc_ex.o
 .text.HAL_RCCEx_PeriphCLKConfig
                0x080054b0      0x464 ./Drivers/STM32L4xx_HAL_Driver/Src/stm32l4xx_hal_rcc_ex.o
                0x080054b0                HAL_RCCEx_PeriphCLKConfig
 .text.SPI_WaitFifoStateUntilTimeout.constprop.0
                0x08005914       0xec ./Drivers/STM32L4xx_HAL_Driver/Src/stm32l4xx_hal_spi.o
 .text.SPI_EndRxTxTransaction
                0x08005a00      0x144 ./Drivers/STM32L4xx_HAL_Driver/Src/stm32l4xx_hal_spi.o
 .text.HAL_SPI_Init
                0x08005b44       0xf8 ./Drivers/STM32L4xx_HAL_Driver/Src/stm32l4xx_hal_spi.o
                0x08005b44                HAL_SPI_Init
 .text.HAL_SPI_TransmitReceive
                0x08005c3c      0x318 ./Drivers/STM32L4xx_HAL_Driver/Src/stm32l4xx_hal_spi.o
                0x08005c3c                HAL_SPI_TransmitReceive
 .text.HAL_TIM_Base_Init
                0x08005f54      0x12c ./Drivers/STM32L4xx_HAL_Driver/Src/stm32l4xx_hal_tim.o
                0x08005f54                HAL_TIM_Base_Init
 .text.HAL_TIM_Base_Start
                0x08006080       0x70 ./Drivers/STM32L4xx_HAL_Driver/Src/stm32l4xx_hal_tim.o
                0x08006080                HAL_TIM_Base_Start
 .text.HAL_TIM_ConfigClockSource
                0x080060f0      0x154 ./Drivers/STM32L4xx_HAL_Driver/Src/stm32l4xx_hal_tim.o
                0x080060f0                HAL_TIM_ConfigClockSource
 .text.HAL_TIM_PeriodElapsedCallback
                0x08006244        0x4 ./Drivers/STM32L4xx_HAL_Driver/Src/stm32l4xx_hal_tim.o
                0x08006244                HAL_TIM_PeriodElapsedCallback
 .text.HAL_TIM_OC_DelayElapsedCallback
                0x08006248        0x4 ./Drivers/STM32L4xx_HAL_Driver/Src/stm32l4xx_hal_tim.o
                0x08006248                HAL_TIM_OC_DelayElapsedCallback
 .text.HAL_TIM_IC_CaptureCallback
                0x0800624c        0x4 ./Drivers/STM32L4xx_HAL_Driver/Src/stm32l4xx_hal_tim.o
                0x0800624c                HAL_TIM_IC_CaptureCallback
 .text.HAL_TIM_PWM_PulseFinishedCallback
                0x08006250        0x4 ./Drivers/STM32L4xx_HAL_Driver/Src/stm32l4xx_hal_tim.o
                0x08006250                HAL_TIM_PWM_PulseFinishedCallback
 .text.HAL_TIM_TriggerCallback
                0x08006254        0x4 ./Drivers/STM32L4xx_HAL_Driver/Src/stm32l4xx_hal_tim.o
                0x08006254                HAL_TIM_TriggerCallback
 .text.HAL_TIM_IRQHandler
                0x08006258      0x158 ./Drivers/STM32L4xx_HAL_Driver/Src/stm32l4xx_hal_tim.o
                0x08006258                HAL_TIM_IRQHandler
 .text.HAL_TIMEx_MasterConfigSynchronization
                0x080063b0       0xa0 ./Drivers/STM32L4xx_HAL_Driver/Src/stm32l4xx_hal_tim_ex.o
                0x080063b0                HAL_TIMEx_MasterConfigSynchronization
 .text.HAL_TIMEx_CommutCallback
                0x08006450        0x4 ./Drivers/STM32L4xx_HAL_Driver/Src/stm32l4xx_hal_tim_ex.o
                0x08006450                HAL_TIMEx_CommutCallback
 .text.HAL_TIMEx_BreakCallback
                0x08006454        0x4 ./Drivers/STM32L4xx_HAL_Driver/Src/stm32l4xx_hal_tim_ex.o
                0x08006454                HAL_TIMEx_BreakCallback
 .text.HAL_TIMEx_Break2Callback
                0x08006458        0x4 ./Drivers/STM32L4xx_HAL_Driver/Src/stm32l4xx_hal_tim_ex.o
                0x08006458                HAL_TIMEx_Break2Callback
 .text.HAL_UART_Transmit
                0x0800645c       0xe0 ./Drivers/STM32L4xx_HAL_Driver/Src/stm32l4xx_hal_uart.o
                0x0800645c                HAL_UART_Transmit
 .text.HAL_UART_Receive
                0x0800653c      0x1d8 ./Drivers/STM32L4xx_HAL_Driver/Src/stm32l4xx_hal_uart.o
                0x0800653c                HAL_UART_Receive
 .text.UART_SetConfig
                0x08006714      0x248 ./Drivers/STM32L4xx_HAL_Driver/Src/stm32l4xx_hal_uart.o
                0x08006714                UART_SetConfig
 .text.UART_AdvFeatureConfig
                0x0800695c       0xb0 ./Drivers/STM32L4xx_HAL_Driver/Src/stm32l4xx_hal_uart.o
                0x0800695c                UART_AdvFeatureConfig
 .text.UART_CheckIdleState
                0x08006a0c      0x250 ./Drivers/STM32L4xx_HAL_Driver/Src/stm32l4xx_hal_uart.o
                0x08006a0c                UART_CheckIdleState
 .text.HAL_UART_Init
                0x08006c5c       0x64 ./Drivers/STM32L4xx_HAL_Driver/Src/stm32l4xx_hal_uart.o
                0x08006c5c                HAL_UART_Init
 .text.arm_split_rfft_q15
                0x08006cc0      0x10c C:\Dev\GIT\LELEC210X_GROUP_E\mcu\optimization_main_app\ARM_CMSIS\CMSIS\DSP\Lib\GCC\libarm_cortexM4lf_math.a(arm_rfft_q15.o)
                0x08006cc0                arm_split_rfft_q15
 .text.arm_rfft_q15
                0x08006dcc       0xf8 C:\Dev\GIT\LELEC210X_GROUP_E\mcu\optimization_main_app\ARM_CMSIS\CMSIS\DSP\Lib\GCC\libarm_cortexM4lf_math.a(arm_rfft_q15.o)
                0x08006dcc                arm_rfft_q15
 .text.arm_rfft_init_q15
                0x08006ec4       0xf8 C:\Dev\GIT\LELEC210X_GROUP_E\mcu\optimization_main_app\ARM_CMSIS\CMSIS\DSP\Lib\GCC\libarm_cortexM4lf_math.a(arm_rfft_init_q15.o)
                0x08006ec4                arm_rfft_init_q15
 .text.arm_cmplx_mag_q15
                0x08006fbc       0x88 C:\Dev\GIT\LELEC210X_GROUP_E\mcu\optimization_main_app\ARM_CMSIS\CMSIS\DSP\Lib\GCC\libarm_cortexM4lf_math.a(arm_cmplx_mag_q15.o)
                0x08006fbc                arm_cmplx_mag_q15
 .text.arm_sqrt_q15
                0x08007044       0xcc C:\Dev\GIT\LELEC210X_GROUP_E\mcu\optimization_main_app\ARM_CMSIS\CMSIS\DSP\Lib\GCC\libarm_cortexM4lf_math.a(arm_sqrt_q15.o)
                0x08007044                arm_sqrt_q15
 .text.arm_shift_q15
                0x08007110      0x124 C:\Dev\GIT\LELEC210X_GROUP_E\mcu\optimization_main_app\ARM_CMSIS\CMSIS\DSP\Lib\GCC\libarm_cortexM4lf_math.a(arm_shift_q15.o)
                0x08007110                arm_shift_q15
 .text.arm_mult_q15
                0x08007234       0xbc C:\Dev\GIT\LELEC210X_GROUP_E\mcu\optimization_main_app\ARM_CMSIS\CMSIS\DSP\Lib\GCC\libarm_cortexM4lf_math.a(arm_mult_q15.o)
                0x08007234                arm_mult_q15
 .text.arm_dot_prod_q15
                0x080072f0       0x80 C:\Dev\GIT\LELEC210X_GROUP_E\mcu\optimization_main_app\ARM_CMSIS\CMSIS\DSP\Lib\GCC\libarm_cortexM4lf_math.a(arm_dot_prod_q15.o)
                0x080072f0                arm_dot_prod_q15
 .text.arm_cfft_radix4by2_q15
                0x08007370       0xbc C:\Dev\GIT\LELEC210X_GROUP_E\mcu\optimization_main_app\ARM_CMSIS\CMSIS\DSP\Lib\GCC\libarm_cortexM4lf_math.a(arm_cfft_q15.o)
                0x08007370                arm_cfft_radix4by2_q15
 .text.arm_cfft_radix4by2_inverse_q15
                0x0800742c       0xbc C:\Dev\GIT\LELEC210X_GROUP_E\mcu\optimization_main_app\ARM_CMSIS\CMSIS\DSP\Lib\GCC\libarm_cortexM4lf_math.a(arm_cfft_q15.o)
                0x0800742c                arm_cfft_radix4by2_inverse_q15
 .text.arm_cfft_q15
                0x080074e8       0xbc C:\Dev\GIT\LELEC210X_GROUP_E\mcu\optimization_main_app\ARM_CMSIS\CMSIS\DSP\Lib\GCC\libarm_cortexM4lf_math.a(arm_cfft_q15.o)
                0x080074e8                arm_cfft_q15
 .text.arm_radix4_butterfly_q15
                0x080075a4      0x354 C:\Dev\GIT\LELEC210X_GROUP_E\mcu\optimization_main_app\ARM_CMSIS\CMSIS\DSP\Lib\GCC\libarm_cortexM4lf_math.a(arm_cfft_radix4_q15.o)
                0x080075a4                arm_radix4_butterfly_q15
 .text.arm_radix4_butterfly_inverse_q15
                0x080078f8      0x354 C:\Dev\GIT\LELEC210X_GROUP_E\mcu\optimization_main_app\ARM_CMSIS\CMSIS\DSP\Lib\GCC\libarm_cortexM4lf_math.a(arm_cfft_radix4_q15.o)
                0x080078f8                arm_radix4_butterfly_inverse_q15
 .text.arm_bitreversal_16
                0x08007c4c       0x44 C:\Dev\GIT\LELEC210X_GROUP_E\mcu\optimization_main_app\ARM_CMSIS\CMSIS\DSP\Lib\GCC\libarm_cortexM4lf_math.a(arm_bitreversal2.o)
                0x08007c4c                arm_bitreversal_16
 .text.std      0x08007c90       0x6c C:/ST/STM32CubeIDE_1.16.1/STM32CubeIDE/plugins/com.st.stm32cube.ide.mcu.externaltools.gnu-tools-for-stm32.12.3.rel1.win32_1.0.200.202406191623/tools/bin/../lib/gcc/arm-none-eabi/12.3.1/../../../../arm-none-eabi/lib/thumb/v7e-m+fp/hard\libc_nano.a(libc_a-findfp.o)
 .text.stdio_exit_handler
                0x08007cfc       0x18 C:/ST/STM32CubeIDE_1.16.1/STM32CubeIDE/plugins/com.st.stm32cube.ide.mcu.externaltools.gnu-tools-for-stm32.12.3.rel1.win32_1.0.200.202406191623/tools/bin/../lib/gcc/arm-none-eabi/12.3.1/../../../../arm-none-eabi/lib/thumb/v7e-m+fp/hard\libc_nano.a(libc_a-findfp.o)
 .text.cleanup_stdio
                0x08007d14       0x40 C:/ST/STM32CubeIDE_1.16.1/STM32CubeIDE/plugins/com.st.stm32cube.ide.mcu.externaltools.gnu-tools-for-stm32.12.3.rel1.win32_1.0.200.202406191623/tools/bin/../lib/gcc/arm-none-eabi/12.3.1/../../../../arm-none-eabi/lib/thumb/v7e-m+fp/hard\libc_nano.a(libc_a-findfp.o)
 .text.global_stdio_init.part.0
                0x08007d54       0x3c C:/ST/STM32CubeIDE_1.16.1/STM32CubeIDE/plugins/com.st.stm32cube.ide.mcu.externaltools.gnu-tools-for-stm32.12.3.rel1.win32_1.0.200.202406191623/tools/bin/../lib/gcc/arm-none-eabi/12.3.1/../../../../arm-none-eabi/lib/thumb/v7e-m+fp/hard\libc_nano.a(libc_a-findfp.o)
 .text.__sfp_lock_acquire
                0x08007d90        0xc C:/ST/STM32CubeIDE_1.16.1/STM32CubeIDE/plugins/com.st.stm32cube.ide.mcu.externaltools.gnu-tools-for-stm32.12.3.rel1.win32_1.0.200.202406191623/tools/bin/../lib/gcc/arm-none-eabi/12.3.1/../../../../arm-none-eabi/lib/thumb/v7e-m+fp/hard\libc_nano.a(libc_a-findfp.o)
                0x08007d90                __sfp_lock_acquire
 .text.__sfp_lock_release
                0x08007d9c        0xc C:/ST/STM32CubeIDE_1.16.1/STM32CubeIDE/plugins/com.st.stm32cube.ide.mcu.externaltools.gnu-tools-for-stm32.12.3.rel1.win32_1.0.200.202406191623/tools/bin/../lib/gcc/arm-none-eabi/12.3.1/../../../../arm-none-eabi/lib/thumb/v7e-m+fp/hard\libc_nano.a(libc_a-findfp.o)
                0x08007d9c                __sfp_lock_release
 .text.__sinit  0x08007da8       0x30 C:/ST/STM32CubeIDE_1.16.1/STM32CubeIDE/plugins/com.st.stm32cube.ide.mcu.externaltools.gnu-tools-for-stm32.12.3.rel1.win32_1.0.200.202406191623/tools/bin/../lib/gcc/arm-none-eabi/12.3.1/../../../../arm-none-eabi/lib/thumb/v7e-m+fp/hard\libc_nano.a(libc_a-findfp.o)
                0x08007da8                __sinit
 .text._fwalk_sglue
                0x08007dd8       0x3c C:/ST/STM32CubeIDE_1.16.1/STM32CubeIDE/plugins/com.st.stm32cube.ide.mcu.externaltools.gnu-tools-for-stm32.12.3.rel1.win32_1.0.200.202406191623/tools/bin/../lib/gcc/arm-none-eabi/12.3.1/../../../../arm-none-eabi/lib/thumb/v7e-m+fp/hard\libc_nano.a(libc_a-fwalk.o)
                0x08007dd8                _fwalk_sglue
 .text.printf   0x08007e14       0x24 C:/ST/STM32CubeIDE_1.16.1/STM32CubeIDE/plugins/com.st.stm32cube.ide.mcu.externaltools.gnu-tools-for-stm32.12.3.rel1.win32_1.0.200.202406191623/tools/bin/../lib/gcc/arm-none-eabi/12.3.1/../../../../arm-none-eabi/lib/thumb/v7e-m+fp/hard\libc_nano.a(libc_a-printf.o)
                0x08007e14                iprintf
                0x08007e14                printf
 .text._puts_r  0x08007e38       0xaa C:/ST/STM32CubeIDE_1.16.1/STM32CubeIDE/plugins/com.st.stm32cube.ide.mcu.externaltools.gnu-tools-for-stm32.12.3.rel1.win32_1.0.200.202406191623/tools/bin/../lib/gcc/arm-none-eabi/12.3.1/../../../../arm-none-eabi/lib/thumb/v7e-m+fp/hard\libc_nano.a(libc_a-puts.o)
                0x08007e38                _puts_r
 *fill*         0x08007ee2        0x2 
 .text.puts     0x08007ee4       0x10 C:/ST/STM32CubeIDE_1.16.1/STM32CubeIDE/plugins/com.st.stm32cube.ide.mcu.externaltools.gnu-tools-for-stm32.12.3.rel1.win32_1.0.200.202406191623/tools/bin/../lib/gcc/arm-none-eabi/12.3.1/../../../../arm-none-eabi/lib/thumb/v7e-m+fp/hard\libc_nano.a(libc_a-puts.o)
                0x08007ee4                puts
 .text.setvbuf  0x08007ef4      0x168 C:/ST/STM32CubeIDE_1.16.1/STM32CubeIDE/plugins/com.st.stm32cube.ide.mcu.externaltools.gnu-tools-for-stm32.12.3.rel1.win32_1.0.200.202406191623/tools/bin/../lib/gcc/arm-none-eabi/12.3.1/../../../../arm-none-eabi/lib/thumb/v7e-m+fp/hard\libc_nano.a(libc_a-setvbuf.o)
                0x08007ef4                setvbuf
 .text.__sread  0x0800805c       0x22 C:/ST/STM32CubeIDE_1.16.1/STM32CubeIDE/plugins/com.st.stm32cube.ide.mcu.externaltools.gnu-tools-for-stm32.12.3.rel1.win32_1.0.200.202406191623/tools/bin/../lib/gcc/arm-none-eabi/12.3.1/../../../../arm-none-eabi/lib/thumb/v7e-m+fp/hard\libc_nano.a(libc_a-stdio.o)
                0x0800805c                __sread
 .text.__swrite
                0x0800807e       0x38 C:/ST/STM32CubeIDE_1.16.1/STM32CubeIDE/plugins/com.st.stm32cube.ide.mcu.externaltools.gnu-tools-for-stm32.12.3.rel1.win32_1.0.200.202406191623/tools/bin/../lib/gcc/arm-none-eabi/12.3.1/../../../../arm-none-eabi/lib/thumb/v7e-m+fp/hard\libc_nano.a(libc_a-stdio.o)
                0x0800807e                __swrite
 .text.__sseek  0x080080b6       0x24 C:/ST/STM32CubeIDE_1.16.1/STM32CubeIDE/plugins/com.st.stm32cube.ide.mcu.externaltools.gnu-tools-for-stm32.12.3.rel1.win32_1.0.200.202406191623/tools/bin/../lib/gcc/arm-none-eabi/12.3.1/../../../../arm-none-eabi/lib/thumb/v7e-m+fp/hard\libc_nano.a(libc_a-stdio.o)
                0x080080b6                __sseek
 .text.__sclose
                0x080080da        0x8 C:/ST/STM32CubeIDE_1.16.1/STM32CubeIDE/plugins/com.st.stm32cube.ide.mcu.externaltools.gnu-tools-for-stm32.12.3.rel1.win32_1.0.200.202406191623/tools/bin/../lib/gcc/arm-none-eabi/12.3.1/../../../../arm-none-eabi/lib/thumb/v7e-m+fp/hard\libc_nano.a(libc_a-stdio.o)
                0x080080da                __sclose
 .text.__swbuf_r
                0x080080e2       0x7c C:/ST/STM32CubeIDE_1.16.1/STM32CubeIDE/plugins/com.st.stm32cube.ide.mcu.externaltools.gnu-tools-for-stm32.12.3.rel1.win32_1.0.200.202406191623/tools/bin/../lib/gcc/arm-none-eabi/12.3.1/../../../../arm-none-eabi/lib/thumb/v7e-m+fp/hard\libc_nano.a(libc_a-wbuf.o)
                0x080080e2                __swbuf_r
 *fill*         0x0800815e        0x2 
 .text.__swsetup_r
                0x08008160       0xac C:/ST/STM32CubeIDE_1.16.1/STM32CubeIDE/plugins/com.st.stm32cube.ide.mcu.externaltools.gnu-tools-for-stm32.12.3.rel1.win32_1.0.200.202406191623/tools/bin/../lib/gcc/arm-none-eabi/12.3.1/../../../../arm-none-eabi/lib/thumb/v7e-m+fp/hard\libc_nano.a(libc_a-wsetup.o)
                0x08008160                __swsetup_r
 .text.memset   0x0800820c       0x10 C:/ST/STM32CubeIDE_1.16.1/STM32CubeIDE/plugins/com.st.stm32cube.ide.mcu.externaltools.gnu-tools-for-stm32.12.3.rel1.win32_1.0.200.202406191623/tools/bin/../lib/gcc/arm-none-eabi/12.3.1/../../../../arm-none-eabi/lib/thumb/v7e-m+fp/hard\libc_nano.a(libc_a-memset.o)
                0x0800820c                memset
 .text._close_r
                0x0800821c       0x20 C:/ST/STM32CubeIDE_1.16.1/STM32CubeIDE/plugins/com.st.stm32cube.ide.mcu.externaltools.gnu-tools-for-stm32.12.3.rel1.win32_1.0.200.202406191623/tools/bin/../lib/gcc/arm-none-eabi/12.3.1/../../../../arm-none-eabi/lib/thumb/v7e-m+fp/hard\libc_nano.a(libc_a-closer.o)
                0x0800821c                _close_r
 .text._lseek_r
                0x0800823c       0x24 C:/ST/STM32CubeIDE_1.16.1/STM32CubeIDE/plugins/com.st.stm32cube.ide.mcu.externaltools.gnu-tools-for-stm32.12.3.rel1.win32_1.0.200.202406191623/tools/bin/../lib/gcc/arm-none-eabi/12.3.1/../../../../arm-none-eabi/lib/thumb/v7e-m+fp/hard\libc_nano.a(libc_a-lseekr.o)
                0x0800823c                _lseek_r
 .text._read_r  0x08008260       0x24 C:/ST/STM32CubeIDE_1.16.1/STM32CubeIDE/plugins/com.st.stm32cube.ide.mcu.externaltools.gnu-tools-for-stm32.12.3.rel1.win32_1.0.200.202406191623/tools/bin/../lib/gcc/arm-none-eabi/12.3.1/../../../../arm-none-eabi/lib/thumb/v7e-m+fp/hard\libc_nano.a(libc_a-readr.o)
                0x08008260                _read_r
 .text._write_r
                0x08008284       0x24 C:/ST/STM32CubeIDE_1.16.1/STM32CubeIDE/plugins/com.st.stm32cube.ide.mcu.externaltools.gnu-tools-for-stm32.12.3.rel1.win32_1.0.200.202406191623/tools/bin/../lib/gcc/arm-none-eabi/12.3.1/../../../../arm-none-eabi/lib/thumb/v7e-m+fp/hard\libc_nano.a(libc_a-writer.o)
                0x08008284                _write_r
 .text.__errno  0x080082a8        0xc C:/ST/STM32CubeIDE_1.16.1/STM32CubeIDE/plugins/com.st.stm32cube.ide.mcu.externaltools.gnu-tools-for-stm32.12.3.rel1.win32_1.0.200.202406191623/tools/bin/../lib/gcc/arm-none-eabi/12.3.1/../../../../arm-none-eabi/lib/thumb/v7e-m+fp/hard\libc_nano.a(libc_a-errno.o)
                0x080082a8                __errno
 .text.__libc_init_array
                0x080082b4       0x48 C:/ST/STM32CubeIDE_1.16.1/STM32CubeIDE/plugins/com.st.stm32cube.ide.mcu.externaltools.gnu-tools-for-stm32.12.3.rel1.win32_1.0.200.202406191623/tools/bin/../lib/gcc/arm-none-eabi/12.3.1/../../../../arm-none-eabi/lib/thumb/v7e-m+fp/hard\libc_nano.a(libc_a-init.o)
                0x080082b4                __libc_init_array
 .text.__retarget_lock_init_recursive
                0x080082fc        0x2 C:/ST/STM32CubeIDE_1.16.1/STM32CubeIDE/plugins/com.st.stm32cube.ide.mcu.externaltools.gnu-tools-for-stm32.12.3.rel1.win32_1.0.200.202406191623/tools/bin/../lib/gcc/arm-none-eabi/12.3.1/../../../../arm-none-eabi/lib/thumb/v7e-m+fp/hard\libc_nano.a(libc_a-lock.o)
                0x080082fc                __retarget_lock_init_recursive
 .text.__retarget_lock_acquire_recursive
                0x080082fe        0x2 C:/ST/STM32CubeIDE_1.16.1/STM32CubeIDE/plugins/com.st.stm32cube.ide.mcu.externaltools.gnu-tools-for-stm32.12.3.rel1.win32_1.0.200.202406191623/tools/bin/../lib/gcc/arm-none-eabi/12.3.1/../../../../arm-none-eabi/lib/thumb/v7e-m+fp/hard\libc_nano.a(libc_a-lock.o)
                0x080082fe                __retarget_lock_acquire_recursive
 .text.__retarget_lock_release_recursive
                0x08008300        0x2 C:/ST/STM32CubeIDE_1.16.1/STM32CubeIDE/plugins/com.st.stm32cube.ide.mcu.externaltools.gnu-tools-for-stm32.12.3.rel1.win32_1.0.200.202406191623/tools/bin/../lib/gcc/arm-none-eabi/12.3.1/../../../../arm-none-eabi/lib/thumb/v7e-m+fp/hard\libc_nano.a(libc_a-lock.o)
                0x08008300                __retarget_lock_release_recursive
 .text.memcpy   0x08008302       0x1c C:/ST/STM32CubeIDE_1.16.1/STM32CubeIDE/plugins/com.st.stm32cube.ide.mcu.externaltools.gnu-tools-for-stm32.12.3.rel1.win32_1.0.200.202406191623/tools/bin/../lib/gcc/arm-none-eabi/12.3.1/../../../../arm-none-eabi/lib/thumb/v7e-m+fp/hard\libc_nano.a(libc_a-memcpy-stub.o)
                0x08008302                memcpy
 *fill*         0x0800831e        0x2 
 .text._free_r  0x08008320       0x94 C:/ST/STM32CubeIDE_1.16.1/STM32CubeIDE/plugins/com.st.stm32cube.ide.mcu.externaltools.gnu-tools-for-stm32.12.3.rel1.win32_1.0.200.202406191623/tools/bin/../lib/gcc/arm-none-eabi/12.3.1/../../../../arm-none-eabi/lib/thumb/v7e-m+fp/hard\libc_nano.a(libc_a-freer.o)
                0x08008320                _free_r
 .text.malloc   0x080083b4       0x10 C:/ST/STM32CubeIDE_1.16.1/STM32CubeIDE/plugins/com.st.stm32cube.ide.mcu.externaltools.gnu-tools-for-stm32.12.3.rel1.win32_1.0.200.202406191623/tools/bin/../lib/gcc/arm-none-eabi/12.3.1/../../../../arm-none-eabi/lib/thumb/v7e-m+fp/hard\libc_nano.a(libc_a-malloc.o)
                0x080083b4                malloc
 .text.sbrk_aligned
                0x080083c4       0x44 C:/ST/STM32CubeIDE_1.16.1/STM32CubeIDE/plugins/com.st.stm32cube.ide.mcu.externaltools.gnu-tools-for-stm32.12.3.rel1.win32_1.0.200.202406191623/tools/bin/../lib/gcc/arm-none-eabi/12.3.1/../../../../arm-none-eabi/lib/thumb/v7e-m+fp/hard\libc_nano.a(libc_a-mallocr.o)
 .text._malloc_r
                0x08008408      0x100 C:/ST/STM32CubeIDE_1.16.1/STM32CubeIDE/plugins/com.st.stm32cube.ide.mcu.externaltools.gnu-tools-for-stm32.12.3.rel1.win32_1.0.200.202406191623/tools/bin/../lib/gcc/arm-none-eabi/12.3.1/../../../../arm-none-eabi/lib/thumb/v7e-m+fp/hard\libc_nano.a(libc_a-mallocr.o)
                0x08008408                _malloc_r
 .text.__malloc_lock
                0x08008508        0xc C:/ST/STM32CubeIDE_1.16.1/STM32CubeIDE/plugins/com.st.stm32cube.ide.mcu.externaltools.gnu-tools-for-stm32.12.3.rel1.win32_1.0.200.202406191623/tools/bin/../lib/gcc/arm-none-eabi/12.3.1/../../../../arm-none-eabi/lib/thumb/v7e-m+fp/hard\libc_nano.a(libc_a-mlock.o)
                0x08008508                __malloc_lock
 .text.__malloc_unlock
                0x08008514        0xc C:/ST/STM32CubeIDE_1.16.1/STM32CubeIDE/plugins/com.st.stm32cube.ide.mcu.externaltools.gnu-tools-for-stm32.12.3.rel1.win32_1.0.200.202406191623/tools/bin/../lib/gcc/arm-none-eabi/12.3.1/../../../../arm-none-eabi/lib/thumb/v7e-m+fp/hard\libc_nano.a(libc_a-mlock.o)
                0x08008514                __malloc_unlock
 .text.__sfputc_r
                0x08008520       0x2e C:/ST/STM32CubeIDE_1.16.1/STM32CubeIDE/plugins/com.st.stm32cube.ide.mcu.externaltools.gnu-tools-for-stm32.12.3.rel1.win32_1.0.200.202406191623/tools/bin/../lib/gcc/arm-none-eabi/12.3.1/../../../../arm-none-eabi/lib/thumb/v7e-m+fp/hard\libc_nano.a(libc_a-nano-vfprintf.o)
 .text.__sfputs_r
                0x0800854e       0x24 C:/ST/STM32CubeIDE_1.16.1/STM32CubeIDE/plugins/com.st.stm32cube.ide.mcu.externaltools.gnu-tools-for-stm32.12.3.rel1.win32_1.0.200.202406191623/tools/bin/../lib/gcc/arm-none-eabi/12.3.1/../../../../arm-none-eabi/lib/thumb/v7e-m+fp/hard\libc_nano.a(libc_a-nano-vfprintf.o)
                0x0800854e                __sfputs_r
 *fill*         0x08008572        0x2 
 .text._vfprintf_r
                0x08008574      0x230 C:/ST/STM32CubeIDE_1.16.1/STM32CubeIDE/plugins/com.st.stm32cube.ide.mcu.externaltools.gnu-tools-for-stm32.12.3.rel1.win32_1.0.200.202406191623/tools/bin/../lib/gcc/arm-none-eabi/12.3.1/../../../../arm-none-eabi/lib/thumb/v7e-m+fp/hard\libc_nano.a(libc_a-nano-vfprintf.o)
                0x08008574                _vfprintf_r
                0x08008574                _vfiprintf_r
 .text._printf_common
                0x080087a4       0xda C:/ST/STM32CubeIDE_1.16.1/STM32CubeIDE/plugins/com.st.stm32cube.ide.mcu.externaltools.gnu-tools-for-stm32.12.3.rel1.win32_1.0.200.202406191623/tools/bin/../lib/gcc/arm-none-eabi/12.3.1/../../../../arm-none-eabi/lib/thumb/v7e-m+fp/hard\libc_nano.a(libc_a-nano-vfprintf_i.o)
                0x080087a4                _printf_common
 *fill*         0x0800887e        0x2 
 .text._printf_i
                0x08008880      0x240 C:/ST/STM32CubeIDE_1.16.1/STM32CubeIDE/plugins/com.st.stm32cube.ide.mcu.externaltools.gnu-tools-for-stm32.12.3.rel1.win32_1.0.200.202406191623/tools/bin/../lib/gcc/arm-none-eabi/12.3.1/../../../../arm-none-eabi/lib/thumb/v7e-m+fp/hard\libc_nano.a(libc_a-nano-vfprintf_i.o)
                0x08008880                _printf_i
 .text.__sflush_r
                0x08008ac0      0x108 C:/ST/STM32CubeIDE_1.16.1/STM32CubeIDE/plugins/com.st.stm32cube.ide.mcu.externaltools.gnu-tools-for-stm32.12.3.rel1.win32_1.0.200.202406191623/tools/bin/../lib/gcc/arm-none-eabi/12.3.1/../../../../arm-none-eabi/lib/thumb/v7e-m+fp/hard\libc_nano.a(libc_a-fflush.o)
                0x08008ac0                __sflush_r
 .text._fflush_r
                0x08008bc8       0x50 C:/ST/STM32CubeIDE_1.16.1/STM32CubeIDE/plugins/com.st.stm32cube.ide.mcu.externaltools.gnu-tools-for-stm32.12.3.rel1.win32_1.0.200.202406191623/tools/bin/../lib/gcc/arm-none-eabi/12.3.1/../../../../arm-none-eabi/lib/thumb/v7e-m+fp/hard\libc_nano.a(libc_a-fflush.o)
                0x08008bc8                _fflush_r
 .text.__swhatbuf_r
                0x08008c18       0x4c C:/ST/STM32CubeIDE_1.16.1/STM32CubeIDE/plugins/com.st.stm32cube.ide.mcu.externaltools.gnu-tools-for-stm32.12.3.rel1.win32_1.0.200.202406191623/tools/bin/../lib/gcc/arm-none-eabi/12.3.1/../../../../arm-none-eabi/lib/thumb/v7e-m+fp/hard\libc_nano.a(libc_a-makebuf.o)
                0x08008c18                __swhatbuf_r
 .text.__smakebuf_r
                0x08008c64       0x78 C:/ST/STM32CubeIDE_1.16.1/STM32CubeIDE/plugins/com.st.stm32cube.ide.mcu.externaltools.gnu-tools-for-stm32.12.3.rel1.win32_1.0.200.202406191623/tools/bin/../lib/gcc/arm-none-eabi/12.3.1/../../../../arm-none-eabi/lib/thumb/v7e-m+fp/hard\libc_nano.a(libc_a-makebuf.o)
                0x08008c64                __smakebuf_r
 .text._fstat_r
                0x08008cdc       0x24 C:/ST/STM32CubeIDE_1.16.1/STM32CubeIDE/plugins/com.st.stm32cube.ide.mcu.externaltools.gnu-tools-for-stm32.12.3.rel1.win32_1.0.200.202406191623/tools/bin/../lib/gcc/arm-none-eabi/12.3.1/../../../../arm-none-eabi/lib/thumb/v7e-m+fp/hard\libc_nano.a(libc_a-fstatr.o)
                0x08008cdc                _fstat_r
 .text._isatty_r
                0x08008d00       0x20 C:/ST/STM32CubeIDE_1.16.1/STM32CubeIDE/plugins/com.st.stm32cube.ide.mcu.externaltools.gnu-tools-for-stm32.12.3.rel1.win32_1.0.200.202406191623/tools/bin/../lib/gcc/arm-none-eabi/12.3.1/../../../../arm-none-eabi/lib/thumb/v7e-m+fp/hard\libc_nano.a(libc_a-isattyr.o)
                0x08008d00                _isatty_r
 .text._sbrk_r  0x08008d20       0x20 C:/ST/STM32CubeIDE_1.16.1/STM32CubeIDE/plugins/com.st.stm32cube.ide.mcu.externaltools.gnu-tools-for-stm32.12.3.rel1.win32_1.0.200.202406191623/tools/bin/../lib/gcc/arm-none-eabi/12.3.1/../../../../arm-none-eabi/lib/thumb/v7e-m+fp/hard\libc_nano.a(libc_a-sbrkr.o)
                0x08008d20                _sbrk_r
 *(.glue_7)
 .glue_7        0x08008d40        0x0 linker stubs
 *(.glue_7t)
 .glue_7t       0x08008d40        0x0 linker stubs
 *(.eh_frame)
 .eh_frame      0x08008d40        0x0 C:/ST/STM32CubeIDE_1.16.1/STM32CubeIDE/plugins/com.st.stm32cube.ide.mcu.externaltools.gnu-tools-for-stm32.12.3.rel1.win32_1.0.200.202406191623/tools/bin/../lib/gcc/arm-none-eabi/12.3.1/thumb/v7e-m+fp/hard/crtbegin.o
 *(.init)
 .init          0x08008d40        0x4 C:/ST/STM32CubeIDE_1.16.1/STM32CubeIDE/plugins/com.st.stm32cube.ide.mcu.externaltools.gnu-tools-for-stm32.12.3.rel1.win32_1.0.200.202406191623/tools/bin/../lib/gcc/arm-none-eabi/12.3.1/thumb/v7e-m+fp/hard/crti.o
                0x08008d40                _init
 .init          0x08008d44        0x8 C:/ST/STM32CubeIDE_1.16.1/STM32CubeIDE/plugins/com.st.stm32cube.ide.mcu.externaltools.gnu-tools-for-stm32.12.3.rel1.win32_1.0.200.202406191623/tools/bin/../lib/gcc/arm-none-eabi/12.3.1/thumb/v7e-m+fp/hard/crtn.o
 *(.fini)
 .fini          0x08008d4c        0x4 C:/ST/STM32CubeIDE_1.16.1/STM32CubeIDE/plugins/com.st.stm32cube.ide.mcu.externaltools.gnu-tools-for-stm32.12.3.rel1.win32_1.0.200.202406191623/tools/bin/../lib/gcc/arm-none-eabi/12.3.1/thumb/v7e-m+fp/hard/crti.o
                0x08008d4c                _fini
 .fini          0x08008d50        0x8 C:/ST/STM32CubeIDE_1.16.1/STM32CubeIDE/plugins/com.st.stm32cube.ide.mcu.externaltools.gnu-tools-for-stm32.12.3.rel1.win32_1.0.200.202406191623/tools/bin/../lib/gcc/arm-none-eabi/12.3.1/thumb/v7e-m+fp/hard/crtn.o
                0x08008d58                        . = ALIGN (0x4)
                0x08008d58                        _etext = .

.vfp11_veneer   0x08008d58        0x0
 .vfp11_veneer  0x08008d58        0x0 linker stubs

.v4_bx          0x08008d58        0x0
 .v4_bx         0x08008d58        0x0 linker stubs

.iplt           0x08008d58        0x0
 .iplt          0x08008d58        0x0 C:/ST/STM32CubeIDE_1.16.1/STM32CubeIDE/plugins/com.st.stm32cube.ide.mcu.externaltools.gnu-tools-for-stm32.12.3.rel1.win32_1.0.200.202406191623/tools/bin/../lib/gcc/arm-none-eabi/12.3.1/thumb/v7e-m+fp/hard/crtbegin.o

.rodata         0x08008d58    0x12d08
                0x08008d58                        . = ALIGN (0x4)
 *(.rodata)
 .rodata        0x08008d58      0x2a3 ./Core/Src/s2lp.o
 *(.rodata*)
 *fill*         0x08008ffb        0x1 
 .rodata.send_spectrogram.str1.4
                0x08008ffc       0x44 ./Core/Src/adc_dblbuf.o
 .rodata.HAL_ADC_ConvCpltCallback.str1.4
                0x08009040       0x1d ./Core/Src/adc_dblbuf.o
 *fill*         0x0800905d        0x3 
 .rodata.run.str1.4
                0x08009060       0x1e ./Core/Src/main.o
 *fill*         0x0800907e        0x2 
 .rodata.Error_Handler.str1.4
                0x08009080       0x18 ./Core/Src/main.o
 .rodata.main.str1.4
                0x08009098       0x8d ./Core/Src/main.o
 *fill*         0x08009125        0x3 
 .rodata.AES_Key
                0x08009128       0x10 ./Core/Src/packet.o
                0x08009128                AES_Key
 .rodata.mel_filter_apply.str1.4
                0x08009138       0x33 ./Core/Src/spectrogram.o
 *fill*         0x0800916b        0x1 
 .rodata.Spectrogram_Compute.str1.4
                0x0800916c       0x10 ./Core/Src/spectrogram.o
 .rodata.mel_triangles
                0x0800917c      0x9b0 ./Core/Src/spectrogram.o
 .rodata.MSIRangeTable
                0x08009b2c       0x30 ./Core/Src/system_stm32l4xx.o
                0x08009b2c                MSIRangeTable
 .rodata.APBPrescTable
                0x08009b5c        0x8 ./Core/Src/system_stm32l4xx.o
                0x08009b5c                APBPrescTable
 .rodata.AHBPrescTable
                0x08009b64       0x10 ./Core/Src/system_stm32l4xx.o
                0x08009b64                AHBPrescTable
 .rodata.start_cycle_count.str1.4
                0x08009b74       0x22 ./Core/Src/utils.o
 *fill*         0x08009b96        0x2 
 .rodata.stop_cycle_count.str1.4
                0x08009b98       0x17 ./Core/Src/utils.o
 *fill*         0x08009baf        0x1 
 .rodata.hex_encode.str1.4
                0x08009bb0       0x11 ./Core/Src/utils.o
 *fill*         0x08009bc1        0x3 
 .rodata.CSWTCH.108
                0x08009bc4       0x10 ./Drivers/STM32L4xx_HAL_Driver/Src/stm32l4xx_hal_adc.o
 .rodata.arm_cfft_sR_q15_len1024
                0x08009bd4       0x10 C:\Dev\GIT\LELEC210X_GROUP_E\mcu\optimization_main_app\ARM_CMSIS\CMSIS\DSP\Lib\GCC\libarm_cortexM4lf_math.a(arm_const_structs.o)
                0x08009bd4                arm_cfft_sR_q15_len1024
 .rodata.arm_cfft_sR_q15_len128
                0x08009be4       0x10 C:\Dev\GIT\LELEC210X_GROUP_E\mcu\optimization_main_app\ARM_CMSIS\CMSIS\DSP\Lib\GCC\libarm_cortexM4lf_math.a(arm_const_structs.o)
                0x08009be4                arm_cfft_sR_q15_len128
 .rodata.arm_cfft_sR_q15_len16
                0x08009bf4       0x10 C:\Dev\GIT\LELEC210X_GROUP_E\mcu\optimization_main_app\ARM_CMSIS\CMSIS\DSP\Lib\GCC\libarm_cortexM4lf_math.a(arm_const_structs.o)
                0x08009bf4                arm_cfft_sR_q15_len16
 .rodata.arm_cfft_sR_q15_len2048
                0x08009c04       0x10 C:\Dev\GIT\LELEC210X_GROUP_E\mcu\optimization_main_app\ARM_CMSIS\CMSIS\DSP\Lib\GCC\libarm_cortexM4lf_math.a(arm_const_structs.o)
                0x08009c04                arm_cfft_sR_q15_len2048
 .rodata.arm_cfft_sR_q15_len256
                0x08009c14       0x10 C:\Dev\GIT\LELEC210X_GROUP_E\mcu\optimization_main_app\ARM_CMSIS\CMSIS\DSP\Lib\GCC\libarm_cortexM4lf_math.a(arm_const_structs.o)
                0x08009c14                arm_cfft_sR_q15_len256
 .rodata.arm_cfft_sR_q15_len32
                0x08009c24       0x10 C:\Dev\GIT\LELEC210X_GROUP_E\mcu\optimization_main_app\ARM_CMSIS\CMSIS\DSP\Lib\GCC\libarm_cortexM4lf_math.a(arm_const_structs.o)
                0x08009c24                arm_cfft_sR_q15_len32
 .rodata.arm_cfft_sR_q15_len4096
                0x08009c34       0x10 C:\Dev\GIT\LELEC210X_GROUP_E\mcu\optimization_main_app\ARM_CMSIS\CMSIS\DSP\Lib\GCC\libarm_cortexM4lf_math.a(arm_const_structs.o)
                0x08009c34                arm_cfft_sR_q15_len4096
 .rodata.arm_cfft_sR_q15_len512
                0x08009c44       0x10 C:\Dev\GIT\LELEC210X_GROUP_E\mcu\optimization_main_app\ARM_CMSIS\CMSIS\DSP\Lib\GCC\libarm_cortexM4lf_math.a(arm_const_structs.o)
                0x08009c44                arm_cfft_sR_q15_len512
 .rodata.arm_cfft_sR_q15_len64
                0x08009c54       0x10 C:\Dev\GIT\LELEC210X_GROUP_E\mcu\optimization_main_app\ARM_CMSIS\CMSIS\DSP\Lib\GCC\libarm_cortexM4lf_math.a(arm_const_structs.o)
                0x08009c54                arm_cfft_sR_q15_len64
 .rodata.armBitRevIndexTable_fixed_1024
                0x08009c64      0x7c0 C:\Dev\GIT\LELEC210X_GROUP_E\mcu\optimization_main_app\ARM_CMSIS\CMSIS\DSP\Lib\GCC\libarm_cortexM4lf_math.a(arm_common_tables.o)
                0x08009c64                armBitRevIndexTable_fixed_1024
 .rodata.armBitRevIndexTable_fixed_128
                0x0800a424       0xe0 C:\Dev\GIT\LELEC210X_GROUP_E\mcu\optimization_main_app\ARM_CMSIS\CMSIS\DSP\Lib\GCC\libarm_cortexM4lf_math.a(arm_common_tables.o)
                0x0800a424                armBitRevIndexTable_fixed_128
 .rodata.armBitRevIndexTable_fixed_16
                0x0800a504       0x18 C:\Dev\GIT\LELEC210X_GROUP_E\mcu\optimization_main_app\ARM_CMSIS\CMSIS\DSP\Lib\GCC\libarm_cortexM4lf_math.a(arm_common_tables.o)
                0x0800a504                armBitRevIndexTable_fixed_16
 .rodata.armBitRevIndexTable_fixed_2048
                0x0800a51c      0xf80 C:\Dev\GIT\LELEC210X_GROUP_E\mcu\optimization_main_app\ARM_CMSIS\CMSIS\DSP\Lib\GCC\libarm_cortexM4lf_math.a(arm_common_tables.o)
                0x0800a51c                armBitRevIndexTable_fixed_2048
 .rodata.armBitRevIndexTable_fixed_256
                0x0800b49c      0x1e0 C:\Dev\GIT\LELEC210X_GROUP_E\mcu\optimization_main_app\ARM_CMSIS\CMSIS\DSP\Lib\GCC\libarm_cortexM4lf_math.a(arm_common_tables.o)
                0x0800b49c                armBitRevIndexTable_fixed_256
 .rodata.armBitRevIndexTable_fixed_32
                0x0800b67c       0x30 C:\Dev\GIT\LELEC210X_GROUP_E\mcu\optimization_main_app\ARM_CMSIS\CMSIS\DSP\Lib\GCC\libarm_cortexM4lf_math.a(arm_common_tables.o)
                0x0800b67c                armBitRevIndexTable_fixed_32
 .rodata.armBitRevIndexTable_fixed_4096
                0x0800b6ac     0x1f80 C:\Dev\GIT\LELEC210X_GROUP_E\mcu\optimization_main_app\ARM_CMSIS\CMSIS\DSP\Lib\GCC\libarm_cortexM4lf_math.a(arm_common_tables.o)
                0x0800b6ac                armBitRevIndexTable_fixed_4096
 .rodata.armBitRevIndexTable_fixed_512
                0x0800d62c      0x3c0 C:\Dev\GIT\LELEC210X_GROUP_E\mcu\optimization_main_app\ARM_CMSIS\CMSIS\DSP\Lib\GCC\libarm_cortexM4lf_math.a(arm_common_tables.o)
                0x0800d62c                armBitRevIndexTable_fixed_512
 .rodata.armBitRevIndexTable_fixed_64
                0x0800d9ec       0x70 C:\Dev\GIT\LELEC210X_GROUP_E\mcu\optimization_main_app\ARM_CMSIS\CMSIS\DSP\Lib\GCC\libarm_cortexM4lf_math.a(arm_common_tables.o)
                0x0800d9ec                armBitRevIndexTable_fixed_64
 .rodata.realCoefAQ15
                0x0800da5c     0x4000 C:\Dev\GIT\LELEC210X_GROUP_E\mcu\optimization_main_app\ARM_CMSIS\CMSIS\DSP\Lib\GCC\libarm_cortexM4lf_math.a(arm_common_tables.o)
                0x0800da5c                realCoefAQ15
 .rodata.realCoefBQ15
                0x08011a5c     0x4000 C:\Dev\GIT\LELEC210X_GROUP_E\mcu\optimization_main_app\ARM_CMSIS\CMSIS\DSP\Lib\GCC\libarm_cortexM4lf_math.a(arm_common_tables.o)
                0x08011a5c                realCoefBQ15
 .rodata.twiddleCoef_1024_q15
                0x08015a5c      0xc00 C:\Dev\GIT\LELEC210X_GROUP_E\mcu\optimization_main_app\ARM_CMSIS\CMSIS\DSP\Lib\GCC\libarm_cortexM4lf_math.a(arm_common_tables.o)
                0x08015a5c                twiddleCoef_1024_q15
 .rodata.twiddleCoef_128_q15
                0x0801665c      0x180 C:\Dev\GIT\LELEC210X_GROUP_E\mcu\optimization_main_app\ARM_CMSIS\CMSIS\DSP\Lib\GCC\libarm_cortexM4lf_math.a(arm_common_tables.o)
                0x0801665c                twiddleCoef_128_q15
 .rodata.twiddleCoef_16_q15
                0x080167dc       0x30 C:\Dev\GIT\LELEC210X_GROUP_E\mcu\optimization_main_app\ARM_CMSIS\CMSIS\DSP\Lib\GCC\libarm_cortexM4lf_math.a(arm_common_tables.o)
                0x080167dc                twiddleCoef_16_q15
 .rodata.twiddleCoef_2048_q15
                0x0801680c     0x1800 C:\Dev\GIT\LELEC210X_GROUP_E\mcu\optimization_main_app\ARM_CMSIS\CMSIS\DSP\Lib\GCC\libarm_cortexM4lf_math.a(arm_common_tables.o)
                0x0801680c                twiddleCoef_2048_q15
 .rodata.twiddleCoef_256_q15
                0x0801800c      0x300 C:\Dev\GIT\LELEC210X_GROUP_E\mcu\optimization_main_app\ARM_CMSIS\CMSIS\DSP\Lib\GCC\libarm_cortexM4lf_math.a(arm_common_tables.o)
                0x0801800c                twiddleCoef_256_q15
 .rodata.twiddleCoef_32_q15
                0x0801830c       0x60 C:\Dev\GIT\LELEC210X_GROUP_E\mcu\optimization_main_app\ARM_CMSIS\CMSIS\DSP\Lib\GCC\libarm_cortexM4lf_math.a(arm_common_tables.o)
                0x0801830c                twiddleCoef_32_q15
 .rodata.twiddleCoef_4096_q15
                0x0801836c     0x3000 C:\Dev\GIT\LELEC210X_GROUP_E\mcu\optimization_main_app\ARM_CMSIS\CMSIS\DSP\Lib\GCC\libarm_cortexM4lf_math.a(arm_common_tables.o)
                0x0801836c                twiddleCoef_4096_q15
 .rodata.twiddleCoef_512_q15
                0x0801b36c      0x600 C:\Dev\GIT\LELEC210X_GROUP_E\mcu\optimization_main_app\ARM_CMSIS\CMSIS\DSP\Lib\GCC\libarm_cortexM4lf_math.a(arm_common_tables.o)
                0x0801b36c                twiddleCoef_512_q15
 .rodata.twiddleCoef_64_q15
                0x0801b96c       0xc0 C:\Dev\GIT\LELEC210X_GROUP_E\mcu\optimization_main_app\ARM_CMSIS\CMSIS\DSP\Lib\GCC\libarm_cortexM4lf_math.a(arm_common_tables.o)
                0x0801b96c                twiddleCoef_64_q15
 .rodata._vfprintf_r.str1.1
                0x0801ba2c       0x11 C:/ST/STM32CubeIDE_1.16.1/STM32CubeIDE/plugins/com.st.stm32cube.ide.mcu.externaltools.gnu-tools-for-stm32.12.3.rel1.win32_1.0.200.202406191623/tools/bin/../lib/gcc/arm-none-eabi/12.3.1/../../../../arm-none-eabi/lib/thumb/v7e-m+fp/hard\libc_nano.a(libc_a-nano-vfprintf.o)
 .rodata._printf_i.str1.1
                0x0801ba3d       0x22 C:/ST/STM32CubeIDE_1.16.1/STM32CubeIDE/plugins/com.st.stm32cube.ide.mcu.externaltools.gnu-tools-for-stm32.12.3.rel1.win32_1.0.200.202406191623/tools/bin/../lib/gcc/arm-none-eabi/12.3.1/../../../../arm-none-eabi/lib/thumb/v7e-m+fp/hard\libc_nano.a(libc_a-nano-vfprintf_i.o)
                0x0801ba60                        . = ALIGN (0x4)
 *fill*         0x0801ba5f        0x1 

.ARM.extab      0x0801ba60        0x0
                0x0801ba60                        . = ALIGN (0x4)
 *(.ARM.extab* .gnu.linkonce.armextab.*)
                0x0801ba60                        . = ALIGN (0x4)

.ARM            0x0801ba60        0x8
                0x0801ba60                        . = ALIGN (0x4)
                0x0801ba60                        __exidx_start = .
 *(.ARM.exidx*)
 .ARM.exidx     0x0801ba60        0x8 C:/ST/STM32CubeIDE_1.16.1/STM32CubeIDE/plugins/com.st.stm32cube.ide.mcu.externaltools.gnu-tools-for-stm32.12.3.rel1.win32_1.0.200.202406191623/tools/bin/../lib/gcc/arm-none-eabi/12.3.1/../../../../arm-none-eabi/lib/thumb/v7e-m+fp/hard\libc_nano.a(libc_a-memchr.o)
 .ARM.exidx     0x0801ba68        0x0 C:/ST/STM32CubeIDE_1.16.1/STM32CubeIDE/plugins/com.st.stm32cube.ide.mcu.externaltools.gnu-tools-for-stm32.12.3.rel1.win32_1.0.200.202406191623/tools/bin/../lib/gcc/arm-none-eabi/12.3.1/thumb/v7e-m+fp/hard\libgcc.a(_udivmoddi4.o)
                                  0x8 (size before relaxing)
                0x0801ba68                        __exidx_end = .
                0x0801ba68                        . = ALIGN (0x4)

.preinit_array  0x0801ba68        0x0
                0x0801ba68                        . = ALIGN (0x4)
                0x0801ba68                        PROVIDE (__preinit_array_start = .)
 *(.preinit_array*)
                0x0801ba68                        PROVIDE (__preinit_array_end = .)
                0x0801ba68                        . = ALIGN (0x4)

.init_array     0x0801ba68        0x4
                0x0801ba68                        . = ALIGN (0x4)
                0x0801ba68                        PROVIDE (__init_array_start = .)
 *(SORT_BY_NAME(.init_array.*))
 *(.init_array*)
 .init_array    0x0801ba68        0x4 C:/ST/STM32CubeIDE_1.16.1/STM32CubeIDE/plugins/com.st.stm32cube.ide.mcu.externaltools.gnu-tools-for-stm32.12.3.rel1.win32_1.0.200.202406191623/tools/bin/../lib/gcc/arm-none-eabi/12.3.1/thumb/v7e-m+fp/hard/crtbegin.o
                0x0801ba6c                        PROVIDE (__init_array_end = .)
                0x0801ba6c                        . = ALIGN (0x4)

.fini_array     0x0801ba6c        0x4
                0x0801ba6c                        . = ALIGN (0x4)
                [!provide]                        PROVIDE (__fini_array_start = .)
 *(SORT_BY_NAME(.fini_array.*))
 *(.fini_array*)
 .fini_array    0x0801ba6c        0x4 C:/ST/STM32CubeIDE_1.16.1/STM32CubeIDE/plugins/com.st.stm32cube.ide.mcu.externaltools.gnu-tools-for-stm32.12.3.rel1.win32_1.0.200.202406191623/tools/bin/../lib/gcc/arm-none-eabi/12.3.1/thumb/v7e-m+fp/hard/crtbegin.o
                [!provide]                        PROVIDE (__fini_array_end = .)
                0x0801ba70                        . = ALIGN (0x4)
                0x0801ba70                        _sidata = LOADADDR (.data)

.rel.dyn        0x0801ba70        0x0
 .rel.iplt      0x0801ba70        0x0 C:/ST/STM32CubeIDE_1.16.1/STM32CubeIDE/plugins/com.st.stm32cube.ide.mcu.externaltools.gnu-tools-for-stm32.12.3.rel1.win32_1.0.200.202406191623/tools/bin/../lib/gcc/arm-none-eabi/12.3.1/thumb/v7e-m+fp/hard/crtbegin.o

.data           0x20000000      0x7e0 load address 0x0801ba70
                0x20000000                        . = ALIGN (0x4)
                0x20000000                        _sdata = .
 *(.data)
 *(.data*)
 .data.RC       0x20000000       0x78 ./Core/Src/aes_ref.o
                0x20000000                RC
 .data.S        0x20000078      0x100 ./Core/Src/aes_ref.o
                0x20000078                S
 .data.Alogtable
                0x20000178      0x100 ./Core/Src/aes_ref.o
                0x20000178                Alogtable
 .data.Logtable
                0x20000278      0x100 ./Core/Src/aes_ref.o
                0x20000278                Logtable
 .data.hamming_window
                0x20000378      0x400 ./Core/Src/spectrogram.o
                0x20000378                hamming_window
 .data.SystemCoreClock
                0x20000778        0x4 ./Core/Src/system_stm32l4xx.o
                0x20000778                SystemCoreClock
 .data.uwTickFreq
                0x2000077c        0x1 ./Drivers/STM32L4xx_HAL_Driver/Src/stm32l4xx_hal.o
                0x2000077c                uwTickFreq
 *fill*         0x2000077d        0x3 
 .data.uwTickPrio
                0x20000780        0x4 ./Drivers/STM32L4xx_HAL_Driver/Src/stm32l4xx_hal.o
                0x20000780                uwTickPrio
 .data.__sglue  0x20000784        0xc C:/ST/STM32CubeIDE_1.16.1/STM32CubeIDE/plugins/com.st.stm32cube.ide.mcu.externaltools.gnu-tools-for-stm32.12.3.rel1.win32_1.0.200.202406191623/tools/bin/../lib/gcc/arm-none-eabi/12.3.1/../../../../arm-none-eabi/lib/thumb/v7e-m+fp/hard\libc_nano.a(libc_a-findfp.o)
                0x20000784                __sglue
 .data._impure_ptr
                0x20000790        0x4 C:/ST/STM32CubeIDE_1.16.1/STM32CubeIDE/plugins/com.st.stm32cube.ide.mcu.externaltools.gnu-tools-for-stm32.12.3.rel1.win32_1.0.200.202406191623/tools/bin/../lib/gcc/arm-none-eabi/12.3.1/../../../../arm-none-eabi/lib/thumb/v7e-m+fp/hard\libc_nano.a(libc_a-impure.o)
                0x20000790                _impure_ptr
 .data._impure_data
                0x20000794       0x4c C:/ST/STM32CubeIDE_1.16.1/STM32CubeIDE/plugins/com.st.stm32cube.ide.mcu.externaltools.gnu-tools-for-stm32.12.3.rel1.win32_1.0.200.202406191623/tools/bin/../lib/gcc/arm-none-eabi/12.3.1/../../../../arm-none-eabi/lib/thumb/v7e-m+fp/hard\libc_nano.a(libc_a-impure.o)
                0x20000794                _impure_data
 *(.RamFunc)
 *(.RamFunc*)
                0x200007e0                        . = ALIGN (0x4)
                0x200007e0                        _edata = .

.igot.plt       0x200007e0        0x0 load address 0x0801c250
 .igot.plt      0x200007e0        0x0 C:/ST/STM32CubeIDE_1.16.1/STM32CubeIDE/plugins/com.st.stm32cube.ide.mcu.externaltools.gnu-tools-for-stm32.12.3.rel1.win32_1.0.200.202406191623/tools/bin/../lib/gcc/arm-none-eabi/12.3.1/thumb/v7e-m+fp/hard/crtbegin.o
                0x200007e0                        . = ALIGN (0x4)

.bss            0x200007e0     0x1aa4 load address 0x0801c250
                0x200007e0                        _sbss = .
                0x200007e0                        __bss_start__ = _sbss
 *(.bss)
 .bss           0x200007e0       0x1c C:/ST/STM32CubeIDE_1.16.1/STM32CubeIDE/plugins/com.st.stm32cube.ide.mcu.externaltools.gnu-tools-for-stm32.12.3.rel1.win32_1.0.200.202406191623/tools/bin/../lib/gcc/arm-none-eabi/12.3.1/thumb/v7e-m+fp/hard/crtbegin.o
 *(.bss*)
 .bss.hdma_adc1
                0x200007fc       0x48 ./Core/Src/adc.o
                0x200007fc                hdma_adc1
 .bss.hadc1     0x20000844       0x68 ./Core/Src/adc.o
                0x20000844                hadc1
 .bss.rem_n_bufs
                0x200008ac        0x4 ./Core/Src/adc_dblbuf.o
 .bss.packet_cnt
                0x200008b0        0x4 ./Core/Src/adc_dblbuf.o
 .bss.mel_vectors
                0x200008b4      0x320 ./Core/Src/adc_dblbuf.o
 .bss.cur_melvec
                0x20000bd4        0x1 ./Core/Src/adc_dblbuf.o
 *fill*         0x20000bd5        0x3 
 .bss.ADCDataRdy
                0x20000bd8        0x2 ./Core/Src/adc_dblbuf.o
 *fill*         0x20000bda        0x2 
 .bss.ADCDoubleBuf
                0x20000bdc      0x800 ./Core/Src/adc_dblbuf.o
 .bss.btn_press
                0x200013dc        0x1 ./Core/Src/main.o
                0x200013dc                btn_press
 *fill*         0x200013dd        0x3 
 .bss.gHuart    0x200013e0        0x4 ./Core/Src/retarget.o
                0x200013e0                gHuart
 .bss.packet_sent
                0x200013e4        0x1 ./Core/Src/s2lp.o
                0x200013e4                packet_sent
 .bss.fifo_almost_empty
                0x200013e5        0x1 ./Core/Src/s2lp.o
                0x200013e5                fifo_almost_empty
 .bss.underflow
                0x200013e6        0x1 ./Core/Src/s2lp.o
                0x200013e6                underflow
 *fill*         0x200013e7        0x1 
 .bss.gSPI      0x200013e8        0x4 ./Core/Src/s2lp.o
                0x200013e8                gSPI
 .bss.buf_fft   0x200013ec      0x800 ./Core/Src/spectrogram.o
                0x200013ec                buf_fft
 .bss.buf       0x20001bec      0x400 ./Core/Src/spectrogram.o
                0x20001bec                buf
 *fill*         0x20001fec        0x4 
 .bss.hspi1     0x20001ff0       0x64 ./Core/Src/spi.o
                0x20001ff0                hspi1
 .bss.__sbrk_heap_end
                0x20002054        0x4 ./Core/Src/sysmem.o
 .bss.htim3     0x20002058       0x4c ./Core/Src/tim.o
                0x20002058                htim3
 *fill*         0x200020a4        0x4 
 .bss.hlpuart1  0x200020a8       0x88 ./Core/Src/usart.o
                0x200020a8                hlpuart1
 .bss.counting_cycles
                0x20002130        0x1 ./Core/Src/utils.o
                0x20002130                counting_cycles
 *fill*         0x20002131        0x3 
 .bss.uwTick    0x20002134        0x4 ./Drivers/STM32L4xx_HAL_Driver/Src/stm32l4xx_hal.o
                0x20002134                uwTick
 .bss.__sf      0x20002138      0x138 C:/ST/STM32CubeIDE_1.16.1/STM32CubeIDE/plugins/com.st.stm32cube.ide.mcu.externaltools.gnu-tools-for-stm32.12.3.rel1.win32_1.0.200.202406191623/tools/bin/../lib/gcc/arm-none-eabi/12.3.1/../../../../arm-none-eabi/lib/thumb/v7e-m+fp/hard\libc_nano.a(libc_a-findfp.o)
                0x20002138                __sf
 .bss.__stdio_exit_handler
                0x20002270        0x4 C:/ST/STM32CubeIDE_1.16.1/STM32CubeIDE/plugins/com.st.stm32cube.ide.mcu.externaltools.gnu-tools-for-stm32.12.3.rel1.win32_1.0.200.202406191623/tools/bin/../lib/gcc/arm-none-eabi/12.3.1/../../../../arm-none-eabi/lib/thumb/v7e-m+fp/hard\libc_nano.a(libc_a-findfp.o)
                0x20002270                __stdio_exit_handler
 .bss.errno     0x20002274        0x4 C:/ST/STM32CubeIDE_1.16.1/STM32CubeIDE/plugins/com.st.stm32cube.ide.mcu.externaltools.gnu-tools-for-stm32.12.3.rel1.win32_1.0.200.202406191623/tools/bin/../lib/gcc/arm-none-eabi/12.3.1/../../../../arm-none-eabi/lib/thumb/v7e-m+fp/hard\libc_nano.a(libc_a-reent.o)
                0x20002274                errno
 .bss.__lock___malloc_recursive_mutex
                0x20002278        0x1 C:/ST/STM32CubeIDE_1.16.1/STM32CubeIDE/plugins/com.st.stm32cube.ide.mcu.externaltools.gnu-tools-for-stm32.12.3.rel1.win32_1.0.200.202406191623/tools/bin/../lib/gcc/arm-none-eabi/12.3.1/../../../../arm-none-eabi/lib/thumb/v7e-m+fp/hard\libc_nano.a(libc_a-lock.o)
                0x20002278                __lock___malloc_recursive_mutex
 .bss.__lock___sfp_recursive_mutex
                0x20002279        0x1 C:/ST/STM32CubeIDE_1.16.1/STM32CubeIDE/plugins/com.st.stm32cube.ide.mcu.externaltools.gnu-tools-for-stm32.12.3.rel1.win32_1.0.200.202406191623/tools/bin/../lib/gcc/arm-none-eabi/12.3.1/../../../../arm-none-eabi/lib/thumb/v7e-m+fp/hard\libc_nano.a(libc_a-lock.o)
                0x20002279                __lock___sfp_recursive_mutex
 *fill*         0x2000227a        0x2 
 .bss.__malloc_sbrk_start
                0x2000227c        0x4 C:/ST/STM32CubeIDE_1.16.1/STM32CubeIDE/plugins/com.st.stm32cube.ide.mcu.externaltools.gnu-tools-for-stm32.12.3.rel1.win32_1.0.200.202406191623/tools/bin/../lib/gcc/arm-none-eabi/12.3.1/../../../../arm-none-eabi/lib/thumb/v7e-m+fp/hard\libc_nano.a(libc_a-mallocr.o)
                0x2000227c                __malloc_sbrk_start
 .bss.__malloc_free_list
                0x20002280        0x4 C:/ST/STM32CubeIDE_1.16.1/STM32CubeIDE/plugins/com.st.stm32cube.ide.mcu.externaltools.gnu-tools-for-stm32.12.3.rel1.win32_1.0.200.202406191623/tools/bin/../lib/gcc/arm-none-eabi/12.3.1/../../../../arm-none-eabi/lib/thumb/v7e-m+fp/hard\libc_nano.a(libc_a-mallocr.o)
                0x20002280                __malloc_free_list
 *(COMMON)
                0x20002284                        . = ALIGN (0x4)
                0x20002284                        _ebss = .
                0x20002284                        __bss_end__ = _ebss

._user_heap_stack
                0x20002284      0x604 load address 0x0801c250
                0x20002288                        . = ALIGN (0x8)
 *fill*         0x20002284        0x4 
                [!provide]                        PROVIDE (end = .)
                0x20002288                        PROVIDE (_end = .)
                0x20002488                        . = (. + _Min_Heap_Size)
 *fill*         0x20002288      0x200 
                0x20002888                        . = (. + _Min_Stack_Size)
 *fill*         0x20002488      0x400 
                0x20002888                        . = ALIGN (0x8)

/DISCARD/
 libc.a(*)
 libm.a(*)
 libgcc.a(*)

.ARM.attributes
                0x00000000       0x30
 *(.ARM.attributes)
 .ARM.attributes
                0x00000000       0x22 C:/ST/STM32CubeIDE_1.16.1/STM32CubeIDE/plugins/com.st.stm32cube.ide.mcu.externaltools.gnu-tools-for-stm32.12.3.rel1.win32_1.0.200.202406191623/tools/bin/../lib/gcc/arm-none-eabi/12.3.1/thumb/v7e-m+fp/hard/crti.o
 .ARM.attributes
                0x00000022       0x34 C:/ST/STM32CubeIDE_1.16.1/STM32CubeIDE/plugins/com.st.stm32cube.ide.mcu.externaltools.gnu-tools-for-stm32.12.3.rel1.win32_1.0.200.202406191623/tools/bin/../lib/gcc/arm-none-eabi/12.3.1/thumb/v7e-m+fp/hard/crtbegin.o
 .ARM.attributes
                0x00000056       0x34 ./Core/Src/adc.o
 .ARM.attributes
                0x0000008a       0x34 ./Core/Src/adc_dblbuf.o
 .ARM.attributes
                0x000000be       0x34 ./Core/Src/aes_ref.o
 .ARM.attributes
                0x000000f2       0x34 ./Core/Src/arm_absmax_q15.o
 .ARM.attributes
                0x00000126       0x34 ./Core/Src/dma.o
 .ARM.attributes
                0x0000015a       0x34 ./Core/Src/gpio.o
 .ARM.attributes
                0x0000018e       0x34 ./Core/Src/main.o
 .ARM.attributes
                0x000001c2       0x34 ./Core/Src/packet.o
 .ARM.attributes
                0x000001f6       0x34 ./Core/Src/retarget.o
 .ARM.attributes
                0x0000022a       0x34 ./Core/Src/s2lp.o
 .ARM.attributes
                0x0000025e       0x34 ./Core/Src/spectrogram.o
 .ARM.attributes
                0x00000292       0x34 ./Core/Src/spi.o
 .ARM.attributes
                0x000002c6       0x34 ./Core/Src/stm32l4xx_hal_msp.o
 .ARM.attributes
                0x000002fa       0x34 ./Core/Src/stm32l4xx_it.o
 .ARM.attributes
                0x0000032e       0x34 ./Core/Src/sysmem.o
 .ARM.attributes
                0x00000362       0x34 ./Core/Src/system_stm32l4xx.o
 .ARM.attributes
                0x00000396       0x34 ./Core/Src/tim.o
 .ARM.attributes
                0x000003ca       0x34 ./Core/Src/usart.o
 .ARM.attributes
                0x000003fe       0x34 ./Core/Src/utils.o
 .ARM.attributes
                0x00000432       0x21 ./Core/Startup/startup_stm32l4a6zgtx.o
 .ARM.attributes
                0x00000453       0x34 ./Drivers/STM32L4xx_HAL_Driver/Src/stm32l4xx_hal.o
 .ARM.attributes
                0x00000487       0x34 ./Drivers/STM32L4xx_HAL_Driver/Src/stm32l4xx_hal_adc.o
 .ARM.attributes
                0x000004bb       0x34 ./Drivers/STM32L4xx_HAL_Driver/Src/stm32l4xx_hal_adc_ex.o
 .ARM.attributes
                0x000004ef       0x34 ./Drivers/STM32L4xx_HAL_Driver/Src/stm32l4xx_hal_cortex.o
 .ARM.attributes
                0x00000523       0x34 ./Drivers/STM32L4xx_HAL_Driver/Src/stm32l4xx_hal_dma.o
 .ARM.attributes
                0x00000557       0x34 ./Drivers/STM32L4xx_HAL_Driver/Src/stm32l4xx_hal_gpio.o
 .ARM.attributes
                0x0000058b       0x34 ./Drivers/STM32L4xx_HAL_Driver/Src/stm32l4xx_hal_pwr_ex.o
 .ARM.attributes
                0x000005bf       0x34 ./Drivers/STM32L4xx_HAL_Driver/Src/stm32l4xx_hal_rcc.o
 .ARM.attributes
                0x000005f3       0x34 ./Drivers/STM32L4xx_HAL_Driver/Src/stm32l4xx_hal_rcc_ex.o
 .ARM.attributes
                0x00000627       0x34 ./Drivers/STM32L4xx_HAL_Driver/Src/stm32l4xx_hal_spi.o
 .ARM.attributes
                0x0000065b       0x34 ./Drivers/STM32L4xx_HAL_Driver/Src/stm32l4xx_hal_tim.o
 .ARM.attributes
                0x0000068f       0x34 ./Drivers/STM32L4xx_HAL_Driver/Src/stm32l4xx_hal_tim_ex.o
 .ARM.attributes
                0x000006c3       0x34 ./Drivers/STM32L4xx_HAL_Driver/Src/stm32l4xx_hal_uart.o
 .ARM.attributes
                0x000006f7       0x34 C:\Dev\GIT\LELEC210X_GROUP_E\mcu\optimization_main_app\ARM_CMSIS\CMSIS\DSP\Lib\GCC\libarm_cortexM4lf_math.a(arm_rfft_q15.o)
 .ARM.attributes
                0x0000072b       0x34 C:\Dev\GIT\LELEC210X_GROUP_E\mcu\optimization_main_app\ARM_CMSIS\CMSIS\DSP\Lib\GCC\libarm_cortexM4lf_math.a(arm_rfft_init_q15.o)
 .ARM.attributes
                0x0000075f       0x34 C:\Dev\GIT\LELEC210X_GROUP_E\mcu\optimization_main_app\ARM_CMSIS\CMSIS\DSP\Lib\GCC\libarm_cortexM4lf_math.a(arm_cmplx_mag_q15.o)
 .ARM.attributes
                0x00000793       0x34 C:\Dev\GIT\LELEC210X_GROUP_E\mcu\optimization_main_app\ARM_CMSIS\CMSIS\DSP\Lib\GCC\libarm_cortexM4lf_math.a(arm_sqrt_q15.o)
 .ARM.attributes
                0x000007c7       0x34 C:\Dev\GIT\LELEC210X_GROUP_E\mcu\optimization_main_app\ARM_CMSIS\CMSIS\DSP\Lib\GCC\libarm_cortexM4lf_math.a(arm_shift_q15.o)
 .ARM.attributes
                0x000007fb       0x34 C:\Dev\GIT\LELEC210X_GROUP_E\mcu\optimization_main_app\ARM_CMSIS\CMSIS\DSP\Lib\GCC\libarm_cortexM4lf_math.a(arm_mult_q15.o)
 .ARM.attributes
                0x0000082f       0x34 C:\Dev\GIT\LELEC210X_GROUP_E\mcu\optimization_main_app\ARM_CMSIS\CMSIS\DSP\Lib\GCC\libarm_cortexM4lf_math.a(arm_dot_prod_q15.o)
 .ARM.attributes
                0x00000863       0x39 C:\Dev\GIT\LELEC210X_GROUP_E\mcu\optimization_main_app\ARM_CMSIS\CMSIS\DSP\Lib\GCC\libarm_cortexM4lf_math.a(arm_const_structs.o)
 .ARM.attributes
                0x0000089c       0x39 C:\Dev\GIT\LELEC210X_GROUP_E\mcu\optimization_main_app\ARM_CMSIS\CMSIS\DSP\Lib\GCC\libarm_cortexM4lf_math.a(arm_common_tables.o)
 .ARM.attributes
                0x000008d5       0x34 C:\Dev\GIT\LELEC210X_GROUP_E\mcu\optimization_main_app\ARM_CMSIS\CMSIS\DSP\Lib\GCC\libarm_cortexM4lf_math.a(arm_cfft_q15.o)
 .ARM.attributes
                0x00000909       0x34 C:\Dev\GIT\LELEC210X_GROUP_E\mcu\optimization_main_app\ARM_CMSIS\CMSIS\DSP\Lib\GCC\libarm_cortexM4lf_math.a(arm_cfft_radix4_q15.o)
 .ARM.attributes
                0x0000093d       0x34 C:\Dev\GIT\LELEC210X_GROUP_E\mcu\optimization_main_app\ARM_CMSIS\CMSIS\DSP\Lib\GCC\libarm_cortexM4lf_math.a(arm_bitreversal2.o)
 .ARM.attributes
                0x00000971       0x34 C:/ST/STM32CubeIDE_1.16.1/STM32CubeIDE/plugins/com.st.stm32cube.ide.mcu.externaltools.gnu-tools-for-stm32.12.3.rel1.win32_1.0.200.202406191623/tools/bin/../lib/gcc/arm-none-eabi/12.3.1/../../../../arm-none-eabi/lib/thumb/v7e-m+fp/hard\libc_nano.a(libc_a-findfp.o)
 .ARM.attributes
                0x000009a5       0x34 C:/ST/STM32CubeIDE_1.16.1/STM32CubeIDE/plugins/com.st.stm32cube.ide.mcu.externaltools.gnu-tools-for-stm32.12.3.rel1.win32_1.0.200.202406191623/tools/bin/../lib/gcc/arm-none-eabi/12.3.1/../../../../arm-none-eabi/lib/thumb/v7e-m+fp/hard\libc_nano.a(libc_a-fwalk.o)
 .ARM.attributes
                0x000009d9       0x34 C:/ST/STM32CubeIDE_1.16.1/STM32CubeIDE/plugins/com.st.stm32cube.ide.mcu.externaltools.gnu-tools-for-stm32.12.3.rel1.win32_1.0.200.202406191623/tools/bin/../lib/gcc/arm-none-eabi/12.3.1/../../../../arm-none-eabi/lib/thumb/v7e-m+fp/hard\libc_nano.a(libc_a-printf.o)
 .ARM.attributes
                0x00000a0d       0x34 C:/ST/STM32CubeIDE_1.16.1/STM32CubeIDE/plugins/com.st.stm32cube.ide.mcu.externaltools.gnu-tools-for-stm32.12.3.rel1.win32_1.0.200.202406191623/tools/bin/../lib/gcc/arm-none-eabi/12.3.1/../../../../arm-none-eabi/lib/thumb/v7e-m+fp/hard\libc_nano.a(libc_a-puts.o)
 .ARM.attributes
                0x00000a41       0x34 C:/ST/STM32CubeIDE_1.16.1/STM32CubeIDE/plugins/com.st.stm32cube.ide.mcu.externaltools.gnu-tools-for-stm32.12.3.rel1.win32_1.0.200.202406191623/tools/bin/../lib/gcc/arm-none-eabi/12.3.1/../../../../arm-none-eabi/lib/thumb/v7e-m+fp/hard\libc_nano.a(libc_a-setvbuf.o)
 .ARM.attributes
                0x00000a75       0x34 C:/ST/STM32CubeIDE_1.16.1/STM32CubeIDE/plugins/com.st.stm32cube.ide.mcu.externaltools.gnu-tools-for-stm32.12.3.rel1.win32_1.0.200.202406191623/tools/bin/../lib/gcc/arm-none-eabi/12.3.1/../../../../arm-none-eabi/lib/thumb/v7e-m+fp/hard\libc_nano.a(libc_a-stdio.o)
 .ARM.attributes
                0x00000aa9       0x34 C:/ST/STM32CubeIDE_1.16.1/STM32CubeIDE/plugins/com.st.stm32cube.ide.mcu.externaltools.gnu-tools-for-stm32.12.3.rel1.win32_1.0.200.202406191623/tools/bin/../lib/gcc/arm-none-eabi/12.3.1/../../../../arm-none-eabi/lib/thumb/v7e-m+fp/hard\libc_nano.a(libc_a-wbuf.o)
 .ARM.attributes
                0x00000add       0x34 C:/ST/STM32CubeIDE_1.16.1/STM32CubeIDE/plugins/com.st.stm32cube.ide.mcu.externaltools.gnu-tools-for-stm32.12.3.rel1.win32_1.0.200.202406191623/tools/bin/../lib/gcc/arm-none-eabi/12.3.1/../../../../arm-none-eabi/lib/thumb/v7e-m+fp/hard\libc_nano.a(libc_a-wsetup.o)
 .ARM.attributes
                0x00000b11       0x34 C:/ST/STM32CubeIDE_1.16.1/STM32CubeIDE/plugins/com.st.stm32cube.ide.mcu.externaltools.gnu-tools-for-stm32.12.3.rel1.win32_1.0.200.202406191623/tools/bin/../lib/gcc/arm-none-eabi/12.3.1/../../../../arm-none-eabi/lib/thumb/v7e-m+fp/hard\libc_nano.a(libc_a-memset.o)
 .ARM.attributes
                0x00000b45       0x34 C:/ST/STM32CubeIDE_1.16.1/STM32CubeIDE/plugins/com.st.stm32cube.ide.mcu.externaltools.gnu-tools-for-stm32.12.3.rel1.win32_1.0.200.202406191623/tools/bin/../lib/gcc/arm-none-eabi/12.3.1/../../../../arm-none-eabi/lib/thumb/v7e-m+fp/hard\libc_nano.a(libc_a-closer.o)
 .ARM.attributes
                0x00000b79       0x34 C:/ST/STM32CubeIDE_1.16.1/STM32CubeIDE/plugins/com.st.stm32cube.ide.mcu.externaltools.gnu-tools-for-stm32.12.3.rel1.win32_1.0.200.202406191623/tools/bin/../lib/gcc/arm-none-eabi/12.3.1/../../../../arm-none-eabi/lib/thumb/v7e-m+fp/hard\libc_nano.a(libc_a-reent.o)
 .ARM.attributes
                0x00000bad       0x34 C:/ST/STM32CubeIDE_1.16.1/STM32CubeIDE/plugins/com.st.stm32cube.ide.mcu.externaltools.gnu-tools-for-stm32.12.3.rel1.win32_1.0.200.202406191623/tools/bin/../lib/gcc/arm-none-eabi/12.3.1/../../../../arm-none-eabi/lib/thumb/v7e-m+fp/hard\libc_nano.a(libc_a-impure.o)
 .ARM.attributes
                0x00000be1       0x34 C:/ST/STM32CubeIDE_1.16.1/STM32CubeIDE/plugins/com.st.stm32cube.ide.mcu.externaltools.gnu-tools-for-stm32.12.3.rel1.win32_1.0.200.202406191623/tools/bin/../lib/gcc/arm-none-eabi/12.3.1/../../../../arm-none-eabi/lib/thumb/v7e-m+fp/hard\libc_nano.a(libc_a-lseekr.o)
 .ARM.attributes
                0x00000c15       0x34 C:/ST/STM32CubeIDE_1.16.1/STM32CubeIDE/plugins/com.st.stm32cube.ide.mcu.externaltools.gnu-tools-for-stm32.12.3.rel1.win32_1.0.200.202406191623/tools/bin/../lib/gcc/arm-none-eabi/12.3.1/../../../../arm-none-eabi/lib/thumb/v7e-m+fp/hard\libc_nano.a(libc_a-readr.o)
 .ARM.attributes
                0x00000c49       0x34 C:/ST/STM32CubeIDE_1.16.1/STM32CubeIDE/plugins/com.st.stm32cube.ide.mcu.externaltools.gnu-tools-for-stm32.12.3.rel1.win32_1.0.200.202406191623/tools/bin/../lib/gcc/arm-none-eabi/12.3.1/../../../../arm-none-eabi/lib/thumb/v7e-m+fp/hard\libc_nano.a(libc_a-writer.o)
 .ARM.attributes
                0x00000c7d       0x34 C:/ST/STM32CubeIDE_1.16.1/STM32CubeIDE/plugins/com.st.stm32cube.ide.mcu.externaltools.gnu-tools-for-stm32.12.3.rel1.win32_1.0.200.202406191623/tools/bin/../lib/gcc/arm-none-eabi/12.3.1/../../../../arm-none-eabi/lib/thumb/v7e-m+fp/hard\libc_nano.a(libc_a-errno.o)
 .ARM.attributes
                0x00000cb1       0x34 C:/ST/STM32CubeIDE_1.16.1/STM32CubeIDE/plugins/com.st.stm32cube.ide.mcu.externaltools.gnu-tools-for-stm32.12.3.rel1.win32_1.0.200.202406191623/tools/bin/../lib/gcc/arm-none-eabi/12.3.1/../../../../arm-none-eabi/lib/thumb/v7e-m+fp/hard\libc_nano.a(libc_a-init.o)
 .ARM.attributes
                0x00000ce5       0x34 C:/ST/STM32CubeIDE_1.16.1/STM32CubeIDE/plugins/com.st.stm32cube.ide.mcu.externaltools.gnu-tools-for-stm32.12.3.rel1.win32_1.0.200.202406191623/tools/bin/../lib/gcc/arm-none-eabi/12.3.1/../../../../arm-none-eabi/lib/thumb/v7e-m+fp/hard\libc_nano.a(libc_a-lock.o)
 .ARM.attributes
                0x00000d19       0x34 C:/ST/STM32CubeIDE_1.16.1/STM32CubeIDE/plugins/com.st.stm32cube.ide.mcu.externaltools.gnu-tools-for-stm32.12.3.rel1.win32_1.0.200.202406191623/tools/bin/../lib/gcc/arm-none-eabi/12.3.1/../../../../arm-none-eabi/lib/thumb/v7e-m+fp/hard\libc_nano.a(libc_a-memcpy-stub.o)
 .ARM.attributes
                0x00000d4d       0x34 C:/ST/STM32CubeIDE_1.16.1/STM32CubeIDE/plugins/com.st.stm32cube.ide.mcu.externaltools.gnu-tools-for-stm32.12.3.rel1.win32_1.0.200.202406191623/tools/bin/../lib/gcc/arm-none-eabi/12.3.1/../../../../arm-none-eabi/lib/thumb/v7e-m+fp/hard\libc_nano.a(libc_a-freer.o)
 .ARM.attributes
                0x00000d81       0x34 C:/ST/STM32CubeIDE_1.16.1/STM32CubeIDE/plugins/com.st.stm32cube.ide.mcu.externaltools.gnu-tools-for-stm32.12.3.rel1.win32_1.0.200.202406191623/tools/bin/../lib/gcc/arm-none-eabi/12.3.1/../../../../arm-none-eabi/lib/thumb/v7e-m+fp/hard\libc_nano.a(libc_a-malloc.o)
 .ARM.attributes
                0x00000db5       0x34 C:/ST/STM32CubeIDE_1.16.1/STM32CubeIDE/plugins/com.st.stm32cube.ide.mcu.externaltools.gnu-tools-for-stm32.12.3.rel1.win32_1.0.200.202406191623/tools/bin/../lib/gcc/arm-none-eabi/12.3.1/../../../../arm-none-eabi/lib/thumb/v7e-m+fp/hard\libc_nano.a(libc_a-mallocr.o)
 .ARM.attributes
                0x00000de9       0x34 C:/ST/STM32CubeIDE_1.16.1/STM32CubeIDE/plugins/com.st.stm32cube.ide.mcu.externaltools.gnu-tools-for-stm32.12.3.rel1.win32_1.0.200.202406191623/tools/bin/../lib/gcc/arm-none-eabi/12.3.1/../../../../arm-none-eabi/lib/thumb/v7e-m+fp/hard\libc_nano.a(libc_a-mlock.o)
 .ARM.attributes