Archive member included to satisfy reference by file (symbol)

C:\Dev\GIT\LELEC210X_GROUP_E\mcu\optimization_main_app\ARM_CMSIS\CMSIS\DSP\Lib\GCC\libarm_cortexM4lf_math.a(arm_rfft_q15.o)
                              ./Core/Src/spectrogram.o (arm_rfft_q15)
C:\Dev\GIT\LELEC210X_GROUP_E\mcu\optimization_main_app\ARM_CMSIS\CMSIS\DSP\Lib\GCC\libarm_cortexM4lf_math.a(arm_rfft_init_q15.o)
                              ./Core/Src/spectrogram.o (arm_rfft_init_q15)
C:\Dev\GIT\LELEC210X_GROUP_E\mcu\optimization_main_app\ARM_CMSIS\CMSIS\DSP\Lib\GCC\libarm_cortexM4lf_math.a(arm_cmplx_mag_q15.o)
                              ./Core/Src/spectrogram.o (arm_cmplx_mag_q15)
C:\Dev\GIT\LELEC210X_GROUP_E\mcu\optimization_main_app\ARM_CMSIS\CMSIS\DSP\Lib\GCC\libarm_cortexM4lf_math.a(arm_sqrt_q15.o)
                              C:\Dev\GIT\LELEC210X_GROUP_E\mcu\optimization_main_app\ARM_CMSIS\CMSIS\DSP\Lib\GCC\libarm_cortexM4lf_math.a(arm_cmplx_mag_q15.o) (arm_sqrt_q15)
C:\Dev\GIT\LELEC210X_GROUP_E\mcu\optimization_main_app\ARM_CMSIS\CMSIS\DSP\Lib\GCC\libarm_cortexM4lf_math.a(arm_shift_q15.o)
                              ./Core/Src/spectrogram.o (arm_shift_q15)
C:\Dev\GIT\LELEC210X_GROUP_E\mcu\optimization_main_app\ARM_CMSIS\CMSIS\DSP\Lib\GCC\libarm_cortexM4lf_math.a(arm_mult_q15.o)
                              ./Core/Src/spectrogram.o (arm_mult_q15)
C:\Dev\GIT\LELEC210X_GROUP_E\mcu\optimization_main_app\ARM_CMSIS\CMSIS\DSP\Lib\GCC\libarm_cortexM4lf_math.a(arm_dot_prod_q15.o)
                              ./Core/Src/spectrogram.o (arm_dot_prod_q15)
C:\Dev\GIT\LELEC210X_GROUP_E\mcu\optimization_main_app\ARM_CMSIS\CMSIS\DSP\Lib\GCC\libarm_cortexM4lf_math.a(arm_const_structs.o)
                              C:\Dev\GIT\LELEC210X_GROUP_E\mcu\optimization_main_app\ARM_CMSIS\CMSIS\DSP\Lib\GCC\libarm_cortexM4lf_math.a(arm_rfft_init_q15.o) (arm_cfft_sR_q15_len4096)
C:\Dev\GIT\LELEC210X_GROUP_E\mcu\optimization_main_app\ARM_CMSIS\CMSIS\DSP\Lib\GCC\libarm_cortexM4lf_math.a(arm_common_tables.o)
                              C:\Dev\GIT\LELEC210X_GROUP_E\mcu\optimization_main_app\ARM_CMSIS\CMSIS\DSP\Lib\GCC\libarm_cortexM4lf_math.a(arm_rfft_init_q15.o) (realCoefBQ15)
C:\Dev\GIT\LELEC210X_GROUP_E\mcu\optimization_main_app\ARM_CMSIS\CMSIS\DSP\Lib\GCC\libarm_cortexM4lf_math.a(arm_cfft_q15.o)
                              C:\Dev\GIT\LELEC210X_GROUP_E\mcu\optimization_main_app\ARM_CMSIS\CMSIS\DSP\Lib\GCC\libarm_cortexM4lf_math.a(arm_rfft_q15.o) (arm_cfft_q15)
C:\Dev\GIT\LELEC210X_GROUP_E\mcu\optimization_main_app\ARM_CMSIS\CMSIS\DSP\Lib\GCC\libarm_cortexM4lf_math.a(arm_cfft_radix4_q15.o)
                              C:\Dev\GIT\LELEC210X_GROUP_E\mcu\optimization_main_app\ARM_CMSIS\CMSIS\DSP\Lib\GCC\libarm_cortexM4lf_math.a(arm_cfft_q15.o) (arm_radix4_butterfly_q15)
C:\Dev\GIT\LELEC210X_GROUP_E\mcu\optimization_main_app\ARM_CMSIS\CMSIS\DSP\Lib\GCC\libarm_cortexM4lf_math.a(arm_bitreversal2.o)
                              C:\Dev\GIT\LELEC210X_GROUP_E\mcu\optimization_main_app\ARM_CMSIS\CMSIS\DSP\Lib\GCC\libarm_cortexM4lf_math.a(arm_cfft_q15.o) (arm_bitreversal_16)
C:\Dev\GIT\LELEC210X_GROUP_E\mcu\optimization_main_app\ARM_CMSIS\CMSIS\DSP\Lib\GCC\libarm_cortexM4lf_math.a(arm_bitreversal.o)
                              C:\Dev\GIT\LELEC210X_GROUP_E\mcu\optimization_main_app\ARM_CMSIS\CMSIS\DSP\Lib\GCC\libarm_cortexM4lf_math.a(arm_cfft_radix4_q15.o) (arm_bitreversal_q15)
C:/ST/STM32CubeIDE_1.16.1/STM32CubeIDE/plugins/com.st.stm32cube.ide.mcu.externaltools.gnu-tools-for-stm32.12.3.rel1.win32_1.0.200.202406191623/tools/bin/../lib/gcc/arm-none-eabi/12.3.1/../../../../arm-none-eabi/lib/thumb/v7e-m+fp/hard\libc_nano.a(libc_a-exit.o)
                              C:/ST/STM32CubeIDE_1.16.1/STM32CubeIDE/plugins/com.st.stm32cube.ide.mcu.externaltools.gnu-tools-for-stm32.12.3.rel1.win32_1.0.200.202406191623/tools/bin/../lib/gcc/arm-none-eabi/12.3.1/../../../../arm-none-eabi/lib/thumb/v7e-m+fp/hard/crt0.o (exit)
C:/ST/STM32CubeIDE_1.16.1/STM32CubeIDE/plugins/com.st.stm32cube.ide.mcu.externaltools.gnu-tools-for-stm32.12.3.rel1.win32_1.0.200.202406191623/tools/bin/../lib/gcc/arm-none-eabi/12.3.1/../../../../arm-none-eabi/lib/thumb/v7e-m+fp/hard\libc_nano.a(libc_a-findfp.o)
                              C:/ST/STM32CubeIDE_1.16.1/STM32CubeIDE/plugins/com.st.stm32cube.ide.mcu.externaltools.gnu-tools-for-stm32.12.3.rel1.win32_1.0.200.202406191623/tools/bin/../lib/gcc/arm-none-eabi/12.3.1/../../../../arm-none-eabi/lib/thumb/v7e-m+fp/hard\libc_nano.a(libc_a-exit.o) (__stdio_exit_handler)
C:/ST/STM32CubeIDE_1.16.1/STM32CubeIDE/plugins/com.st.stm32cube.ide.mcu.externaltools.gnu-tools-for-stm32.12.3.rel1.win32_1.0.200.202406191623/tools/bin/../lib/gcc/arm-none-eabi/12.3.1/../../../../arm-none-eabi/lib/thumb/v7e-m+fp/hard\libc_nano.a(libc_a-fwalk.o)
[...]
Memory Configuration

Name             Origin             Length             Attributes
RAM              0x20000000         0x00050000         xrw
RAM2             0x10000000         0x00010000         xrw
FLASH            0x08000000         0x00100000         xr
*default*        0x00000000         0xffffffff

Linker script and memory map

LOAD C:/ST/STM32CubeIDE_1.16.1/STM32CubeIDE/plugins/com.st.stm32cube.ide.mcu.externaltools.gnu-tools-for-stm32.12.3.rel1.win32_1.0.200.202406191623/tools/bin/../lib/gcc/arm-none-eabi/12.3.1/thumb/v7e-m+fp/hard/crti.o
LOAD C:/ST/STM32CubeIDE_1.16.1/STM32CubeIDE/plugins/com.st.stm32cube.ide.mcu.externaltools.gnu-tools-for-stm32.12.3.rel1.win32_1.0.200.202406191623/tools/bin/../lib/gcc/arm-none-eabi/12.3.1/thumb/v7e-m+fp/hard/crtbegin.o
LOAD C:/ST/STM32CubeIDE_1.16.1/STM32CubeIDE/plugins/com.st.stm32cube.ide.mcu.externaltools.gnu-tools-for-stm32.12.3.rel1.win32_1.0.200.202406191623/tools/bin/../lib/gcc/arm-none-eabi/12.3.1/../../../../arm-none-eabi/lib/thumb/v7e-m+fp/hard/crt0.o
LOAD ./Core/Src/adc.o
LOAD ./Core/Src/adc_dblbuf.o
LOAD ./Core/Src/aes.o
LOAD ./Core/Src/aes_ref.o
LOAD ./Core/Src/arm_absmax_q15.o
LOAD ./Core/Src/dma.o
LOAD ./Core/Src/eval_radio.o
LOAD ./Core/Src/gpio.o
LOAD ./Core/Src/main.o
LOAD ./Core/Src/packet.o
LOAD ./Core/Src/retarget.o
LOAD ./Core/Src/s2lp.o
LOAD ./Core/Src/spectrogram.o
LOAD ./Core/Src/spi.o
LOAD ./Core/Src/stm32l4xx_hal_msp.o
LOAD ./Core/Src/stm32l4xx_it.o
LOAD ./Core/Src/sysmem.o
LOAD ./Core/Src/system_stm32l4xx.o
LOAD ./Core/Src/tim.o
LOAD ./Core/Src/usart.o
LOAD ./Core/Src/utils.o
LOAD ./Core/Startup/startup_stm32l4a6zgtx.o
LOAD ./Drivers/STM32L4xx_HAL_Driver/Src/stm32l4xx_hal.o
LOAD ./Drivers/STM32L4xx_HAL_Driver/Src/stm32l4xx_hal_adc.o
LOAD ./Drivers/STM32L4xx_HAL_Driver/Src/stm32l4xx_hal_adc_ex.o
LOAD ./Drivers/STM32L4xx_HAL_Driver/Src/stm32l4xx_hal_cortex.o
LOAD ./Drivers/STM32L4xx_HAL_Driver/Src/stm32l4xx_hal_cryp.o
LOAD ./Drivers/STM32L4xx_HAL_Driver/Src/stm32l4xx_hal_cryp_ex.o
LOAD ./Drivers/STM32L4xx_HAL_Driver/Src/stm32l4xx_hal_dma.o
LOAD ./Drivers/STM32L4xx_HAL_Driver/Src/stm32l4xx_hal_dma_ex.o
LOAD ./Drivers/STM32L4xx_HAL_Driver/Src/stm32l4xx_hal_exti.o
LOAD ./Drivers/STM32L4xx_HAL_Driver/Src/stm32l4xx_hal_flash.o
LOAD ./Drivers/STM32L4xx_HAL_Driver/Src/stm32l4xx_hal_flash_ex.o
LOAD ./Drivers/STM32L4xx_HAL_Driver/Src/stm32l4xx_hal_flash_ramfunc.o
LOAD ./Drivers/STM32L4xx_HAL_Driver/Src/stm32l4xx_hal_gpio.o
LOAD ./Drivers/STM32L4xx_HAL_Driver/Src/stm32l4xx_hal_i2c.o
LOAD ./Drivers/STM32L4xx_HAL_Driver/Src/stm32l4xx_hal_i2c_ex.o
LOAD ./Drivers/STM32L4xx_HAL_Driver/Src/stm32l4xx_hal_pwr.o
LOAD ./Drivers/STM32L4xx_HAL_Driver/Src/stm32l4xx_hal_pwr_ex.o
LOAD ./Drivers/STM32L4xx_HAL_Driver/Src/stm32l4xx_hal_rcc.o
LOAD ./Drivers/STM32L4xx_HAL_Driver/Src/stm32l4xx_hal_rcc_ex.o
LOAD ./Drivers/STM32L4xx_HAL_Driver/Src/stm32l4xx_hal_spi.o
LOAD ./Drivers/STM32L4xx_HAL_Driver/Src/stm32l4xx_hal_spi_ex.o
LOAD ./Drivers/STM32L4xx_HAL_Driver/Src/stm32l4xx_hal_tim.o
LOAD ./Drivers/STM32L4xx_HAL_Driver/Src/stm32l4xx_hal_tim_ex.o
LOAD ./Drivers/STM32L4xx_HAL_Driver/Src/stm32l4xx_hal_uart.o
LOAD ./Drivers/STM32L4xx_HAL_Driver/Src/stm32l4xx_hal_uart_ex.o
LOAD C:\Dev\GIT\LELEC210X_GROUP_E\mcu\optimization_main_app\ARM_CMSIS\CMSIS\DSP\Lib\GCC\libarm_cortexM4lf_math.a
START GROUP
LOAD C:/ST/STM32CubeIDE_1.16.1/STM32CubeIDE/plugins/com.st.stm32cube.ide.mcu.externaltools.gnu-tools-for-stm32.12.3.rel1.win32_1.0.200.202406191623/tools/bin/../lib/gcc/arm-none-eabi/12.3.1/../../../../arm-none-eabi/lib/thumb/v7e-m+fp/hard\libc_nano.a
LOAD C:/ST/STM32CubeIDE_1.16.1/STM32CubeIDE/plugins/com.st.stm32cube.ide.mcu.externaltools.gnu-tools-for-stm32.12.3.rel1.win32_1.0.200.202406191623/tools/bin/../lib/gcc/arm-none-eabi/12.3.1/../../../../arm-none-eabi/lib/thumb/v7e-m+fp/hard\libm.a
END GROUP
START GROUP
LOAD C:/ST/STM32CubeIDE_1.16.1/STM32CubeIDE/plugins/com.st.stm32cube.ide.mcu.externaltools.gnu-tools-for-stm32.12.3.rel1.win32_1.0.200.202406191623/tools/bin/../lib/gcc/arm-none-eabi/12.3.1/thumb/v7e-m+fp/hard\libgcc.a
LOAD C:/ST/STM32CubeIDE_1.16.1/STM32CubeIDE/plugins/com.st.stm32cube.ide.mcu.externaltools.gnu-tools-for-stm32.12.3.rel1.win32_1.0.200.202406191623/tools/bin/../lib/gcc/arm-none-eabi/12.3.1/../../../../arm-none-eabi/lib/thumb/v7e-m+fp/hard\libc_nano.a
END GROUP
START GROUP
LOAD C:/ST/STM32CubeIDE_1.16.1/STM32CubeIDE/plugins/com.st.stm32cube.ide.mcu.externaltools.gnu-tools-for-stm32.12.3.rel1.win32_1.0.200.202406191623/tools/bin/../lib/gcc/arm-none-eabi/12.3.1/thumb/v7e-m+fp/hard\libgcc.a
LOAD C:/ST/STM32CubeIDE_1.16.1/STM32CubeIDE/plugins/com.st.stm32cube.ide.mcu.externaltools.gnu-tools-for-stm32.12.3.rel1.win32_1.0.200.202406191623/tools/bin/../lib/gcc/arm-none-eabi/12.3.1/../../../../arm-none-eabi/lib/thumb/v7e-m+fp/hard\libc_nano.a
LOAD C:/ST/STM32CubeIDE_1.16.1/STM32CubeIDE/plugins/com.st.stm32cube.ide.mcu.externaltools.gnu-tools-for-stm32.12.3.rel1.win32_1.0.200.202406191623/tools/bin/../lib/gcc/arm-none-eabi/12.3.1/../../../../arm-none-eabi/lib/thumb/v7e-m+fp/hard\libnosys.a
END GROUP
START GROUP
LOAD C:/ST/STM32CubeIDE_1.16.1/STM32CubeIDE/plugins/com.st.stm32cube.ide.mcu.externaltools.gnu-tools-for-stm32.12.3.rel1.win32_1.0.200.202406191623/tools/bin/../lib/gcc/arm-none-eabi/12.3.1/thumb/v7e-m+fp/hard\libgcc.a
LOAD C:/ST/STM32CubeIDE_1.16.1/STM32CubeIDE/plugins/com.st.stm32cube.ide.mcu.externaltools.gnu-tools-for-stm32.12.3.rel1.win32_1.0.200.202406191623/tools/bin/../lib/gcc/arm-none-eabi/12.3.1/../../../../arm-none-eabi/lib/thumb/v7e-m+fp/hard\libc_nano.a
LOAD C:/ST/STM32CubeIDE_1.16.1/STM32CubeIDE/plugins/com.st.stm32cube.ide.mcu.externaltools.gnu-tools-for-stm32.12.3.rel1.win32_1.0.200.202406191623/tools/bin/../lib/gcc/arm-none-eabi/12.3.1/../../../../arm-none-eabi/lib/thumb/v7e-m+fp/hard\libnosys.a
END GROUP
LOAD C:/ST/STM32CubeIDE_1.16.1/STM32CubeIDE/plugins/com.st.stm32cube.ide.mcu.externaltools.gnu-tools-for-stm32.12.3.rel1.win32_1.0.200.202406191623/tools/bin/../lib/gcc/arm-none-eabi/12.3.1/thumb/v7e-m+fp/hard/crtend.o
LOAD C:/ST/STM32CubeIDE_1.16.1/STM32CubeIDE/plugins/com.st.stm32cube.ide.mcu.externaltools.gnu-tools-for-stm32.12.3.rel1.win32_1.0.200.202406191623/tools/bin/../lib/gcc/arm-none-eabi/12.3.1/thumb/v7e-m+fp/hard/crtn.o
                0x20050000                        _estack = (ORIGIN (RAM) + LENGTH (RAM))
                0x00000200                        _Min_Heap_Size = 0x200
                0x00000400                        _Min_Stack_Size = 0x400

.isr_vector     0x08000000      0x1ac
                0x08000000                        . = ALIGN (0x4)
 *(.isr_vector)
 .isr_vector    0x08000000      0x1ac ./Core/Startup/startup_stm32l4a6zgtx.o
                0x08000000                g_pfnVectors
                0x080001ac                        . = ALIGN (0x4)

.text           0x080001b0     0x87e8
                0x080001b0                        . = ALIGN (0x4)
 *(.text)
 .text          0x080001b0       0x40 C:/ST/STM32CubeIDE_1.16.1/STM32CubeIDE/plugins/com.st.stm32cube.ide.mcu.externaltools.gnu-tools-for-stm32.12.3.rel1.win32_1.0.200.202406191623/tools/bin/../lib/gcc/arm-none-eabi/12.3.1/thumb/v7e-m+fp/hard/crtbegin.o
 .text          0x080001f0       0xa0 C:/ST/STM32CubeIDE_1.16.1/STM32CubeIDE/plugins/com.st.stm32cube.ide.mcu.externaltools.gnu-tools-for-stm32.12.3.rel1.win32_1.0.200.202406191623/tools/bin/../lib/gcc/arm-none-eabi/12.3.1/../../../../arm-none-eabi/lib/thumb/v7e-m+fp/hard\libc_nano.a(libc_a-memchr.o)
                0x080001f0                memchr
 .text          0x08000290       0x30 C:/ST/STM32CubeIDE_1.16.1/STM32CubeIDE/plugins/com.st.stm32cube.ide.mcu.externaltools.gnu-tools-for-stm32.12.3.rel1.win32_1.0.200.202406191623/tools/bin/../lib/gcc/arm-none-eabi/12.3.1/thumb/v7e-m+fp/hard\libgcc.a(_aeabi_uldivmod.o)
                0x08000290                __aeabi_uldivmod
 .text          0x080002c0      0x2bc C:/ST/STM32CubeIDE_1.16.1/STM32CubeIDE/plugins/com.st.stm32cube.ide.mcu.externaltools.gnu-tools-for-stm32.12.3.rel1.win32_1.0.200.202406191623/tools/bin/../lib/gcc/arm-none-eabi/12.3.1/thumb/v7e-m+fp/hard\libgcc.a(_udivmoddi4.o)
                0x080002c0                __udivmoddi4
 .text          0x0800057c        0x4 C:/ST/STM32CubeIDE_1.16.1/STM32CubeIDE/plugins/com.st.stm32cube.ide.mcu.externaltools.gnu-tools-for-stm32.12.3.rel1.win32_1.0.200.202406191623/tools/bin/../lib/gcc/arm-none-eabi/12.3.1/thumb/v7e-m+fp/hard\libgcc.a(_dvmd_tls.o)
                0x0800057c                __aeabi_idiv0
                0x0800057c                __aeabi_ldiv0
 *(.text*)
 .text.MX_ADC1_Init
                0x08000580       0xa8 ./Core/Src/adc.o
                0x08000580                MX_ADC1_Init
 .text.HAL_ADC_MspInit
                0x08000628       0xc8 ./Core/Src/adc.o
                0x08000628                HAL_ADC_MspInit
 .text.send_spectrogram
                0x080006f0       0xa0 ./Core/Src/adc_dblbuf.o
 .text.StartADCAcq
                0x08000790       0x30 ./Core/Src/adc_dblbuf.o
                0x08000790                StartADCAcq
 .text.IsADCFinished
                0x080007c0       0x10 ./Core/Src/adc_dblbuf.o
                0x080007c0                IsADCFinished
 .text.HAL_ADC_ConvCpltCallback
                0x080007d0       0x84 ./Core/Src/adc_dblbuf.o
                0x080007d0                HAL_ADC_ConvCpltCallback
 .text.HAL_ADC_ConvHalfCpltCallback
                0x08000854       0x84 ./Core/Src/adc_dblbuf.o
                0x08000854                HAL_ADC_ConvHalfCpltCallback
 .text.MX_AES_Init
                0x080008d8       0x60 ./Core/Src/aes.o
                0x080008d8                MX_AES_Init
 .text.HAL_CRYP_MspInit
                0x08000938       0x30 ./Core/Src/aes.o
                0x08000938                HAL_CRYP_MspInit
 .text.arm_absmax_q15
                0x08000968      0x124 ./Core/Src/arm_absmax_q15.o
                0x08000968                arm_absmax_q15
 .text.MX_DMA_Init
                0x08000a8c       0x30 ./Core/Src/dma.o
                0x08000a8c                MX_DMA_Init
 .text.MX_GPIO_Init
                0x08000abc      0x294 ./Core/Src/gpio.o
                0x08000abc                MX_GPIO_Init
 .text.HAL_GPIO_EXTI_Callback
                0x08000d50       0x1c ./Core/Src/main.o
                0x08000d50                HAL_GPIO_EXTI_Callback
 .text.run      0x08000d6c       0x70 ./Core/Src/main.o
                0x08000d6c                run
 .text.Error_Handler
                0x08000ddc       0x80 ./Core/Src/main.o
                0x08000ddc                Error_Handler
 *fill*         0x08000e5c        0x4 
 .text.SystemClock_Config
                0x08000e60       0x70 ./Core/Src/main.o
                0x08000e60                SystemClock_Config
 .text.startup.main
                0x08000ed0       0x9c ./Core/Src/main.o
                0x08000ed0                main
 .text.make_packet
                0x08000f6c       0x5c ./Core/Src/packet.o
                0x08000f6c                make_packet
 .text.RetargetInit
                0x08000fc8       0x24 ./Core/Src/retarget.o
                0x08000fc8                RetargetInit
 .text._isatty  0x08000fec       0x18 ./Core/Src/retarget.o
                0x08000fec                _isatty
 .text._write   0x08001004       0x34 ./Core/Src/retarget.o
                0x08001004                _write
 .text._close   0x08001038       0x18 ./Core/Src/retarget.o
                0x08001038                _close
 .text._lseek   0x08001050       0x10 ./Core/Src/retarget.o
                0x08001050                _lseek
 .text._read    0x08001060       0x30 ./Core/Src/retarget.o
                0x08001060                _read
 .text._fstat   0x08001090       0x1c ./Core/Src/retarget.o
                0x08001090                _fstat
 .text.S2LP_Command
                0x080010ac       0x64 ./Core/Src/s2lp.o
                0x080010ac                S2LP_Command
 .text.S2LP_ReadReg
                0x08001110       0x7c ./Core/Src/s2lp.o
                0x08001110                S2LP_ReadReg
 .text.S2LP_WriteReg
                0x0800118c       0x74 ./Core/Src/s2lp.o
                0x0800118c                S2LP_WriteReg
 .text.S2LP_WriteTxFIFO
                0x08001200       0x88 ./Core/Src/s2lp.o
                0x08001200                S2LP_WriteTxFIFO
 .text.S2LP_Send
                0x08001288      0x1dc ./Core/Src/s2lp.o
                0x08001288                S2LP_Send
 .text.S2LP_PrintStatus
                0x08001464      0x200 ./Core/Src/s2lp.o
                0x08001464                S2LP_PrintStatus
 *fill*         0x08001664        0x4 
 .text.S2LP_PLLConf
                0x08001668      0x23c ./Core/Src/s2lp.o
                0x08001668                S2LP_PLLConf
 .text.ComputeDatarate
                0x080018a4      0x11c ./Core/Src/s2lp.o
                0x080018a4                ComputeDatarate
 .text.SearchDatarateME
                0x080019c0      0x2b4 ./Core/Src/s2lp.o
                0x080019c0                SearchDatarateME
 .text.ComputeFreqDeviation
                0x08001c74       0xfc ./Core/Src/s2lp.o
                0x08001c74                ComputeFreqDeviation
 .text.SearchFreqDevME
                0x08001d70      0x254 ./Core/Src/s2lp.o
                0x08001d70                SearchFreqDevME
 .text.S2LP_SetModulation
                0x08001fc4       0x80 ./Core/Src/s2lp.o
                0x08001fc4                S2LP_SetModulation
 .text.S2LP_SetPALeveldBm
                0x08002044       0x54 ./Core/Src/s2lp.o
                0x08002044                S2LP_SetPALeveldBm
 .text.S2LP_Init
                0x08002098      0x144 ./Core/Src/s2lp.o
                0x08002098                S2LP_Init
 .text.S2LP_IRQ_Handler
                0x080021dc       0x64 ./Core/Src/s2lp.o
                0x080021dc                S2LP_IRQ_Handler
 .text.Spectrogram_Format
                0x08002240       0x28 ./Core/Src/spectrogram.o
                0x08002240                Spectrogram_Format
 .text.Spectrogram_Compute
                0x08002268      0x124 ./Core/Src/spectrogram.o
                0x08002268                Spectrogram_Compute
 .text.MX_SPI1_Init
                0x0800238c       0x4c ./Core/Src/spi.o
                0x0800238c                MX_SPI1_Init
 .text.HAL_SPI_MspInit
                0x080023d8       0x94 ./Core/Src/spi.o
                0x080023d8                HAL_SPI_MspInit
 .text.HAL_MspInit
                0x0800246c       0x30 ./Core/Src/stm32l4xx_hal_msp.o
                0x0800246c                HAL_MspInit
 .text.NMI_Handler
                0x0800249c        0x4 ./Core/Src/stm32l4xx_it.o
                0x0800249c                NMI_Handler
 .text.HardFault_Handler
                0x080024a0        0x4 ./Core/Src/stm32l4xx_it.o
                0x080024a0                HardFault_Handler
 .text.MemManage_Handler
                0x080024a4        0x4 ./Core/Src/stm32l4xx_it.o
                0x080024a4                MemManage_Handler
 .text.BusFault_Handler
                0x080024a8        0x4 ./Core/Src/stm32l4xx_it.o
                0x080024a8                BusFault_Handler
 .text.UsageFault_Handler
                0x080024ac        0x4 ./Core/Src/stm32l4xx_it.o
                0x080024ac                UsageFault_Handler
 .text.SVC_Handler
                0x080024b0        0x4 ./Core/Src/stm32l4xx_it.o
                0x080024b0                SVC_Handler
 .text.DebugMon_Handler
                0x080024b4        0x4 ./Core/Src/stm32l4xx_it.o
                0x080024b4                DebugMon_Handler
 .text.PendSV_Handler
                0x080024b8        0x4 ./Core/Src/stm32l4xx_it.o
                0x080024b8                PendSV_Handler
 .text.SysTick_Handler
                0x080024bc        0x4 ./Core/Src/stm32l4xx_it.o
                0x080024bc                SysTick_Handler
 .text.EXTI3_IRQHandler
                0x080024c0        0x8 ./Core/Src/stm32l4xx_it.o
                0x080024c0                EXTI3_IRQHandler
 .text.DMA1_Channel1_IRQHandler
                0x080024c8        0xc ./Core/Src/stm32l4xx_it.o
                0x080024c8                DMA1_Channel1_IRQHandler
 .text.TIM3_IRQHandler
                0x080024d4        0xc ./Core/Src/stm32l4xx_it.o
                0x080024d4                TIM3_IRQHandler
 .text.EXTI15_10_IRQHandler
                0x080024e0        0x8 ./Core/Src/stm32l4xx_it.o
                0x080024e0                EXTI15_10_IRQHandler
 .text._sbrk    0x080024e8       0x44 ./Core/Src/sysmem.o
                0x080024e8                _sbrk
 .text.SystemInit
                0x0800252c       0x44 ./Core/Src/system_stm32l4xx.o
                0x0800252c                SystemInit
 .text.MX_TIM3_Init
                0x08002570       0x74 ./Core/Src/tim.o
                0x08002570                MX_TIM3_Init
 .text.HAL_TIM_Base_MspInit
                0x080025e4       0x40 ./Core/Src/tim.o
                0x080025e4                HAL_TIM_Base_MspInit
 *fill*         0x08002624        0x4 
 .text.MX_LPUART1_UART_Init
                0x08002628       0x48 ./Core/Src/usart.o
                0x08002628                MX_LPUART1_UART_Init
 .text.HAL_UART_MspInit
                0x08002670       0x9c ./Core/Src/usart.o
                0x08002670                HAL_UART_MspInit
 .text.start_cycle_count
                0x0800270c       0x40 ./Core/Src/utils.o
                0x0800270c                start_cycle_count
 .text.stop_cycle_count
                0x0800274c       0x38 ./Core/Src/utils.o
                0x0800274c                stop_cycle_count
 .text.hex_encode
                0x08002784       0x38 ./Core/Src/utils.o
                0x08002784                hex_encode
 .text.Reset_Handler
                0x080027bc       0x50 ./Core/Startup/startup_stm32l4a6zgtx.o
                0x080027bc                Reset_Handler
 .text.Default_Handler
                0x0800280c        0x2 ./Core/Startup/startup_stm32l4a6zgtx.o
                0x0800280c                RTC_Alarm_IRQHandler
                0x0800280c                HASH_RNG_IRQHandler
                0x0800280c                EXTI2_IRQHandler
                0x0800280c                TIM8_TRG_COM_IRQHandler
                0x0800280c                TIM8_CC_IRQHandler
                0x0800280c                TIM1_CC_IRQHandler
                0x0800280c                TSC_IRQHandler
                0x0800280c                TAMP_STAMP_IRQHandler
                0x0800280c                CAN2_RX1_IRQHandler
                0x0800280c                LPTIM2_IRQHandler
                0x0800280c                DFSDM1_FLT1_IRQHandler
                0x0800280c                I2C3_ER_IRQHandler
                0x0800280c                DFSDM1_FLT2_IRQHandler
                0x0800280c                EXTI0_IRQHandler
                0x0800280c                I2C2_EV_IRQHandler
                0x0800280c                CAN1_RX0_IRQHandler
                0x0800280c                FPU_IRQHandler
                0x0800280c                TIM1_UP_TIM16_IRQHandler
                0x0800280c                CAN2_SCE_IRQHandler
                0x0800280c                ADC1_2_IRQHandler
                0x0800280c                SPI1_IRQHandler
                0x0800280c                TIM6_DAC_IRQHandler
                0x0800280c                DCMI_IRQHandler
                0x0800280c                CAN2_RX0_IRQHandler
                0x0800280c                TIM8_UP_IRQHandler
                0x0800280c                DMA2_Channel2_IRQHandler
                0x0800280c                DMA1_Channel4_IRQHandler
                0x0800280c                SAI2_IRQHandler
                0x0800280c                DFSDM1_FLT3_IRQHandler
                0x0800280c                USART3_IRQHandler
                0x0800280c                DMA1_Channel7_IRQHandler
                0x0800280c                CAN1_RX1_IRQHandler
                0x0800280c                LCD_IRQHandler
                0x0800280c                UART5_IRQHandler
                0x0800280c                ADC3_IRQHandler
                0x0800280c                TIM4_IRQHandler
                0x0800280c                DMA2_Channel1_IRQHandler
                0x0800280c                QUADSPI_IRQHandler
                0x0800280c                I2C1_EV_IRQHandler
                0x0800280c                DMA1_Channel6_IRQHandler
                0x0800280c                UART4_IRQHandler
                0x0800280c                DMA2_Channel4_IRQHandler
                0x0800280c                RCC_IRQHandler
                0x0800280c                Default_Handler
                0x0800280c                DMA2_Channel7_IRQHandler
                0x0800280c                TIM7_IRQHandler
                0x0800280c                SDMMC1_IRQHandler
                0x0800280c                CAN2_TX_IRQHandler
                0x0800280c                TIM5_IRQHandler
                0x0800280c                I2C3_EV_IRQHandler
                0x0800280c                EXTI9_5_IRQHandler
                0x0800280c                RTC_WKUP_IRQHandler
                0x0800280c                PVD_PVM_IRQHandler
                0x0800280c                SPI2_IRQHandler
                0x0800280c                CAN1_TX_IRQHandler
                0x0800280c                DMA2_Channel5_IRQHandler
                0x0800280c                CRS_IRQHandler
                0x0800280c                DMA1_Channel5_IRQHandler
                0x0800280c                EXTI4_IRQHandler
                0x0800280c                TIM1_TRG_COM_TIM17_IRQHandler
                0x0800280c                DMA1_Channel3_IRQHandler
                0x0800280c                COMP_IRQHandler
                0x0800280c                WWDG_IRQHandler
                0x0800280c                I2C4_EV_IRQHandler
                0x0800280c                LPUART1_IRQHandler
                0x0800280c                DMA2_Channel6_IRQHandler
                0x0800280c                TIM2_IRQHandler
                0x0800280c                DMA2D_IRQHandler
                0x0800280c                EXTI1_IRQHandler
                0x0800280c                AES_IRQHandler
                0x0800280c                USART2_IRQHandler
                0x0800280c                DFSDM1_FLT0_IRQHandler
                0x0800280c                I2C2_ER_IRQHandler
                0x0800280c                DMA1_Channel2_IRQHandler
                0x0800280c                TIM8_BRK_IRQHandler
                0x0800280c                CAN1_SCE_IRQHandler
                0x0800280c                FLASH_IRQHandler
                0x0800280c                USART1_IRQHandler
                0x0800280c                OTG_FS_IRQHandler
                0x0800280c                SPI3_IRQHandler
                0x0800280c                I2C1_ER_IRQHandler
                0x0800280c                FMC_IRQHandler
                0x0800280c                SWPMI1_IRQHandler
                0x0800280c                LPTIM1_IRQHandler
                0x0800280c                I2C4_ER_IRQHandler
                0x0800280c                SAI1_IRQHandler
                0x0800280c                DMA2_Channel3_IRQHandler
                0x0800280c                TIM1_BRK_TIM15_IRQHandler
 *fill*         0x0800280e        0x2 
 .text.HAL_InitTick
                0x08002810       0x4c ./Drivers/STM32L4xx_HAL_Driver/Src/stm32l4xx_hal.o
                0x08002810                HAL_InitTick
 .text.HAL_Init
                0x0800285c       0x20 ./Drivers/STM32L4xx_HAL_Driver/Src/stm32l4xx_hal.o
                0x0800285c                HAL_Init
 .text.HAL_IncTick
                0x0800287c       0x18 ./Drivers/STM32L4xx_HAL_Driver/Src/stm32l4xx_hal.o
                0x0800287c                HAL_IncTick
 .text.HAL_GetTick
                0x08002894        0xc ./Drivers/STM32L4xx_HAL_Driver/Src/stm32l4xx_hal.o
                0x08002894                HAL_GetTick
 .text.HAL_Delay
                0x080028a0       0x24 ./Drivers/STM32L4xx_HAL_Driver/Src/stm32l4xx_hal.o
                0x080028a0                HAL_Delay
 .text.HAL_ADC_Init
                0x080028c4      0x1bc ./Drivers/STM32L4xx_HAL_Driver/Src/stm32l4xx_hal_adc.o
                0x080028c4                HAL_ADC_Init
 .text.ADC_DMAHalfConvCplt
                0x08002a80        0xc ./Drivers/STM32L4xx_HAL_Driver/Src/stm32l4xx_hal_adc.o
                0x08002a80                ADC_DMAHalfConvCplt
 .text.HAL_ADC_ErrorCallback
                0x08002a8c        0x4 ./Drivers/STM32L4xx_HAL_Driver/Src/stm32l4xx_hal_adc.o
                0x08002a8c                HAL_ADC_ErrorCallback
 .text.ADC_DMAConvCplt
                0x08002a90       0x6c ./Drivers/STM32L4xx_HAL_Driver/Src/stm32l4xx_hal_adc.o
                0x08002a90                ADC_DMAConvCplt
 .text.ADC_DMAError
                0x08002afc       0x1c ./Drivers/STM32L4xx_HAL_Driver/Src/stm32l4xx_hal_adc.o
                0x08002afc                ADC_DMAError
 .text.HAL_ADC_ConfigChannel
                0x08002b18      0x4b4 ./Drivers/STM32L4xx_HAL_Driver/Src/stm32l4xx_hal_adc.o
                0x08002b18                HAL_ADC_ConfigChannel
 .text.ADC_ConversionStop
                0x08002fcc      0x100 ./Drivers/STM32L4xx_HAL_Driver/Src/stm32l4xx_hal_adc.o
                0x08002fcc                ADC_ConversionStop
 .text.ADC_Enable
                0x080030cc       0xc8 ./Drivers/STM32L4xx_HAL_Driver/Src/stm32l4xx_hal_adc.o
                0x080030cc                ADC_Enable
 .text.HAL_ADC_Start_DMA
                0x08003194       0xf8 ./Drivers/STM32L4xx_HAL_Driver/Src/stm32l4xx_hal_adc.o
                0x08003194                HAL_ADC_Start_DMA
 .text.ADC_Disable
                0x0800328c       0x74 ./Drivers/STM32L4xx_HAL_Driver/Src/stm32l4xx_hal_adc.o
                0x0800328c                ADC_Disable
 .text.HAL_ADC_Stop_DMA
                0x08003300       0x90 ./Drivers/STM32L4xx_HAL_Driver/Src/stm32l4xx_hal_adc.o
                0x08003300                HAL_ADC_Stop_DMA
 .text.HAL_ADCEx_Calibration_Start
                0x08003390       0x98 ./Drivers/STM32L4xx_HAL_Driver/Src/stm32l4xx_hal_adc_ex.o
                0x08003390                HAL_ADCEx_Calibration_Start
 .text.HAL_ADCEx_MultiModeConfigChannel
                0x08003428       0xdc ./Drivers/STM32L4xx_HAL_Driver/Src/stm32l4xx_hal_adc_ex.o
                0x08003428                HAL_ADCEx_MultiModeConfigChannel
 .text.HAL_NVIC_SetPriorityGrouping
                0x08003504       0x24 ./Drivers/STM32L4xx_HAL_Driver/Src/stm32l4xx_hal_cortex.o
                0x08003504                HAL_NVIC_SetPriorityGrouping
 .text.HAL_NVIC_SetPriority
                0x08003528       0x78 ./Drivers/STM32L4xx_HAL_Driver/Src/stm32l4xx_hal_cortex.o
                0x08003528                HAL_NVIC_SetPriority
 .text.HAL_NVIC_EnableIRQ
                0x080035a0       0x1c ./Drivers/STM32L4xx_HAL_Driver/Src/stm32l4xx_hal_cortex.o
                0x080035a0                HAL_NVIC_EnableIRQ
 .text.HAL_SYSTICK_Config
                0x080035bc       0x34 ./Drivers/STM32L4xx_HAL_Driver/Src/stm32l4xx_hal_cortex.o
                0x080035bc                HAL_SYSTICK_Config
 .text.CRYP_SetKey
                0x080035f0       0x54 ./Drivers/STM32L4xx_HAL_Driver/Src/stm32l4xx_hal_cryp.o
 .text.HAL_CRYP_Init
                0x08003644      0x15c ./Drivers/STM32L4xx_HAL_Driver/Src/stm32l4xx_hal_cryp.o
                0x08003644                HAL_CRYP_Init
 .text.HAL_CRYP_ErrorCallback
                0x080037a0        0x4 ./Drivers/STM32L4xx_HAL_Driver/Src/stm32l4xx_hal_cryp.o
                0x080037a0                HAL_CRYP_ErrorCallback
 *fill*         0x080037a4        0x4 
 .text.CRYP_Padding
                0x080037a8      0x278 ./Drivers/STM32L4xx_HAL_Driver/Src/stm32l4xx_hal_cryp_ex.o
 .text.HAL_CRYPEx_AES_Auth
                0x08003a20      0x648 ./Drivers/STM32L4xx_HAL_Driver/Src/stm32l4xx_hal_cryp_ex.o
                0x08003a20                HAL_CRYPEx_AES_Auth
 .text.HAL_DMA_Init
                0x08004068       0xd8 ./Drivers/STM32L4xx_HAL_Driver/Src/stm32l4xx_hal_dma.o
                0x08004068                HAL_DMA_Init
 .text.HAL_DMA_Start_IT
                0x08004140       0x88 ./Drivers/STM32L4xx_HAL_Driver/Src/stm32l4xx_hal_dma.o
                0x08004140                HAL_DMA_Start_IT
 .text.HAL_DMA_Abort
                0x080041c8       0x4c ./Drivers/STM32L4xx_HAL_Driver/Src/stm32l4xx_hal_dma.o
                0x080041c8                HAL_DMA_Abort
 .text.HAL_DMA_IRQHandler
                0x08004214       0x9c ./Drivers/STM32L4xx_HAL_Driver/Src/stm32l4xx_hal_dma.o
                0x08004214                HAL_DMA_IRQHandler
 .text.HAL_GPIO_Init
                0x080042b0      0x248 ./Drivers/STM32L4xx_HAL_Driver/Src/stm32l4xx_hal_gpio.o
                0x080042b0                HAL_GPIO_Init
 .text.HAL_GPIO_WritePin
                0x080044f8        0xc ./Drivers/STM32L4xx_HAL_Driver/Src/stm32l4xx_hal_gpio.o
                0x080044f8                HAL_GPIO_WritePin
 .text.HAL_GPIO_EXTI_IRQHandler
                0x08004504       0x18 ./Drivers/STM32L4xx_HAL_Driver/Src/stm32l4xx_hal_gpio.o
                0x08004504                HAL_GPIO_EXTI_IRQHandler
 .text.HAL_PWREx_GetVoltageRange
                0x0800451c       0x10 ./Drivers/STM32L4xx_HAL_Driver/Src/stm32l4xx_hal_pwr_ex.o
                0x0800451c                HAL_PWREx_GetVoltageRange
 .text.HAL_PWREx_ControlVoltageScaling
                0x0800452c       0x80 ./Drivers/STM32L4xx_HAL_Driver/Src/stm32l4xx_hal_pwr_ex.o
                0x0800452c                HAL_PWREx_ControlVoltageScaling
 .text.HAL_PWREx_EnableVddIO2
                0x080045ac       0x10 ./Drivers/STM32L4xx_HAL_Driver/Src/stm32l4xx_hal_pwr_ex.o
                0x080045ac                HAL_PWREx_EnableVddIO2
 .text.RCC_SetFlashLatencyFromMSIRange
                0x080045bc       0x8c ./Drivers/STM32L4xx_HAL_Driver/Src/stm32l4xx_hal_rcc.o
 .text.HAL_RCC_GetSysClockFreq
                0x08004648       0xb4 ./Drivers/STM32L4xx_HAL_Driver/Src/stm32l4xx_hal_rcc.o
                0x08004648                HAL_RCC_GetSysClockFreq
 .text.HAL_RCC_OscConfig
                0x080046fc      0x618 ./Drivers/STM32L4xx_HAL_Driver/Src/stm32l4xx_hal_rcc.o
                0x080046fc                HAL_RCC_OscConfig
 .text.HAL_RCC_ClockConfig
                0x08004d14      0x16c ./Drivers/STM32L4xx_HAL_Driver/Src/stm32l4xx_hal_rcc.o
                0x08004d14                HAL_RCC_ClockConfig
 .text.HAL_RCC_GetHCLKFreq
                0x08004e80        0xc ./Drivers/STM32L4xx_HAL_Driver/Src/stm32l4xx_hal_rcc.o
                0x08004e80                HAL_RCC_GetHCLKFreq
 .text.HAL_RCC_GetPCLK1Freq
                0x08004e8c       0x24 ./Drivers/STM32L4xx_HAL_Driver/Src/stm32l4xx_hal_rcc.o
                0x08004e8c                HAL_RCC_GetPCLK1Freq
 .text.HAL_RCC_GetPCLK2Freq
                0x08004eb0       0x24 ./Drivers/STM32L4xx_HAL_Driver/Src/stm32l4xx_hal_rcc.o
                0x08004eb0                HAL_RCC_GetPCLK2Freq
 .text.RCCEx_PLLSAI1_Config
                0x08004ed4      0x11c ./Drivers/STM32L4xx_HAL_Driver/Src/stm32l4xx_hal_rcc_ex.o
 .text.RCCEx_PLLSAI2_Config
                0x08004ff0      0x100 ./Drivers/STM32L4xx_HAL_Driver/Src/stm32l4xx_hal_rcc_ex.o
 .text.HAL_RCCEx_PeriphCLKConfig
                0x080050f0      0x464 ./Drivers/STM32L4xx_HAL_Driver/Src/stm32l4xx_hal_rcc_ex.o
                0x080050f0                HAL_RCCEx_PeriphCLKConfig
 .text.SPI_WaitFifoStateUntilTimeout.constprop.0
                0x08005554       0xec ./Drivers/STM32L4xx_HAL_Driver/Src/stm32l4xx_hal_spi.o
 .text.SPI_EndRxTxTransaction
                0x08005640      0x144 ./Drivers/STM32L4xx_HAL_Driver/Src/stm32l4xx_hal_spi.o
 .text.HAL_SPI_Init
                0x08005784       0xf8 ./Drivers/STM32L4xx_HAL_Driver/Src/stm32l4xx_hal_spi.o
                0x08005784                HAL_SPI_Init
 .text.HAL_SPI_TransmitReceive
                0x0800587c      0x318 ./Drivers/STM32L4xx_HAL_Driver/Src/stm32l4xx_hal_spi.o
                0x0800587c                HAL_SPI_TransmitReceive
 .text.HAL_TIM_Base_Init
                0x08005b94      0x12c ./Drivers/STM32L4xx_HAL_Driver/Src/stm32l4xx_hal_tim.o
                0x08005b94                HAL_TIM_Base_Init
 .text.HAL_TIM_Base_Start
                0x08005cc0       0x70 ./Drivers/STM32L4xx_HAL_Driver/Src/stm32l4xx_hal_tim.o
                0x08005cc0                HAL_TIM_Base_Start
 .text.HAL_TIM_ConfigClockSource
                0x08005d30      0x154 ./Drivers/STM32L4xx_HAL_Driver/Src/stm32l4xx_hal_tim.o
                0x08005d30                HAL_TIM_ConfigClockSource
 .text.HAL_TIM_PeriodElapsedCallback
                0x08005e84        0x4 ./Drivers/STM32L4xx_HAL_Driver/Src/stm32l4xx_hal_tim.o
                0x08005e84                HAL_TIM_PeriodElapsedCallback
 .text.HAL_TIM_OC_DelayElapsedCallback
                0x08005e88        0x4 ./Drivers/STM32L4xx_HAL_Driver/Src/stm32l4xx_hal_tim.o
                0x08005e88                HAL_TIM_OC_DelayElapsedCallback
 .text.HAL_TIM_IC_CaptureCallback
                0x08005e8c        0x4 ./Drivers/STM32L4xx_HAL_Driver/Src/stm32l4xx_hal_tim.o
                0x08005e8c                HAL_TIM_IC_CaptureCallback
 .text.HAL_TIM_PWM_PulseFinishedCallback
                0x08005e90        0x4 ./Drivers/STM32L4xx_HAL_Driver/Src/stm32l4xx_hal_tim.o
                0x08005e90                HAL_TIM_PWM_PulseFinishedCallback
 .text.HAL_TIM_TriggerCallback
                0x08005e94        0x4 ./Drivers/STM32L4xx_HAL_Driver/Src/stm32l4xx_hal_tim.o
                0x08005e94                HAL_TIM_TriggerCallback
 .text.HAL_TIM_IRQHandler
                0x08005e98      0x158 ./Drivers/STM32L4xx_HAL_Driver/Src/stm32l4xx_hal_tim.o
                0x08005e98                HAL_TIM_IRQHandler
 .text.HAL_TIMEx_MasterConfigSynchronization
                0x08005ff0       0xa0 ./Drivers/STM32L4xx_HAL_Driver/Src/stm32l4xx_hal_tim_ex.o
                0x08005ff0                HAL_TIMEx_MasterConfigSynchronization
 .text.HAL_TIMEx_CommutCallback
                0x08006090        0x4 ./Drivers/STM32L4xx_HAL_Driver/Src/stm32l4xx_hal_tim_ex.o
                0x08006090                HAL_TIMEx_CommutCallback
 .text.HAL_TIMEx_BreakCallback
                0x08006094        0x4 ./Drivers/STM32L4xx_HAL_Driver/Src/stm32l4xx_hal_tim_ex.o
                0x08006094                HAL_TIMEx_BreakCallback
 .text.HAL_TIMEx_Break2Callback
                0x08006098        0x4 ./Drivers/STM32L4xx_HAL_Driver/Src/stm32l4xx_hal_tim_ex.o
                0x08006098                HAL_TIMEx_Break2Callback
 .text.HAL_UART_Transmit
                0x0800609c       0xe0 ./Drivers/STM32L4xx_HAL_Driver/Src/stm32l4xx_hal_uart.o
                0x0800609c                HAL_UART_Transmit
 .text.HAL_UART_Receive
                0x0800617c      0x1d8 ./Drivers/STM32L4xx_HAL_Driver/Src/stm32l4xx_hal_uart.o
                0x0800617c                HAL_UART_Receive
 .text.UART_SetConfig
                0x08006354      0x248 ./Drivers/STM32L4xx_HAL_Driver/Src/stm32l4xx_hal_uart.o
                0x08006354                UART_SetConfig
 .text.UART_AdvFeatureConfig
                0x0800659c       0xb0 ./Drivers/STM32L4xx_HAL_Driver/Src/stm32l4xx_hal_uart.o
                0x0800659c                UART_AdvFeatureConfig
 .text.UART_CheckIdleState
                0x0800664c      0x250 ./Drivers/STM32L4xx_HAL_Driver/Src/stm32l4xx_hal_uart.o
                0x0800664c                UART_CheckIdleState
 .text.HAL_UART_Init
                0x0800689c       0x64 ./Drivers/STM32L4xx_HAL_Driver/Src/stm32l4xx_hal_uart.o
                0x0800689c                HAL_UART_Init
 .text.arm_split_rfft_q15
                0x08006900      0x10c C:\Dev\GIT\LELEC210X_GROUP_E\mcu\optimization_main_app\ARM_CMSIS\CMSIS\DSP\Lib\GCC\libarm_cortexM4lf_math.a(arm_rfft_q15.o)
                0x08006900                arm_split_rfft_q15
 .text.arm_rfft_q15
                0x08006a0c       0xf8 C:\Dev\GIT\LELEC210X_GROUP_E\mcu\optimization_main_app\ARM_CMSIS\CMSIS\DSP\Lib\GCC\libarm_cortexM4lf_math.a(arm_rfft_q15.o)
                0x08006a0c                arm_rfft_q15
 .text.arm_rfft_init_q15
                0x08006b04       0xf8 C:\Dev\GIT\LELEC210X_GROUP_E\mcu\optimization_main_app\ARM_CMSIS\CMSIS\DSP\Lib\GCC\libarm_cortexM4lf_math.a(arm_rfft_init_q15.o)
                0x08006b04                arm_rfft_init_q15
 .text.arm_cmplx_mag_q15
                0x08006bfc       0x88 C:\Dev\GIT\LELEC210X_GROUP_E\mcu\optimization_main_app\ARM_CMSIS\CMSIS\DSP\Lib\GCC\libarm_cortexM4lf_math.a(arm_cmplx_mag_q15.o)
                0x08006bfc                arm_cmplx_mag_q15
 .text.arm_sqrt_q15
                0x08006c84       0xcc C:\Dev\GIT\LELEC210X_GROUP_E\mcu\optimization_main_app\ARM_CMSIS\CMSIS\DSP\Lib\GCC\libarm_cortexM4lf_math.a(arm_sqrt_q15.o)
                0x08006c84                arm_sqrt_q15
 .text.arm_shift_q15
                0x08006d50      0x124 C:\Dev\GIT\LELEC210X_GROUP_E\mcu\optimization_main_app\ARM_CMSIS\CMSIS\DSP\Lib\GCC\libarm_cortexM4lf_math.a(arm_shift_q15.o)
                0x08006d50                arm_shift_q15
 .text.arm_mult_q15
                0x08006e74       0xbc C:\Dev\GIT\LELEC210X_GROUP_E\mcu\optimization_main_app\ARM_CMSIS\CMSIS\DSP\Lib\GCC\libarm_cortexM4lf_math.a(arm_mult_q15.o)
                0x08006e74                arm_mult_q15
 .text.arm_dot_prod_q15
                0x08006f30       0x80 C:\Dev\GIT\LELEC210X_GROUP_E\mcu\optimization_main_app\ARM_CMSIS\CMSIS\DSP\Lib\GCC\libarm_cortexM4lf_math.a(arm_dot_prod_q15.o)
                0x08006f30                arm_dot_prod_q15
 .text.arm_cfft_radix4by2_q15
                0x08006fb0       0xbc C:\Dev\GIT\LELEC210X_GROUP_E\mcu\optimization_main_app\ARM_CMSIS\CMSIS\DSP\Lib\GCC\libarm_cortexM4lf_math.a(arm_cfft_q15.o)
                0x08006fb0                arm_cfft_radix4by2_q15
 .text.arm_cfft_radix4by2_inverse_q15
                0x0800706c       0xbc C:\Dev\GIT\LELEC210X_GROUP_E\mcu\optimization_main_app\ARM_CMSIS\CMSIS\DSP\Lib\GCC\libarm_cortexM4lf_math.a(arm_cfft_q15.o)
                0x0800706c                arm_cfft_radix4by2_inverse_q15
 .text.arm_cfft_q15
                0x08007128       0xbc C:\Dev\GIT\LELEC210X_GROUP_E\mcu\optimization_main_app\ARM_CMSIS\CMSIS\DSP\Lib\GCC\libarm_cortexM4lf_math.a(arm_cfft_q15.o)
                0x08007128                arm_cfft_q15
 .text.arm_radix4_butterfly_q15
                0x080071e4      0x354 C:\Dev\GIT\LELEC210X_GROUP_E\mcu\optimization_main_app\ARM_CMSIS\CMSIS\DSP\Lib\GCC\libarm_cortexM4lf_math.a(arm_cfft_radix4_q15.o)
                0x080071e4                arm_radix4_butterfly_q15
 .text.arm_radix4_butterfly_inverse_q15
                0x08007538      0x354 C:\Dev\GIT\LELEC210X_GROUP_E\mcu\optimization_main_app\ARM_CMSIS\CMSIS\DSP\Lib\GCC\libarm_cortexM4lf_math.a(arm_cfft_radix4_q15.o)
                0x08007538                arm_radix4_butterfly_inverse_q15
 .text.arm_bitreversal_16
                0x0800788c       0x44 C:\Dev\GIT\LELEC210X_GROUP_E\mcu\optimization_main_app\ARM_CMSIS\CMSIS\DSP\Lib\GCC\libarm_cortexM4lf_math.a(arm_bitreversal2.o)
                0x0800788c                arm_bitreversal_16
 .text.std      0x080078d0       0x6c C:/ST/STM32CubeIDE_1.16.1/STM32CubeIDE/plugins/com.st.stm32cube.ide.mcu.externaltools.gnu-tools-for-stm32.12.3.rel1.win32_1.0.200.202406191623/tools/bin/../lib/gcc/arm-none-eabi/12.3.1/../../../../arm-none-eabi/lib/thumb/v7e-m+fp/hard\libc_nano.a(libc_a-findfp.o)
 .text.stdio_exit_handler
                0x0800793c       0x18 C:/ST/STM32CubeIDE_1.16.1/STM32CubeIDE/plugins/com.st.stm32cube.ide.mcu.externaltools.gnu-tools-for-stm32.12.3.rel1.win32_1.0.200.202406191623/tools/bin/../lib/gcc/arm-none-eabi/12.3.1/../../../../arm-none-eabi/lib/thumb/v7e-m+fp/hard\libc_nano.a(libc_a-findfp.o)
 .text.cleanup_stdio
                0x08007954       0x40 C:/ST/STM32CubeIDE_1.16.1/STM32CubeIDE/plugins/com.st.stm32cube.ide.mcu.externaltools.gnu-tools-for-stm32.12.3.rel1.win32_1.0.200.202406191623/tools/bin/../lib/gcc/arm-none-eabi/12.3.1/../../../../arm-none-eabi/lib/thumb/v7e-m+fp/hard\libc_nano.a(libc_a-findfp.o)
 .text.global_stdio_init.part.0
                0x08007994       0x3c C:/ST/STM32CubeIDE_1.16.1/STM32CubeIDE/plugins/com.st.stm32cube.ide.mcu.externaltools.gnu-tools-for-stm32.12.3.rel1.win32_1.0.200.202406191623/tools/bin/../lib/gcc/arm-none-eabi/12.3.1/../../../../arm-none-eabi/lib/thumb/v7e-m+fp/hard\libc_nano.a(libc_a-findfp.o)
 .text.__sfp_lock_acquire
                0x080079d0        0xc C:/ST/STM32CubeIDE_1.16.1/STM32CubeIDE/plugins/com.st.stm32cube.ide.mcu.externaltools.gnu-tools-for-stm32.12.3.rel1.win32_1.0.200.202406191623/tools/bin/../lib/gcc/arm-none-eabi/12.3.1/../../../../arm-none-eabi/lib/thumb/v7e-m+fp/hard\libc_nano.a(libc_a-findfp.o)
                0x080079d0                __sfp_lock_acquire
 .text.__sfp_lock_release
                0x080079dc        0xc C:/ST/STM32CubeIDE_1.16.1/STM32CubeIDE/plugins/com.st.stm32cube.ide.mcu.externaltools.gnu-tools-for-stm32.12.3.rel1.win32_1.0.200.202406191623/tools/bin/../lib/gcc/arm-none-eabi/12.3.1/../../../../arm-none-eabi/lib/thumb/v7e-m+fp/hard\libc_nano.a(libc_a-findfp.o)
                0x080079dc                __sfp_lock_release
 .text.__sinit  0x080079e8       0x30 C:/ST/STM32CubeIDE_1.16.1/STM32CubeIDE/plugins/com.st.stm32cube.ide.mcu.externaltools.gnu-tools-for-stm32.12.3.rel1.win32_1.0.200.202406191623/tools/bin/../lib/gcc/arm-none-eabi/12.3.1/../../../../arm-none-eabi/lib/thumb/v7e-m+fp/hard\libc_nano.a(libc_a-findfp.o)
                0x080079e8                __sinit
 .text._fwalk_sglue
                0x08007a18       0x3c C:/ST/STM32CubeIDE_1.16.1/STM32CubeIDE/plugins/com.st.stm32cube.ide.mcu.externaltools.gnu-tools-for-stm32.12.3.rel1.win32_1.0.200.202406191623/tools/bin/../lib/gcc/arm-none-eabi/12.3.1/../../../../arm-none-eabi/lib/thumb/v7e-m+fp/hard\libc_nano.a(libc_a-fwalk.o)
                0x08007a18                _fwalk_sglue
 .text.printf   0x08007a54       0x24 C:/ST/STM32CubeIDE_1.16.1/STM32CubeIDE/plugins/com.st.stm32cube.ide.mcu.externaltools.gnu-tools-for-stm32.12.3.rel1.win32_1.0.200.202406191623/tools/bin/../lib/gcc/arm-none-eabi/12.3.1/../../../../arm-none-eabi/lib/thumb/v7e-m+fp/hard\libc_nano.a(libc_a-printf.o)
                0x08007a54                iprintf
                0x08007a54                printf
 .text._puts_r  0x08007a78       0xaa C:/ST/STM32CubeIDE_1.16.1/STM32CubeIDE/plugins/com.st.stm32cube.ide.mcu.externaltools.gnu-tools-for-stm32.12.3.rel1.win32_1.0.200.202406191623/tools/bin/../lib/gcc/arm-none-eabi/12.3.1/../../../../arm-none-eabi/lib/thumb/v7e-m+fp/hard\libc_nano.a(libc_a-puts.o)
                0x08007a78                _puts_r
 *fill*         0x08007b22        0x2 
 .text.puts     0x08007b24       0x10 C:/ST/STM32CubeIDE_1.16.1/STM32CubeIDE/plugins/com.st.stm32cube.ide.mcu.externaltools.gnu-tools-for-stm32.12.3.rel1.win32_1.0.200.202406191623/tools/bin/../lib/gcc/arm-none-eabi/12.3.1/../../../../arm-none-eabi/lib/thumb/v7e-m+fp/hard\libc_nano.a(libc_a-puts.o)
                0x08007b24                puts
 .text.setvbuf  0x08007b34      0x168 C:/ST/STM32CubeIDE_1.16.1/STM32CubeIDE/plugins/com.st.stm32cube.ide.mcu.externaltools.gnu-tools-for-stm32.12.3.rel1.win32_1.0.200.202406191623/tools/bin/../lib/gcc/arm-none-eabi/12.3.1/../../../../arm-none-eabi/lib/thumb/v7e-m+fp/hard\libc_nano.a(libc_a-setvbuf.o)
                0x08007b34                setvbuf
 .text.__sread  0x08007c9c       0x22 C:/ST/STM32CubeIDE_1.16.1/STM32CubeIDE/plugins/com.st.stm32cube.ide.mcu.externaltools.gnu-tools-for-stm32.12.3.rel1.win32_1.0.200.202406191623/tools/bin/../lib/gcc/arm-none-eabi/12.3.1/../../../../arm-none-eabi/lib/thumb/v7e-m+fp/hard\libc_nano.a(libc_a-stdio.o)
                0x08007c9c                __sread
 .text.__swrite
                0x08007cbe       0x38 C:/ST/STM32CubeIDE_1.16.1/STM32CubeIDE/plugins/com.st.stm32cube.ide.mcu.externaltools.gnu-tools-for-stm32.12.3.rel1.win32_1.0.200.202406191623/tools/bin/../lib/gcc/arm-none-eabi/12.3.1/../../../../arm-none-eabi/lib/thumb/v7e-m+fp/hard\libc_nano.a(libc_a-stdio.o)
                0x08007cbe                __swrite
 .text.__sseek  0x08007cf6       0x24 C:/ST/STM32CubeIDE_1.16.1/STM32CubeIDE/plugins/com.st.stm32cube.ide.mcu.externaltools.gnu-tools-for-stm32.12.3.rel1.win32_1.0.200.202406191623/tools/bin/../lib/gcc/arm-none-eabi/12.3.1/../../../../arm-none-eabi/lib/thumb/v7e-m+fp/hard\libc_nano.a(libc_a-stdio.o)
                0x08007cf6                __sseek
 .text.__sclose
                0x08007d1a        0x8 C:/ST/STM32CubeIDE_1.16.1/STM32CubeIDE/plugins/com.st.stm32cube.ide.mcu.externaltools.gnu-tools-for-stm32.12.3.rel1.win32_1.0.200.202406191623/tools/bin/../lib/gcc/arm-none-eabi/12.3.1/../../../../arm-none-eabi/lib/thumb/v7e-m+fp/hard\libc_nano.a(libc_a-stdio.o)
                0x08007d1a                __sclose
 .text.__swbuf_r
                0x08007d22       0x7c C:/ST/STM32CubeIDE_1.16.1/STM32CubeIDE/plugins/com.st.stm32cube.ide.mcu.externaltools.gnu-tools-for-stm32.12.3.rel1.win32_1.0.200.202406191623/tools/bin/../lib/gcc/arm-none-eabi/12.3.1/../../../../arm-none-eabi/lib/thumb/v7e-m+fp/hard\libc_nano.a(libc_a-wbuf.o)
                0x08007d22                __swbuf_r
 *fill*         0x08007d9e        0x2 
 .text.__swsetup_r
                0x08007da0       0xac C:/ST/STM32CubeIDE_1.16.1/STM32CubeIDE/plugins/com.st.stm32cube.ide.mcu.externaltools.gnu-tools-for-stm32.12.3.rel1.win32_1.0.200.202406191623/tools/bin/../lib/gcc/arm-none-eabi/12.3.1/../../../../arm-none-eabi/lib/thumb/v7e-m+fp/hard\libc_nano.a(libc_a-wsetup.o)
                0x08007da0                __swsetup_r
 .text.memset   0x08007e4c       0x10 C:/ST/STM32CubeIDE_1.16.1/STM32CubeIDE/plugins/com.st.stm32cube.ide.mcu.externaltools.gnu-tools-for-stm32.12.3.rel1.win32_1.0.200.202406191623/tools/bin/../lib/gcc/arm-none-eabi/12.3.1/../../../../arm-none-eabi/lib/thumb/v7e-m+fp/hard\libc_nano.a(libc_a-memset.o)
                0x08007e4c                memset
 .text._close_r
                0x08007e5c       0x20 C:/ST/STM32CubeIDE_1.16.1/STM32CubeIDE/plugins/com.st.stm32cube.ide.mcu.externaltools.gnu-tools-for-stm32.12.3.rel1.win32_1.0.200.202406191623/tools/bin/../lib/gcc/arm-none-eabi/12.3.1/../../../../arm-none-eabi/lib/thumb/v7e-m+fp/hard\libc_nano.a(libc_a-closer.o)
                0x08007e5c                _close_r
 .text._lseek_r
                0x08007e7c       0x24 C:/ST/STM32CubeIDE_1.16.1/STM32CubeIDE/plugins/com.st.stm32cube.ide.mcu.externaltools.gnu-tools-for-stm32.12.3.rel1.win32_1.0.200.202406191623/tools/bin/../lib/gcc/arm-none-eabi/12.3.1/../../../../arm-none-eabi/lib/thumb/v7e-m+fp/hard\libc_nano.a(libc_a-lseekr.o)
                0x08007e7c                _lseek_r
 .text._read_r  0x08007ea0       0x24 C:/ST/STM32CubeIDE_1.16.1/STM32CubeIDE/plugins/com.st.stm32cube.ide.mcu.externaltools.gnu-tools-for-stm32.12.3.rel1.win32_1.0.200.202406191623/tools/bin/../lib/gcc/arm-none-eabi/12.3.1/../../../../arm-none-eabi/lib/thumb/v7e-m+fp/hard\libc_nano.a(libc_a-readr.o)
                0x08007ea0                _read_r
 .text._write_r
                0x08007ec4       0x24 C:/ST/STM32CubeIDE_1.16.1/STM32CubeIDE/plugins/com.st.stm32cube.ide.mcu.externaltools.gnu-tools-for-stm32.12.3.rel1.win32_1.0.200.202406191623/tools/bin/../lib/gcc/arm-none-eabi/12.3.1/../../../../arm-none-eabi/lib/thumb/v7e-m+fp/hard\libc_nano.a(libc_a-writer.o)
                0x08007ec4                _write_r
 .text.__errno  0x08007ee8        0xc C:/ST/STM32CubeIDE_1.16.1/STM32CubeIDE/plugins/com.st.stm32cube.ide.mcu.externaltools.gnu-tools-for-stm32.12.3.rel1.win32_1.0.200.202406191623/tools/bin/../lib/gcc/arm-none-eabi/12.3.1/../../../../arm-none-eabi/lib/thumb/v7e-m+fp/hard\libc_nano.a(libc_a-errno.o)
                0x08007ee8                __errno
 .text.__libc_init_array
                0x08007ef4       0x48 C:/ST/STM32CubeIDE_1.16.1/STM32CubeIDE/plugins/com.st.stm32cube.ide.mcu.externaltools.gnu-tools-for-stm32.12.3.rel1.win32_1.0.200.202406191623/tools/bin/../lib/gcc/arm-none-eabi/12.3.1/../../../../arm-none-eabi/lib/thumb/v7e-m+fp/hard\libc_nano.a(libc_a-init.o)
                0x08007ef4                __libc_init_array
 .text.__retarget_lock_init_recursive
                0x08007f3c        0x2 C:/ST/STM32CubeIDE_1.16.1/STM32CubeIDE/plugins/com.st.stm32cube.ide.mcu.externaltools.gnu-tools-for-stm32.12.3.rel1.win32_1.0.200.202406191623/tools/bin/../lib/gcc/arm-none-eabi/12.3.1/../../../../arm-none-eabi/lib/thumb/v7e-m+fp/hard\libc_nano.a(libc_a-lock.o)
                0x08007f3c                __retarget_lock_init_recursive
 .text.__retarget_lock_acquire_recursive
                0x08007f3e        0x2 C:/ST/STM32CubeIDE_1.16.1/STM32CubeIDE/plugins/com.st.stm32cube.ide.mcu.externaltools.gnu-tools-for-stm32.12.3.rel1.win32_1.0.200.202406191623/tools/bin/../lib/gcc/arm-none-eabi/12.3.1/../../../../arm-none-eabi/lib/thumb/v7e-m+fp/hard\libc_nano.a(libc_a-lock.o)
                0x08007f3e                __retarget_lock_acquire_recursive
 .text.__retarget_lock_release_recursive
                0x08007f40        0x2 C:/ST/STM32CubeIDE_1.16.1/STM32CubeIDE/plugins/com.st.stm32cube.ide.mcu.externaltools.gnu-tools-for-stm32.12.3.rel1.win32_1.0.200.202406191623/tools/bin/../lib/gcc/arm-none-eabi/12.3.1/../../../../arm-none-eabi/lib/thumb/v7e-m+fp/hard\libc_nano.a(libc_a-lock.o)
                0x08007f40                __retarget_lock_release_recursive
 .text.memcpy   0x08007f42       0x1c C:/ST/STM32CubeIDE_1.16.1/STM32CubeIDE/plugins/com.st.stm32cube.ide.mcu.externaltools.gnu-tools-for-stm32.12.3.rel1.win32_1.0.200.202406191623/tools/bin/../lib/gcc/arm-none-eabi/12.3.1/../../../../arm-none-eabi/lib/thumb/v7e-m+fp/hard\libc_nano.a(libc_a-memcpy-stub.o)
                0x08007f42                memcpy
 *fill*         0x08007f5e        0x2 
 .text._free_r  0x08007f60       0x94 C:/ST/STM32CubeIDE_1.16.1/STM32CubeIDE/plugins/com.st.stm32cube.ide.mcu.externaltools.gnu-tools-for-stm32.12.3.rel1.win32_1.0.200.202406191623/tools/bin/../lib/gcc/arm-none-eabi/12.3.1/../../../../arm-none-eabi/lib/thumb/v7e-m+fp/hard\libc_nano.a(libc_a-freer.o)
                0x08007f60                _free_r
 .text.malloc   0x08007ff4       0x10 C:/ST/STM32CubeIDE_1.16.1/STM32CubeIDE/plugins/com.st.stm32cube.ide.mcu.externaltools.gnu-tools-for-stm32.12.3.rel1.win32_1.0.200.202406191623/tools/bin/../lib/gcc/arm-none-eabi/12.3.1/../../../../arm-none-eabi/lib/thumb/v7e-m+fp/hard\libc_nano.a(libc_a-malloc.o)
                0x08007ff4                malloc
 .text.sbrk_aligned
                0x08008004       0x44 C:/ST/STM32CubeIDE_1.16.1/STM32CubeIDE/plugins/com.st.stm32cube.ide.mcu.externaltools.gnu-tools-for-stm32.12.3.rel1.win32_1.0.200.202406191623/tools/bin/../lib/gcc/arm-none-eabi/12.3.1/../../../../arm-none-eabi/lib/thumb/v7e-m+fp/hard\libc_nano.a(libc_a-mallocr.o)
 .text._malloc_r
                0x08008048      0x100 C:/ST/STM32CubeIDE_1.16.1/STM32CubeIDE/plugins/com.st.stm32cube.ide.mcu.externaltools.gnu-tools-for-stm32.12.3.rel1.win32_1.0.200.202406191623/tools/bin/../lib/gcc/arm-none-eabi/12.3.1/../../../../arm-none-eabi/lib/thumb/v7e-m+fp/hard\libc_nano.a(libc_a-mallocr.o)
                0x08008048                _malloc_r
 .text.__malloc_lock
                0x08008148        0xc C:/ST/STM32CubeIDE_1.16.1/STM32CubeIDE/plugins/com.st.stm32cube.ide.mcu.externaltools.gnu-tools-for-stm32.12.3.rel1.win32_1.0.200.202406191623/tools/bin/../lib/gcc/arm-none-eabi/12.3.1/../../../../arm-none-eabi/lib/thumb/v7e-m+fp/hard\libc_nano.a(libc_a-mlock.o)
                0x08008148                __malloc_lock
 .text.__malloc_unlock
                0x08008154        0xc C:/ST/STM32CubeIDE_1.16.1/STM32CubeIDE/plugins/com.st.stm32cube.ide.mcu.externaltools.gnu-tools-for-stm32.12.3.rel1.win32_1.0.200.202406191623/tools/bin/../lib/gcc/arm-none-eabi/12.3.1/../../../../arm-none-eabi/lib/thumb/v7e-m+fp/hard\libc_nano.a(libc_a-mlock.o)
                0x08008154                __malloc_unlock
 .text.__sfputc_r
                0x08008160       0x2e C:/ST/STM32CubeIDE_1.16.1/STM32CubeIDE/plugins/com.st.stm32cube.ide.mcu.externaltools.gnu-tools-for-stm32.12.3.rel1.win32_1.0.200.202406191623/tools/bin/../lib/gcc/arm-none-eabi/12.3.1/../../../../arm-none-eabi/lib/thumb/v7e-m+fp/hard\libc_nano.a(libc_a-nano-vfprintf.o)
 .text.__sfputs_r
                0x0800818e       0x24 C:/ST/STM32CubeIDE_1.16.1/STM32CubeIDE/plugins/com.st.stm32cube.ide.mcu.externaltools.gnu-tools-for-stm32.12.3.rel1.win32_1.0.200.202406191623/tools/bin/../lib/gcc/arm-none-eabi/12.3.1/../../../../arm-none-eabi/lib/thumb/v7e-m+fp/hard\libc_nano.a(libc_a-nano-vfprintf.o)
                0x0800818e                __sfputs_r
 *fill*         0x080081b2        0x2 
 .text._vfprintf_r
                0x080081b4      0x230 C:/ST/STM32CubeIDE_1.16.1/STM32CubeIDE/plugins/com.st.stm32cube.ide.mcu.externaltools.gnu-tools-for-stm32.12.3.rel1.win32_1.0.200.202406191623/tools/bin/../lib/gcc/arm-none-eabi/12.3.1/../../../../arm-none-eabi/lib/thumb/v7e-m+fp/hard\libc_nano.a(libc_a-nano-vfprintf.o)
                0x080081b4                _vfprintf_r
                0x080081b4                _vfiprintf_r
 .text._printf_common
                0x080083e4       0xda C:/ST/STM32CubeIDE_1.16.1/STM32CubeIDE/plugins/com.st.stm32cube.ide.mcu.externaltools.gnu-tools-for-stm32.12.3.rel1.win32_1.0.200.202406191623/tools/bin/../lib/gcc/arm-none-eabi/12.3.1/../../../../arm-none-eabi/lib/thumb/v7e-m+fp/hard\libc_nano.a(libc_a-nano-vfprintf_i.o)
                0x080083e4                _printf_common
 *fill*         0x080084be        0x2 
 .text._printf_i
                0x080084c0      0x240 C:/ST/STM32CubeIDE_1.16.1/STM32CubeIDE/plugins/com.st.stm32cube.ide.mcu.externaltools.gnu-tools-for-stm32.12.3.rel1.win32_1.0.200.202406191623/tools/bin/../lib/gcc/arm-none-eabi/12.3.1/../../../../arm-none-eabi/lib/thumb/v7e-m+fp/hard\libc_nano.a(libc_a-nano-vfprintf_i.o)
                0x080084c0                _printf_i
 .text.__sflush_r
                0x08008700      0x108 C:/ST/STM32CubeIDE_1.16.1/STM32CubeIDE/plugins/com.st.stm32cube.ide.mcu.externaltools.gnu-tools-for-stm32.12.3.rel1.win32_1.0.200.202406191623/tools/bin/../lib/gcc/arm-none-eabi/12.3.1/../../../../arm-none-eabi/lib/thumb/v7e-m+fp/hard\libc_nano.a(libc_a-fflush.o)
                0x08008700                __sflush_r
 .text._fflush_r
                0x08008808       0x50 C:/ST/STM32CubeIDE_1.16.1/STM32CubeIDE/plugins/com.st.stm32cube.ide.mcu.externaltools.gnu-tools-for-stm32.12.3.rel1.win32_1.0.200.202406191623/tools/bin/../lib/gcc/arm-none-eabi/12.3.1/../../../../arm-none-eabi/lib/thumb/v7e-m+fp/hard\libc_nano.a(libc_a-fflush.o)
                0x08008808                _fflush_r
 .text.__swhatbuf_r
                0x08008858       0x4c C:/ST/STM32CubeIDE_1.16.1/STM32CubeIDE/plugins/com.st.stm32cube.ide.mcu.externaltools.gnu-tools-for-stm32.12.3.rel1.win32_1.0.200.202406191623/tools/bin/../lib/gcc/arm-none-eabi/12.3.1/../../../../arm-none-eabi/lib/thumb/v7e-m+fp/hard\libc_nano.a(libc_a-makebuf.o)
                0x08008858                __swhatbuf_r
 .text.__smakebuf_r
                0x080088a4       0x78 C:/ST/STM32CubeIDE_1.16.1/STM32CubeIDE/plugins/com.st.stm32cube.ide.mcu.externaltools.gnu-tools-for-stm32.12.3.rel1.win32_1.0.200.202406191623/tools/bin/../lib/gcc/arm-none-eabi/12.3.1/../../../../arm-none-eabi/lib/thumb/v7e-m+fp/hard\libc_nano.a(libc_a-makebuf.o)
                0x080088a4                __smakebuf_r
 .text._fstat_r
                0x0800891c       0x24 C:/ST/STM32CubeIDE_1.16.1/STM32CubeIDE/plugins/com.st.stm32cube.ide.mcu.externaltools.gnu-tools-for-stm32.12.3.rel1.win32_1.0.200.202406191623/tools/bin/../lib/gcc/arm-none-eabi/12.3.1/../../../../arm-none-eabi/lib/thumb/v7e-m+fp/hard\libc_nano.a(libc_a-fstatr.o)
                0x0800891c                _fstat_r
 .text._isatty_r
                0x08008940       0x20 C:/ST/STM32CubeIDE_1.16.1/STM32CubeIDE/plugins/com.st.stm32cube.ide.mcu.externaltools.gnu-tools-for-stm32.12.3.rel1.win32_1.0.200.202406191623/tools/bin/../lib/gcc/arm-none-eabi/12.3.1/../../../../arm-none-eabi/lib/thumb/v7e-m+fp/hard\libc_nano.a(libc_a-isattyr.o)
                0x08008940                _isatty_r
 .text._sbrk_r  0x08008960       0x20 C:/ST/STM32CubeIDE_1.16.1/STM32CubeIDE/plugins/com.st.stm32cube.ide.mcu.externaltools.gnu-tools-for-stm32.12.3.rel1.win32_1.0.200.202406191623/tools/bin/../lib/gcc/arm-none-eabi/12.3.1/../../../../arm-none-eabi/lib/thumb/v7e-m+fp/hard\libc_nano.a(libc_a-sbrkr.o)
                0x08008960                _sbrk_r
 *(.glue_7)
 .glue_7        0x08008980        0x0 linker stubs
 *(.glue_7t)
 .glue_7t       0x08008980        0x0 linker stubs
 *(.eh_frame)
 .eh_frame      0x08008980        0x0 C:/ST/STM32CubeIDE_1.16.1/STM32CubeIDE/plugins/com.st.stm32cube.ide.mcu.externaltools.gnu-tools-for-stm32.12.3.rel1.win32_1.0.200.202406191623/tools/bin/../lib/gcc/arm-none-eabi/12.3.1/thumb/v7e-m+fp/hard/crtbegin.o
 *(.init)
 .init          0x08008980        0x4 C:/ST/STM32CubeIDE_1.16.1/STM32CubeIDE/plugins/com.st.stm32cube.ide.mcu.externaltools.gnu-tools-for-stm32.12.3.rel1.win32_1.0.200.202406191623/tools/bin/../lib/gcc/arm-none-eabi/12.3.1/thumb/v7e-m+fp/hard/crti.o
                0x08008980                _init
 .init          0x08008984        0x8 C:/ST/STM32CubeIDE_1.16.1/STM32CubeIDE/plugins/com.st.stm32cube.ide.mcu.externaltools.gnu-tools-for-stm32.12.3.rel1.win32_1.0.200.202406191623/tools/bin/../lib/gcc/arm-none-eabi/12.3.1/thumb/v7e-m+fp/hard/crtn.o
 *(.fini)
 .fini          0x0800898c        0x4 C:/ST/STM32CubeIDE_1.16.1/STM32CubeIDE/plugins/com.st.stm32cube.ide.mcu.externaltools.gnu-tools-for-stm32.12.3.rel1.win32_1.0.200.202406191623/tools/bin/../lib/gcc/arm-none-eabi/12.3.1/thumb/v7e-m+fp/hard/crti.o
                0x0800898c                _fini
 .fini          0x08008990        0x8 C:/ST/STM32CubeIDE_1.16.1/STM32CubeIDE/plugins/com.st.stm32cube.ide.mcu.externaltools.gnu-tools-for-stm32.12.3.rel1.win32_1.0.200.202406191623/tools/bin/../lib/gcc/arm-none-eabi/12.3.1/thumb/v7e-m+fp/hard/crtn.o
                0x08008998                        . = ALIGN (0x4)
                0x08008998                        _etext = .

.vfp11_veneer   0x08008998        0x0
 .vfp11_veneer  0x08008998        0x0 linker stubs

.v4_bx          0x08008998        0x0
 .v4_bx         0x08008998        0x0 linker stubs

.iplt           0x08008998        0x0
 .iplt          0x08008998        0x0 C:/ST/STM32CubeIDE_1.16.1/STM32CubeIDE/plugins/com.st.stm32cube.ide.mcu.externaltools.gnu-tools-for-stm32.12.3.rel1.win32_1.0.200.202406191623/tools/bin/../lib/gcc/arm-none-eabi/12.3.1/thumb/v7e-m+fp/hard/crtbegin.o

.rodata         0x08008998    0x12d48
                0x08008998                        . = ALIGN (0x4)
 *(.rodata)
 .rodata        0x08008998      0x2a3 ./Core/Src/s2lp.o
 *(.rodata*)
 *fill*         0x08008c3b        0x1 
 .rodata.send_spectrogram.str1.4
                0x08008c3c       0x44 ./Core/Src/adc_dblbuf.o
 .rodata.HAL_ADC_ConvCpltCallback.str1.4
                0x08008c80       0x1d ./Core/Src/adc_dblbuf.o
 *fill*         0x08008c9d        0x3 
 .rodata.HeaderAES
                0x08008ca0       0x40 ./Core/Src/aes.o
 .rodata.pKeyAES
                0x08008ce0       0x10 ./Core/Src/aes.o
 .rodata.run.str1.4
                0x08008cf0       0x1e ./Core/Src/main.o
 *fill*         0x08008d0e        0x2 
 .rodata.Error_Handler.str1.4
                0x08008d10       0x18 ./Core/Src/main.o
 .rodata.main.str1.4
                0x08008d28       0x8d ./Core/Src/main.o
 *fill*         0x08008db5        0x3 
 .rodata.mel_filter_apply.str1.4
                0x08008db8       0x33 ./Core/Src/spectrogram.o
 *fill*         0x08008deb        0x1 
 .rodata.Spectrogram_Compute.str1.4
                0x08008dec       0x10 ./Core/Src/spectrogram.o
 .rodata.mel_triangles
                0x08008dfc      0x9b0 ./Core/Src/spectrogram.o
 .rodata.MSIRangeTable
                0x080097ac       0x30 ./Core/Src/system_stm32l4xx.o
                0x080097ac                MSIRangeTable
 .rodata.APBPrescTable
                0x080097dc        0x8 ./Core/Src/system_stm32l4xx.o
                0x080097dc                APBPrescTable
 .rodata.AHBPrescTable
                0x080097e4       0x10 ./Core/Src/system_stm32l4xx.o
                0x080097e4                AHBPrescTable
 .rodata.start_cycle_count.str1.4
                0x080097f4       0x22 ./Core/Src/utils.o
 *fill*         0x08009816        0x2 
 .rodata.stop_cycle_count.str1.4
                0x08009818       0x17 ./Core/Src/utils.o
 *fill*         0x0800982f        0x1 
 .rodata.hex_encode.str1.4
                0x08009830       0x11 ./Core/Src/utils.o
 *fill*         0x08009841        0x3 
 .rodata.CSWTCH.108
                0x08009844       0x10 ./Drivers/STM32L4xx_HAL_Driver/Src/stm32l4xx_hal_adc.o
 .rodata.arm_cfft_sR_q15_len1024
                0x08009854       0x10 C:\Dev\GIT\LELEC210X_GROUP_E\mcu\optimization_main_app\ARM_CMSIS\CMSIS\DSP\Lib\GCC\libarm_cortexM4lf_math.a(arm_const_structs.o)
                0x08009854                arm_cfft_sR_q15_len1024
 .rodata.arm_cfft_sR_q15_len128
                0x08009864       0x10 C:\Dev\GIT\LELEC210X_GROUP_E\mcu\optimization_main_app\ARM_CMSIS\CMSIS\DSP\Lib\GCC\libarm_cortexM4lf_math.a(arm_const_structs.o)
                0x08009864                arm_cfft_sR_q15_len128
 .rodata.arm_cfft_sR_q15_len16
                0x08009874       0x10 C:\Dev\GIT\LELEC210X_GROUP_E\mcu\optimization_main_app\ARM_CMSIS\CMSIS\DSP\Lib\GCC\libarm_cortexM4lf_math.a(arm_const_structs.o)
                0x08009874                arm_cfft_sR_q15_len16
 .rodata.arm_cfft_sR_q15_len2048
                0x08009884       0x10 C:\Dev\GIT\LELEC210X_GROUP_E\mcu\optimization_main_app\ARM_CMSIS\CMSIS\DSP\Lib\GCC\libarm_cortexM4lf_math.a(arm_const_structs.o)
                0x08009884                arm_cfft_sR_q15_len2048
 .rodata.arm_cfft_sR_q15_len256
                0x08009894       0x10 C:\Dev\GIT\LELEC210X_GROUP_E\mcu\optimization_main_app\ARM_CMSIS\CMSIS\DSP\Lib\GCC\libarm_cortexM4lf_math.a(arm_const_structs.o)
                0x08009894                arm_cfft_sR_q15_len256
 .rodata.arm_cfft_sR_q15_len32
                0x080098a4       0x10 C:\Dev\GIT\LELEC210X_GROUP_E\mcu\optimization_main_app\ARM_CMSIS\CMSIS\DSP\Lib\GCC\libarm_cortexM4lf_math.a(arm_const_structs.o)
                0x080098a4                arm_cfft_sR_q15_len32
 .rodata.arm_cfft_sR_q15_len4096
                0x080098b4       0x10 C:\Dev\GIT\LELEC210X_GROUP_E\mcu\optimization_main_app\ARM_CMSIS\CMSIS\DSP\Lib\GCC\libarm_cortexM4lf_math.a(arm_const_structs.o)
                0x080098b4                arm_cfft_sR_q15_len4096
 .rodata.arm_cfft_sR_q15_len512
                0x080098c4       0x10 C:\Dev\GIT\LELEC210X_GROUP_E\mcu\optimization_main_app\ARM_CMSIS\CMSIS\DSP\Lib\GCC\libarm_cortexM4lf_math.a(arm_const_structs.o)
                0x080098c4                arm_cfft_sR_q15_len512
 .rodata.arm_cfft_sR_q15_len64
                0x080098d4       0x10 C:\Dev\GIT\LELEC210X_GROUP_E\mcu\optimization_main_app\ARM_CMSIS\CMSIS\DSP\Lib\GCC\libarm_cortexM4lf_math.a(arm_const_structs.o)
                0x080098d4                arm_cfft_sR_q15_len64
 .rodata.armBitRevIndexTable_fixed_1024
                0x080098e4      0x7c0 C:\Dev\GIT\LELEC210X_GROUP_E\mcu\optimization_main_app\ARM_CMSIS\CMSIS\DSP\Lib\GCC\libarm_cortexM4lf_math.a(arm_common_tables.o)
                0x080098e4                armBitRevIndexTable_fixed_1024
 .rodata.armBitRevIndexTable_fixed_128
                0x0800a0a4       0xe0 C:\Dev\GIT\LELEC210X_GROUP_E\mcu\optimization_main_app\ARM_CMSIS\CMSIS\DSP\Lib\GCC\libarm_cortexM4lf_math.a(arm_common_tables.o)
                0x0800a0a4                armBitRevIndexTable_fixed_128
 .rodata.armBitRevIndexTable_fixed_16
                0x0800a184       0x18 C:\Dev\GIT\LELEC210X_GROUP_E\mcu\optimization_main_app\ARM_CMSIS\CMSIS\DSP\Lib\GCC\libarm_cortexM4lf_math.a(arm_common_tables.o)
                0x0800a184                armBitRevIndexTable_fixed_16
 .rodata.armBitRevIndexTable_fixed_2048
                0x0800a19c      0xf80 C:\Dev\GIT\LELEC210X_GROUP_E\mcu\optimization_main_app\ARM_CMSIS\CMSIS\DSP\Lib\GCC\libarm_cortexM4lf_math.a(arm_common_tables.o)
                0x0800a19c                armBitRevIndexTable_fixed_2048
 .rodata.armBitRevIndexTable_fixed_256
                0x0800b11c      0x1e0 C:\Dev\GIT\LELEC210X_GROUP_E\mcu\optimization_main_app\ARM_CMSIS\CMSIS\DSP\Lib\GCC\libarm_cortexM4lf_math.a(arm_common_tables.o)
                0x0800b11c                armBitRevIndexTable_fixed_256
 .rodata.armBitRevIndexTable_fixed_32
                0x0800b2fc       0x30 C:\Dev\GIT\LELEC210X_GROUP_E\mcu\optimization_main_app\ARM_CMSIS\CMSIS\DSP\Lib\GCC\libarm_cortexM4lf_math.a(arm_common_tables.o)
                0x0800b2fc                armBitRevIndexTable_fixed_32
 .rodata.armBitRevIndexTable_fixed_4096
                0x0800b32c     0x1f80 C:\Dev\GIT\LELEC210X_GROUP_E\mcu\optimization_main_app\ARM_CMSIS\CMSIS\DSP\Lib\GCC\libarm_cortexM4lf_math.a(arm_common_tables.o)
                0x0800b32c                armBitRevIndexTable_fixed_4096
 .rodata.armBitRevIndexTable_fixed_512
                0x0800d2ac      0x3c0 C:\Dev\GIT\LELEC210X_GROUP_E\mcu\optimization_main_app\ARM_CMSIS\CMSIS\DSP\Lib\GCC\libarm_cortexM4lf_math.a(arm_common_tables.o)
                0x0800d2ac                armBitRevIndexTable_fixed_512
 .rodata.armBitRevIndexTable_fixed_64
                0x0800d66c       0x70 C:\Dev\GIT\LELEC210X_GROUP_E\mcu\optimization_main_app\ARM_CMSIS\CMSIS\DSP\Lib\GCC\libarm_cortexM4lf_math.a(arm_common_tables.o)
                0x0800d66c                armBitRevIndexTable_fixed_64
 .rodata.realCoefAQ15
                0x0800d6dc     0x4000 C:\Dev\GIT\LELEC210X_GROUP_E\mcu\optimization_main_app\ARM_CMSIS\CMSIS\DSP\Lib\GCC\libarm_cortexM4lf_math.a(arm_common_tables.o)
                0x0800d6dc                realCoefAQ15
 .rodata.realCoefBQ15
                0x080116dc     0x4000 C:\Dev\GIT\LELEC210X_GROUP_E\mcu\optimization_main_app\ARM_CMSIS\CMSIS\DSP\Lib\GCC\libarm_cortexM4lf_math.a(arm_common_tables.o)
                0x080116dc                realCoefBQ15
 .rodata.twiddleCoef_1024_q15
                0x080156dc      0xc00 C:\Dev\GIT\LELEC210X_GROUP_E\mcu\optimization_main_app\ARM_CMSIS\CMSIS\DSP\Lib\GCC\libarm_cortexM4lf_math.a(arm_common_tables.o)
                0x080156dc                twiddleCoef_1024_q15
 .rodata.twiddleCoef_128_q15
                0x080162dc      0x180 C:\Dev\GIT\LELEC210X_GROUP_E\mcu\optimization_main_app\ARM_CMSIS\CMSIS\DSP\Lib\GCC\libarm_cortexM4lf_math.a(arm_common_tables.o)
                0x080162dc                twiddleCoef_128_q15
 .rodata.twiddleCoef_16_q15
                0x0801645c       0x30 C:\Dev\GIT\LELEC210X_GROUP_E\mcu\optimization_main_app\ARM_CMSIS\CMSIS\DSP\Lib\GCC\libarm_cortexM4lf_math.a(arm_common_tables.o)
                0x0801645c                twiddleCoef_16_q15
 .rodata.twiddleCoef_2048_q15
                0x0801648c     0x1800 C:\Dev\GIT\LELEC210X_GROUP_E\mcu\optimization_main_app\ARM_CMSIS\CMSIS\DSP\Lib\GCC\libarm_cortexM4lf_math.a(arm_common_tables.o)
                0x0801648c                twiddleCoef_2048_q15
 .rodata.twiddleCoef_256_q15
                0x08017c8c      0x300 C:\Dev\GIT\LELEC210X_GROUP_E\mcu\optimization_main_app\ARM_CMSIS\CMSIS\DSP\Lib\GCC\libarm_cortexM4lf_math.a(arm_common_tables.o)
                0x08017c8c                twiddleCoef_256_q15
 .rodata.twiddleCoef_32_q15
                0x08017f8c       0x60 C:\Dev\GIT\LELEC210X_GROUP_E\mcu\optimization_main_app\ARM_CMSIS\CMSIS\DSP\Lib\GCC\libarm_cortexM4lf_math.a(arm_common_tables.o)
                0x08017f8c                twiddleCoef_32_q15
 .rodata.twiddleCoef_4096_q15
                0x08017fec     0x3000 C:\Dev\GIT\LELEC210X_GROUP_E\mcu\optimization_main_app\ARM_CMSIS\CMSIS\DSP\Lib\GCC\libarm_cortexM4lf_math.a(arm_common_tables.o)
                0x08017fec                twiddleCoef_4096_q15
 .rodata.twiddleCoef_512_q15
                0x0801afec      0x600 C:\Dev\GIT\LELEC210X_GROUP_E\mcu\optimization_main_app\ARM_CMSIS\CMSIS\DSP\Lib\GCC\libarm_cortexM4lf_math.a(arm_common_tables.o)
                0x0801afec                twiddleCoef_512_q15
 .rodata.twiddleCoef_64_q15
                0x0801b5ec       0xc0 C:\Dev\GIT\LELEC210X_GROUP_E\mcu\optimization_main_app\ARM_CMSIS\CMSIS\DSP\Lib\GCC\libarm_cortexM4lf_math.a(arm_common_tables.o)
                0x0801b5ec                twiddleCoef_64_q15
 .rodata._vfprintf_r.str1.1
                0x0801b6ac       0x11 C:/ST/STM32CubeIDE_1.16.1/STM32CubeIDE/plugins/com.st.stm32cube.ide.mcu.externaltools.gnu-tools-for-stm32.12.3.rel1.win32_1.0.200.202406191623/tools/bin/../lib/gcc/arm-none-eabi/12.3.1/../../../../arm-none-eabi/lib/thumb/v7e-m+fp/hard\libc_nano.a(libc_a-nano-vfprintf.o)
 .rodata._printf_i.str1.1
                0x0801b6bd       0x22 C:/ST/STM32CubeIDE_1.16.1/STM32CubeIDE/plugins/com.st.stm32cube.ide.mcu.externaltools.gnu-tools-for-stm32.12.3.rel1.win32_1.0.200.202406191623/tools/bin/../lib/gcc/arm-none-eabi/12.3.1/../../../../arm-none-eabi/lib/thumb/v7e-m+fp/hard\libc_nano.a(libc_a-nano-vfprintf_i.o)
                0x0801b6e0                        . = ALIGN (0x4)
 *fill*         0x0801b6df        0x1 

.ARM.extab      0x0801b6e0        0x0
                0x0801b6e0                        . = ALIGN (0x4)
 *(.ARM.extab* .gnu.linkonce.armextab.*)
                0x0801b6e0                        . = ALIGN (0x4)

.ARM            0x0801b6e0        0x8
                0x0801b6e0                        . = ALIGN (0x4)
                0x0801b6e0                        __exidx_start = .
 *(.ARM.exidx*)
 .ARM.exidx     0x0801b6e0        0x8 C:/ST/STM32CubeIDE_1.16.1/STM32CubeIDE/plugins/com.st.stm32cube.ide.mcu.externaltools.gnu-tools-for-stm32.12.3.rel1.win32_1.0.200.202406191623/tools/bin/../lib/gcc/arm-none-eabi/12.3.1/../../../../arm-none-eabi/lib/thumb/v7e-m+fp/hard\libc_nano.a(libc_a-memchr.o)
 .ARM.exidx     0x0801b6e8        0x0 C:/ST/STM32CubeIDE_1.16.1/STM32CubeIDE/plugins/com.st.stm32cube.ide.mcu.externaltools.gnu-tools-for-stm32.12.3.rel1.win32_1.0.200.202406191623/tools/bin/../lib/gcc/arm-none-eabi/12.3.1/thumb/v7e-m+fp/hard\libgcc.a(_udivmoddi4.o)
                                  0x8 (size before relaxing)
                0x0801b6e8                        __exidx_end = .
                0x0801b6e8                        . = ALIGN (0x4)

.preinit_array  0x0801b6e8        0x0
                0x0801b6e8                        . = ALIGN (0x4)
                0x0801b6e8                        PROVIDE (__preinit_array_start = .)
 *(.preinit_array*)
                0x0801b6e8                        PROVIDE (__preinit_array_end = .)
                0x0801b6e8                        . = ALIGN (0x4)

.init_array     0x0801b6e8        0x4
                0x0801b6e8                        . = ALIGN (0x4)
                0x0801b6e8                        PROVIDE (__init_array_start = .)
 *(SORT_BY_NAME(.init_array.*))
 *(.init_array*)
 .init_array    0x0801b6e8        0x4 C:/ST/STM32CubeIDE_1.16.1/STM32CubeIDE/plugins/com.st.stm32cube.ide.mcu.externaltools.gnu-tools-for-stm32.12.3.rel1.win32_1.0.200.202406191623/tools/bin/../lib/gcc/arm-none-eabi/12.3.1/thumb/v7e-m+fp/hard/crtbegin.o
                0x0801b6ec                        PROVIDE (__init_array_end = .)
                0x0801b6ec                        . = ALIGN (0x4)

.fini_array     0x0801b6ec        0x4
                0x0801b6ec                        . = ALIGN (0x4)
                [!provide]                        PROVIDE (__fini_array_start = .)
 *(SORT_BY_NAME(.fini_array.*))
 *(.fini_array*)
 .fini_array    0x0801b6ec        0x4 C:/ST/STM32CubeIDE_1.16.1/STM32CubeIDE/plugins/com.st.stm32cube.ide.mcu.externaltools.gnu-tools-for-stm32.12.3.rel1.win32_1.0.200.202406191623/tools/bin/../lib/gcc/arm-none-eabi/12.3.1/thumb/v7e-m+fp/hard/crtbegin.o
                [!provide]                        PROVIDE (__fini_array_end = .)
                0x0801b6f0                        . = ALIGN (0x4)
                0x0801b6f0                        _sidata = LOADADDR (.data)

.rel.dyn        0x0801b6f0        0x0
 .rel.iplt      0x0801b6f0        0x0 C:/ST/STM32CubeIDE_1.16.1/STM32CubeIDE/plugins/com.st.stm32cube.ide.mcu.externaltools.gnu-tools-for-stm32.12.3.rel1.win32_1.0.200.202406191623/tools/bin/../lib/gcc/arm-none-eabi/12.3.1/thumb/v7e-m+fp/hard/crtbegin.o

.data           0x20000000      0x468 load address 0x0801b6f0
                0x20000000                        . = ALIGN (0x4)
                0x20000000                        _sdata = .
 *(.data)
 *(.data*)
 .data.hamming_window
                0x20000000      0x400 ./Core/Src/spectrogram.o
                0x20000000                hamming_window
 .data.SystemCoreClock
                0x20000400        0x4 ./Core/Src/system_stm32l4xx.o
                0x20000400                SystemCoreClock
 .data.uwTickFreq
                0x20000404        0x1 ./Drivers/STM32L4xx_HAL_Driver/Src/stm32l4xx_hal.o
                0x20000404                uwTickFreq
 *fill*         0x20000405        0x3 
 .data.uwTickPrio
                0x20000408        0x4 ./Drivers/STM32L4xx_HAL_Driver/Src/stm32l4xx_hal.o
                0x20000408                uwTickPrio
 .data.__sglue  0x2000040c        0xc C:/ST/STM32CubeIDE_1.16.1/STM32CubeIDE/plugins/com.st.stm32cube.ide.mcu.externaltools.gnu-tools-for-stm32.12.3.rel1.win32_1.0.200.202406191623/tools/bin/../lib/gcc/arm-none-eabi/12.3.1/../../../../arm-none-eabi/lib/thumb/v7e-m+fp/hard\libc_nano.a(libc_a-findfp.o)
                0x2000040c                __sglue
 .data._impure_ptr
                0x20000418        0x4 C:/ST/STM32CubeIDE_1.16.1/STM32CubeIDE/plugins/com.st.stm32cube.ide.mcu.externaltools.gnu-tools-for-stm32.12.3.rel1.win32_1.0.200.202406191623/tools/bin/../lib/gcc/arm-none-eabi/12.3.1/../../../../arm-none-eabi/lib/thumb/v7e-m+fp/hard\libc_nano.a(libc_a-impure.o)
                0x20000418                _impure_ptr
 .data._impure_data
                0x2000041c       0x4c C:/ST/STM32CubeIDE_1.16.1/STM32CubeIDE/plugins/com.st.stm32cube.ide.mcu.externaltools.gnu-tools-for-stm32.12.3.rel1.win32_1.0.200.202406191623/tools/bin/../lib/gcc/arm-none-eabi/12.3.1/../../../../arm-none-eabi/lib/thumb/v7e-m+fp/hard\libc_nano.a(libc_a-impure.o)
                0x2000041c                _impure_data
 *(.RamFunc)
 *(.RamFunc*)
                0x20000468                        . = ALIGN (0x4)
                0x20000468                        _edata = .

.igot.plt       0x20000468        0x0 load address 0x0801bb58
 .igot.plt      0x20000468        0x0 C:/ST/STM32CubeIDE_1.16.1/STM32CubeIDE/plugins/com.st.stm32cube.ide.mcu.externaltools.gnu-tools-for-stm32.12.3.rel1.win32_1.0.200.202406191623/tools/bin/../lib/gcc/arm-none-eabi/12.3.1/thumb/v7e-m+fp/hard/crtbegin.o
                0x20000468                        . = ALIGN (0x4)

.bss            0x20000468     0x1b04 load address 0x0801bb58
                0x20000468                        _sbss = .
                0x20000468                        __bss_start__ = _sbss
 *(.bss)
 .bss           0x20000468       0x1c C:/ST/STM32CubeIDE_1.16.1/STM32CubeIDE/plugins/com.st.stm32cube.ide.mcu.externaltools.gnu-tools-for-stm32.12.3.rel1.win32_1.0.200.202406191623/tools/bin/../lib/gcc/arm-none-eabi/12.3.1/thumb/v7e-m+fp/hard/crtbegin.o
 *(.bss*)
 .bss.hdma_adc1
                0x20000484       0x48 ./Core/Src/adc.o
                0x20000484                hdma_adc1
 .bss.hadc1     0x200004cc       0x68 ./Core/Src/adc.o
                0x200004cc                hadc1
 .bss.rem_n_bufs
                0x20000534        0x4 ./Core/Src/adc_dblbuf.o
 .bss.packet_cnt
                0x20000538        0x4 ./Core/Src/adc_dblbuf.o
 .bss.mel_vectors
                0x2000053c      0x320 ./Core/Src/adc_dblbuf.o
 .bss.cur_melvec
                0x2000085c        0x1 ./Core/Src/adc_dblbuf.o
 *fill*         0x2000085d        0x3 
 .bss.ADCDataRdy
                0x20000860        0x2 ./Core/Src/adc_dblbuf.o
 *fill*         0x20000862        0x2 
 .bss.ADCDoubleBuf
                0x20000864      0x800 ./Core/Src/adc_dblbuf.o
 *fill*         0x20001064        0x4 
 .bss.hcryp     0x20001068       0x60 ./Core/Src/aes.o
                0x20001068                hcryp
 .bss.btn_press
                0x200010c8        0x1 ./Core/Src/main.o
                0x200010c8                btn_press
 *fill*         0x200010c9        0x3 
 .bss.gHuart    0x200010cc        0x4 ./Core/Src/retarget.o
                0x200010cc                gHuart
 .bss.packet_sent
                0x200010d0        0x1 ./Core/Src/s2lp.o
                0x200010d0                packet_sent
 .bss.fifo_almost_empty
                0x200010d1        0x1 ./Core/Src/s2lp.o
                0x200010d1                fifo_almost_empty
 .bss.underflow
                0x200010d2        0x1 ./Core/Src/s2lp.o
                0x200010d2                underflow
 *fill*         0x200010d3        0x1 
 .bss.gSPI      0x200010d4        0x4 ./Core/Src/s2lp.o
                0x200010d4                gSPI
 .bss.buf_fft   0x200010d8      0x800 ./Core/Src/spectrogram.o
                0x200010d8                buf_fft
 .bss.buf       0x200018d8      0x400 ./Core/Src/spectrogram.o
                0x200018d8                buf
 .bss.hspi1     0x20001cd8       0x64 ./Core/Src/spi.o
                0x20001cd8                hspi1
 .bss.__sbrk_heap_end
                0x20001d3c        0x4 ./Core/Src/sysmem.o
 .bss.htim3     0x20001d40       0x4c ./Core/Src/tim.o
                0x20001d40                htim3
 *fill*         0x20001d8c        0x4 
 .bss.hlpuart1  0x20001d90       0x88 ./Core/Src/usart.o
                0x20001d90                hlpuart1
 .bss.counting_cycles
                0x20001e18        0x1 ./Core/Src/utils.o
                0x20001e18                counting_cycles
 *fill*         0x20001e19        0x3 
 .bss.uwTick    0x20001e1c        0x4 ./Drivers/STM32L4xx_HAL_Driver/Src/stm32l4xx_hal.o
                0x20001e1c                uwTick
 .bss.__sf      0x20001e20      0x138 C:/ST/STM32CubeIDE_1.16.1/STM32CubeIDE/plugins/com.st.stm32cube.ide.mcu.externaltools.gnu-tools-for-stm32.12.3.rel1.win32_1.0.200.202406191623/tools/bin/../lib/gcc/arm-none-eabi/12.3.1/../../../../arm-none-eabi/lib/thumb/v7e-m+fp/hard\libc_nano.a(libc_a-findfp.o)
                0x20001e20                __sf
 .bss.__stdio_exit_handler
                0x20001f58        0x4 C:/ST/STM32CubeIDE_1.16.1/STM32CubeIDE/plugins/com.st.stm32cube.ide.mcu.externaltools.gnu-tools-for-stm32.12.3.rel1.win32_1.0.200.202406191623/tools/bin/../lib/gcc/arm-none-eabi/12.3.1/../../../../arm-none-eabi/lib/thumb/v7e-m+fp/hard\libc_nano.a(libc_a-findfp.o)
                0x20001f58                __stdio_exit_handler
 .bss.errno     0x20001f5c        0x4 C:/ST/STM32CubeIDE_1.16.1/STM32CubeIDE/plugins/com.st.stm32cube.ide.mcu.externaltools.gnu-tools-for-stm32.12.3.rel1.win32_1.0.200.202406191623/tools/bin/../lib/gcc/arm-none-eabi/12.3.1/../../../../arm-none-eabi/lib/thumb/v7e-m+fp/hard\libc_nano.a(libc_a-reent.o)
                0x20001f5c                errno
 .bss.__lock___malloc_recursive_mutex
                0x20001f60        0x1 C:/ST/STM32CubeIDE_1.16.1/STM32CubeIDE/plugins/com.st.stm32cube.ide.mcu.externaltools.gnu-tools-for-stm32.12.3.rel1.win32_1.0.200.202406191623/tools/bin/../lib/gcc/arm-none-eabi/12.3.1/../../../../arm-none-eabi/lib/thumb/v7e-m+fp/hard\libc_nano.a(libc_a-lock.o)
                0x20001f60                __lock___malloc_recursive_mutex
 .bss.__lock___sfp_recursive_mutex
                0x20001f61        0x1 C:/ST/STM32CubeIDE_1.16.1/STM32CubeIDE/plugins/com.st.stm32cube.ide.mcu.externaltools.gnu-tools-for-stm32.12.3.rel1.win32_1.0.200.202406191623/tools/bin/../lib/gcc/arm-none-eabi/12.3.1/../../../../arm-none-eabi/lib/thumb/v7e-m+fp/hard\libc_nano.a(libc_a-lock.o)
                0x20001f61                __lock___sfp_recursive_mutex
 *fill*         0x20001f62        0x2 
 .bss.__malloc_sbrk_start
                0x20001f64        0x4 C:/ST/STM32CubeIDE_1.16.1/STM32CubeIDE/plugins/com.st.stm32cube.ide.mcu.externaltools.gnu-tools-for-stm32.12.3.rel1.win32_1.0.200.202406191623/tools/bin/../lib/gcc/arm-none-eabi/12.3.1/../../../../arm-none-eabi/lib/thumb/v7e-m+fp/hard\libc_nano.a(libc_a-mallocr.o)
                0x20001f64                __malloc_sbrk_start
 .bss.__malloc_free_list
                0x20001f68        0x4 C:/ST/STM32CubeIDE_1.16.1/STM32CubeIDE/plugins/com.st.stm32cube.ide.mcu.externaltools.gnu-tools-for-stm32.12.3.rel1.win32_1.0.200.202406191623/tools/bin/../lib/gcc/arm-none-eabi/12.3.1/../../../../arm-none-eabi/lib/thumb/v7e-m+fp/hard\libc_nano.a(libc_a-mallocr.o)
                0x20001f68                __malloc_free_list
 *(COMMON)
                0x20001f6c                        . = ALIGN (0x4)
                0x20001f6c                        _ebss = .
                0x20001f6c                        __bss_end__ = _ebss

._user_heap_stack
                0x20001f6c      0x604 load address 0x0801bb58
                0x20001f70                        . = ALIGN (0x8)
 *fill*         0x20001f6c        0x4 
                [!provide]                        PROVIDE (end = .)
                0x20001f70                        PROVIDE (_end = .)
                0x20002170                        . = (. + _Min_Heap_Size)
 *fill*         0x20001f70      0x200 
                0x20002570                        . = (. + _Min_Stack_Size)
 *fill*         0x20002170      0x400 
                0x20002570                        . = ALIGN (0x8)

/DISCARD/
 libc.a(*)
 libm.a(*)
 libgcc.a(*)

.ARM.attributes
                0x00000000       0x30
 *(.ARM.attributes)
 .ARM.attributes
                0x00000000       0x22 C:/ST/STM32CubeIDE_1.16.1/STM32CubeIDE/plugins/com.st.stm32cube.ide.mcu.externaltools.gnu-tools-for-stm32.12.3.rel1.win32_1.0.200.202406191623/tools/bin/../lib/gcc/arm-none-eabi/12.3.1/thumb/v7e-m+fp/hard/crti.o
 .ARM.attributes
                0x00000022       0x34 C:/ST/STM32CubeIDE_1.16.1/STM32CubeIDE/plugins/com.st.stm32cube.ide.mcu.externaltools.gnu-tools-for-stm32.12.3.rel1.win32_1.0.200.202406191623/tools/bin/../lib/gcc/arm-none-eabi/12.3.1/thumb/v7e-m+fp/hard/crtbegin.o
 .ARM.attributes
                0x00000056       0x34 ./Core/Src/adc.o
 .ARM.attributes
                0x0000008a       0x34 ./Core/Src/adc_dblbuf.o
 .ARM.attributes
                0x000000be       0x34 ./Core/Src/aes.o
 .ARM.attributes
                0x000000f2       0x34 ./Core/Src/arm_absmax_q15.o
 .ARM.attributes
                0x00000126       0x34 ./Core/Src/dma.o
 .ARM.attributes
                0x0000015a       0x34 ./Core/Src/gpio.o
 .ARM.attributes
                0x0000018e       0x34 ./Core/Src/main.o
 .ARM.attributes
                0x000001c2       0x34 ./Core/Src/packet.o
 .ARM.attributes
                0x000001f6       0x34 ./Core/Src/retarget.o
 .ARM.attributes
                0x0000022a       0x34 ./Core/Src/s2lp.o
 .ARM.attributes
                0x0000025e       0x34 ./Core/Src/spectrogram.o
 .ARM.attributes
                0x00000292       0x34 ./Core/Src/spi.o
 .ARM.attributes
                0x000002c6       0x34 ./Core/Src/stm32l4xx_hal_msp.o
 .ARM.attributes
                0x000002fa       0x34 ./Core/Src/stm32l4xx_it.o
 .ARM.attributes
                0x0000032e       0x34 ./Core/Src/sysmem.o
 .ARM.attributes
                0x00000362       0x34 ./Core/Src/system_stm32l4xx.o
 .ARM.attributes
                0x00000396       0x34 ./Core/Src/tim.o
 .ARM.attributes
                0x000003ca       0x34 ./Core/Src/usart.o
 .ARM.attributes
                0x000003fe       0x34 ./Core/Src/utils.o
 .ARM.attributes
                0x00000432       0x21 ./Core/Startup/startup_stm32l4a6zgtx.o
 .ARM.attributes
                0x00000453       0x34 ./Drivers/STM32L4xx_HAL_Driver/Src/stm32l4xx_hal.o
 .ARM.attributes
                0x00000487       0x34 ./Drivers/STM32L4xx_HAL_Driver/Src/stm32l4xx_hal_adc.o
 .ARM.attributes
                0x000004bb       0x34 ./Drivers/STM32L4xx_HAL_Driver/Src/stm32l4xx_hal_adc_ex.o
 .ARM.attributes
                0x000004ef       0x34 ./Drivers/STM32L4xx_HAL_Driver/Src/stm32l4xx_hal_cortex.o
 .ARM.attributes
                0x00000523       0x34 ./Drivers/STM32L4xx_HAL_Driver/Src/stm32l4xx_hal_cryp.o
 .ARM.attributes
                0x00000557       0x34 ./Drivers/STM32L4xx_HAL_Driver/Src/stm32l4xx_hal_cryp_ex.o
 .ARM.attributes
                0x0000058b       0x34 ./Drivers/STM32L4xx_HAL_Driver/Src/stm32l4xx_hal_dma.o
 .ARM.attributes
                0x000005bf       0x34 ./Drivers/STM32L4xx_HAL_Driver/Src/stm32l4xx_hal_gpio.o
 .ARM.attributes
                0x000005f3       0x34 ./Drivers/STM32L4xx_HAL_Driver/Src/stm32l4xx_hal_pwr_ex.o
 .ARM.attributes
                0x00000627       0x34 ./Drivers/STM32L4xx_HAL_Driver/Src/stm32l4xx_hal_rcc.o
 .ARM.attributes
                0x0000065b       0x34 ./Drivers/STM32L4xx_HAL_Driver/Src/stm32l4xx_hal_rcc_ex.o
 .ARM.attributes
                0x0000068f       0x34 ./Drivers/STM32L4xx_HAL_Driver/Src/stm32l4xx_hal_spi.o
 .ARM.attributes
                0x000006c3       0x34 ./Drivers/STM32L4xx_HAL_Driver/Src/stm32l4xx_hal_tim.o
 .ARM.attributes
                0x000006f7       0x34 ./Drivers/STM32L4xx_HAL_Driver/Src/stm32l4xx_hal_tim_ex.o
 .ARM.attributes
                0x0000072b       0x34 ./Drivers/STM32L4xx_HAL_Driver/Src/stm32l4xx_hal_uart.o
 .ARM.attributes
                0x0000075f       0x34 C:\Dev\GIT\LELEC210X_GROUP_E\mcu\optimization_main_app\ARM_CMSIS\CMSIS\DSP\Lib\GCC\libarm_cortexM4lf_math.a(arm_rfft_q15.o)
 .ARM.attributes
                0x00000793       0x34 C:\Dev\GIT\LELEC210X_GROUP_E\mcu\optimization_main_app\ARM_CMSIS\CMSIS\DSP\Lib\GCC\libarm_cortexM4lf_math.a(arm_rfft_init_q15.o)
 .ARM.attributes
                0x000007c7       0x34 C:\Dev\GIT\LELEC210X_GROUP_E\mcu\optimization_main_app\ARM_CMSIS\CMSIS\DSP\Lib\GCC\libarm_cortexM4lf_math.a(arm_cmplx_mag_q15.o)
 .ARM.attributes
                0x000007fb       0x34 C:\Dev\GIT\LELEC210X_GROUP_E\mcu\optimization_main_app\ARM_CMSIS\CMSIS\DSP\Lib\GCC\libarm_cortexM4lf_math.a(arm_sqrt_q15.o)
 .ARM.attributes
                0x0000082f       0x34 C:\Dev\GIT\LELEC210X_GROUP_E\mcu\optimization_main_app\ARM_CMSIS\CMSIS\DSP\Lib\GCC\libarm_cortexM4lf_math.a(arm_shift_q15.o)
 .ARM.attributes
                0x00000863       0x34 C:\Dev\GIT\LELEC210X_GROUP_E\mcu\optimization_main_app\ARM_CMSIS\CMSIS\DSP\Lib\GCC\libarm_cortexM4lf_math.a(arm_mult_q15.o)
 .ARM.attributes
                0x00000897       0x34 C:\Dev\GIT\LELEC210X_GROUP_E\mcu\optimization_main_app\ARM_CMSIS\CMSIS\DSP\Lib\GCC\libarm_cortexM4lf_math.a(arm_dot_prod_q15.o)
 .ARM.attributes
                0x000008cb       0x39 C:\Dev\GIT\LELEC210X_GROUP_E\mcu\optimization_main_app\ARM_CMSIS\CMSIS\DSP\Lib\GCC\libarm_cortexM4lf_math.a(arm_const_structs.o)
 .ARM.attributes
                0x00000904       0x39 C:\Dev\GIT\LELEC210X_GROUP_E\mcu\optimization_main_app\ARM_CMSIS\CMSIS\DSP\Lib\GCC\libarm_cortexM4lf_math.a(arm_common_tables.o)
 .ARM.attributes
                0x0000093d       0x34 C:\Dev\GIT\LELEC210X_GROUP_E\mcu\optimization_main_app\ARM_CMSIS\CMSIS\DSP\Lib\GCC\libarm_cortexM4lf_math.a(arm_cfft_q15.o)
 .ARM.attributes
                0x00000971       0x34 C:\Dev\GIT\LELEC210X_GROUP_E\mcu\optimization_main_app\ARM_CMSIS\CMSIS\DSP\Lib\GCC\libarm_cortexM4lf_math.a(arm_cfft_radix4_q15.o)
 .ARM.attributes
                0x000009a5       0x34 C:\Dev\GIT\LELEC210X_GROUP_E\mcu\optimization_main_app\ARM_CMSIS\CMSIS\DSP\Lib\GCC\libarm_cortexM4lf_math.a(arm_bitreversal2.o)
 .ARM.attributes
                0x000009d9       0x34 C:/ST/STM32CubeIDE_1.16.1/STM32CubeIDE/plugins/com.st.stm32cube.ide.mcu.externaltools.gnu-tools-for-stm32.12.3.rel1.win32_1.0.200.202406191623/tools/bin/../lib/gcc/arm-none-eabi/12.3.1/../../../../arm-none-eabi/lib/thumb/v7e-m+fp/hard\libc_nano.a(libc_a-findfp.o)
 .ARM.attributes
                0x00000a0d       0x34 C:/ST/STM32CubeIDE_1.16.1/STM32CubeIDE/plugins/com.st.stm32cube.ide.mcu.externaltools.gnu-tools-for-stm32.12.3.rel1.win32_1.0.200.202406191623/tools/bin/../lib/gcc/arm-none-eabi/12.3.1/../../../../arm-none-eabi/lib/thumb/v7e-m+fp/hard\libc_nano.a(libc_a-fwalk.o)
 .ARM.attributes
                0x00000a41       0x34 C:/ST/STM32CubeIDE_1.16.1/STM32CubeIDE/plugins/com.st.stm32cube.ide.mcu.externaltools.gnu-tools-for-stm32.12.3.rel1.win32_1.0.200.202406191623/tools/bin/../lib/gcc/arm-none-eabi/12.3.1/../../../../arm-none-eabi/lib/thumb/v7e-m+fp/hard\libc_nano.a(libc_a-printf.o)
 .ARM.attributes
                0x00000a75       0x34 C:/ST/STM32CubeIDE_1.16.1/STM32CubeIDE/plugins/com.st.stm32cube.ide.mcu.externaltools.gnu-tools-for-stm32.12.3.rel1.win32_1.0.200.202406191623/tools/bin/../lib/gcc/arm-none-eabi/12.3.1/../../../../arm-none-eabi/lib/thumb/v7e-m+fp/hard\libc_nano.a(libc_a-puts.o)
 .ARM.attributes
                0x00000aa9       0x34 C:/ST/STM32CubeIDE_1.16.1/STM32CubeIDE/plugins/com.st.stm32cube.ide.mcu.externaltools.gnu-tools-for-stm32.12.3.rel1.win32_1.0.200.202406191623/tools/bin/../lib/gcc/arm-none-eabi/12.3.1/../../../../arm-none-eabi/lib/thumb/v7e-m+fp/hard\libc_nano.a(libc_a-setvbuf.o)
 .ARM.attributes
                0x00000add       0x34 C:/ST/STM32CubeIDE_1.16.1/STM32CubeIDE/plugins/com.st.stm32cube.ide.mcu.externaltools.gnu-tools-for-stm32.12.3.rel1.win32_1.0.200.202406191623/tools/bin/../lib/gcc/arm-none-eabi/12.3.1/../../../../arm-none-eabi/lib/thumb/v7e-m+fp/hard\libc_nano.a(libc_a-stdio.o)
 .ARM.attributes
                0x00000b11       0x34 C:/ST/STM32CubeIDE_1.16.1/STM32CubeIDE/plugins/com.st.stm32cube.ide.mcu.externaltools.gnu-tools-for-stm32.12.3.rel1.win32_1.0.200.202406191623/tools/bin/../lib/gcc/arm-none-eabi/12.3.1/../../../../arm-none-eabi/lib/thumb/v7e-m+fp/hard\libc_nano.a(libc_a-wbuf.o)
 .ARM.attributes
                0x00000b45       0x34 C:/ST/STM32CubeIDE_1.16.1/STM32CubeIDE/plugins/com.st.stm32cube.ide.mcu.externaltools.gnu-tools-for-stm32.12.3.rel1.win32_1.0.200.202406191623/tools/bin/../lib/gcc/arm-none-eabi/12.3.1/../../../../arm-none-eabi/lib/thumb/v7e-m+fp/hard\libc_nano.a(libc_a-wsetup.o)
 .ARM.attributes
                0x00000b79       0x34 C:/ST/STM32CubeIDE_1.16.1/STM32CubeIDE/plugins/com.st.stm32cube.ide.mcu.externaltools.gnu-tools-for-stm32.12.3.rel1.win32_1.0.200.202406191623/tools/bin/../lib/gcc/arm-none-eabi/12.3.1/../../../../arm-none-eabi/lib/thumb/v7e-m+fp/hard\libc_nano.a(libc_a-memset.o)
 .ARM.attributes
                0x00000bad       0x34 C:/ST/STM32CubeIDE_1.16.1/STM32CubeIDE/plugins/com.st.stm32cube.ide.mcu.externaltools.gnu-tools-for-stm32.12.3.rel1.win32_1.0.200.202406191623/tools/bin/../lib/gcc/arm-none-eabi/12.3.1/../../../../arm-none-eabi/lib/thumb/v7e-m+fp/hard\libc_nano.a(libc_a-closer.o)
 .ARM.attributes
                0x00000be1       0x34 C:/ST/STM32CubeIDE_1.16.1/STM32CubeIDE/plugins/com.st.stm32cube.ide.mcu.externaltools.gnu-tools-for-stm32.12.3.rel1.win32_1.0.200.202406191623/tools/bin/../lib/gcc/arm-none-eabi/12.3.1/../../../../arm-none-eabi/lib/thumb/v7e-m+fp/hard\libc_nano.a(libc_a-reent.o)
 .ARM.attributes
                0x00000c15       0x34 C:/ST/STM32CubeIDE_1.16.1/STM32CubeIDE/plugins/com.st.stm32cube.ide.mcu.externaltools.gnu-tools-for-stm32.12.3.rel1.win32_1.0.200.202406191623/tools/bin/../lib/gcc/arm-none-eabi/12.3.1/../../../../arm-none-eabi/lib/thumb/v7e-m+fp/hard\libc_nano.a(libc_a-impure.o)
 .ARM.attributes
                0x00000c49       0x34 C:/ST/STM32CubeIDE_1.16.1/STM32CubeIDE/plugins/com.st.stm32cube.ide.mcu.externaltools.gnu-tools-for-stm32.12.3.rel1.win32_1.0.200.202406191623/tools/bin/../lib/gcc/arm-none-eabi/12.3.1/../../../../arm-none-eabi/lib/thumb/v7e-m+fp/hard\libc_nano.a(libc_a-lseekr.o)
 .ARM.attributes
                0x00000c7d       0x34 C:/ST/STM32CubeIDE_1.16.1/STM32CubeIDE/plugins/com.st.stm32cube.ide.mcu.externaltools.gnu-tools-for-stm32.12.3.rel1.win32_1.0.200.202406191623/tools/bin/../lib/gcc/arm-none-eabi/12.3.1/../../../../arm-none-eabi/lib/thumb/v7e-m+fp/hard\libc_nano.a(libc_a-readr.o)
 .ARM.attributes
                0x00000cb1       0x34 C:/ST/STM32CubeIDE_1.16.1/STM32CubeIDE/plugins/com.st.stm32cube.ide.mcu.externaltools.gnu-tools-for-stm32.12.3.rel1.win32_1.0.200.202406191623/tools/bin/../lib/gcc/arm-none-eabi/12.3.1/../../../../arm-none-eabi/lib/thumb/v7e-m+fp/hard\libc_nano.a(libc_a-writer.o)
 .ARM.attributes
                0x00000ce5       0x34 C:/ST/STM32CubeIDE_1.16.1/STM32CubeIDE/plugins/com.st.stm32cube.ide.mcu.externaltools.gnu-tools-for-stm32.12.3.rel1.win32_1.0.200.202406191623/tools/bin/../lib/gcc/arm-none-eabi/12.3.1/../../../../arm-none-eabi/lib/thumb/v7e-m+fp/hard\libc_nano.a(libc_a-errno.o)
 .ARM.attributes
                0x00000d19       0x34 C:/ST/STM32CubeIDE_1.16.1/STM32CubeIDE/plugins/com.st.stm32cube.ide.mcu.externaltools.gnu-tools-for-stm32.12.3.rel1.win32_1.0.200.202406191623/tools/bin/../lib/gcc/arm-none-eabi/12.3.1/../../../../arm-none-eabi/lib/thumb/v7e-m+fp/hard\libc_nano.a(libc_a-init.o)
 .ARM.attributes
                0x00000d4d       0x34 C:/ST/STM32CubeIDE_1.16.1/STM32CubeIDE/plugins/com.st.stm32cube.ide.mcu.externaltools.gnu-tools-for-stm32.12.3.rel1.win32_1.0.200.202406191623/tools/bin/../lib/gcc/arm-none-eabi/12.3.1/../../../../arm-none-eabi/lib/thumb/v7e-m+fp/hard\libc_nano.a(libc_a-lock.o)
 .ARM.attributes
                0x00000d81       0x34 C:/ST/STM32CubeIDE_1.16.1/STM32CubeIDE/plugins/com.st.stm32cube.ide.mcu.externaltools.gnu-tools-for-stm32.12.3.rel1.win32_1.0.200.202406191623/tools/bin/../lib/gcc/arm-none-eabi/12.3.1/../../../../arm-none-eabi/lib/thumb/v7e-m+fp/hard\libc_nano.a(libc_a-memcpy-stub.o)
 .ARM.attributes
                0x00000db5       0x34 C:/ST/STM32CubeIDE_1.16.1/STM32CubeIDE/plugins/com.st.stm32cube.ide.mcu.externaltools.gnu-tools-for-stm32.12.3.rel1.win32_1.0.200.202406191623/tools/bin/../lib/gcc/arm-none-eabi/12.3.1/../../../../arm-none-eabi/lib/thumb/v7e-m+fp/hard\libc_nano.a(libc_a-freer.o)
 .ARM.attributes
                0x00000de9       0x34 C:/ST/STM32CubeIDE_1.16.1/STM32CubeIDE/plugins/com.st.stm32cube.ide.mcu.externaltools.gnu-tools-for-stm32.12.3.rel1.win32_1.0.200.202406191623/tools/bin/../lib/gcc/arm-none-eabi/12.3.1/../../../../arm-none-eabi/lib/thumb/v7e-m+fp/hard\libc_nano.a(libc_a-malloc.o)
 .ARM.attributes