Archive member included to satisfy reference by file (symbol)

C:\Dev\GIT\LELEC210X_GROUP_E\mcu\optimization_main_app\ARM_CMSIS\CMSIS\DSP\Lib\GCC\libarm_cortexM4lf_math.a(arm_rfft_q15.o)
                              ./Core/Src/spectrogram.o (arm_rfft_q15)
C:\Dev\GIT\LELEC210X_GROUP_E\mcu\optimization_main_app\ARM_CMSIS\CMSIS\DSP\Lib\GCC\libarm_cortexM4lf_math.a(arm_rfft_init_q15.o)
                              ./Core/Src/spectrogram.o (arm_rfft_init_q15)
C:\Dev\GIT\LELEC210X_GROUP_E\mcu\optimization_main_app\ARM_CMSIS\CMSIS\DSP\Lib\GCC\libarm_cortexM4lf_math.a(arm_mat_mult_fast_q15.o)
                              ./Core/Src/spectrogram.o (arm_mat_mult_fast_q15)
C:\Dev\GIT\LELEC210X_GROUP_E\mcu\optimization_main_app\ARM_CMSIS\CMSIS\DSP\Lib\GCC\libarm_cortexM4lf_math.a(arm_mat_init_q15.o)
                              ./Core/Src/spectrogram.o (arm_mat_init_q15)
C:\Dev\GIT\LELEC210X_GROUP_E\mcu\optimization_main_app\ARM_CMSIS\CMSIS\DSP\Lib\GCC\libarm_cortexM4lf_math.a(arm_cmplx_mag_q15.o)
                              ./Core/Src/spectrogram.o (arm_cmplx_mag_q15)
C:\Dev\GIT\LELEC210X_GROUP_E\mcu\optimization_main_app\ARM_CMSIS\CMSIS\DSP\Lib\GCC\libarm_cortexM4lf_math.a(arm_sqrt_q15.o)
                              C:\Dev\GIT\LELEC210X_GROUP_E\mcu\optimization_main_app\ARM_CMSIS\CMSIS\DSP\Lib\GCC\libarm_cortexM4lf_math.a(arm_cmplx_mag_q15.o) (arm_sqrt_q15)
C:\Dev\GIT\LELEC210X_GROUP_E\mcu\optimization_main_app\ARM_CMSIS\CMSIS\DSP\Lib\GCC\libarm_cortexM4lf_math.a(arm_shift_q15.o)
                              ./Core/Src/spectrogram.o (arm_shift_q15)
C:\Dev\GIT\LELEC210X_GROUP_E\mcu\optimization_main_app\ARM_CMSIS\CMSIS\DSP\Lib\GCC\libarm_cortexM4lf_math.a(arm_mult_q15.o)
                              ./Core/Src/spectrogram.o (arm_mult_q15)
C:\Dev\GIT\LELEC210X_GROUP_E\mcu\optimization_main_app\ARM_CMSIS\CMSIS\DSP\Lib\GCC\libarm_cortexM4lf_math.a(arm_dot_prod_q15.o)
                              ./Core/Src/spectrogram.o (arm_dot_prod_q15)
C:\Dev\GIT\LELEC210X_GROUP_E\mcu\optimization_main_app\ARM_CMSIS\CMSIS\DSP\Lib\GCC\libarm_cortexM4lf_math.a(arm_const_structs.o)
                              C:\Dev\GIT\LELEC210X_GROUP_E\mcu\optimization_main_app\ARM_CMSIS\CMSIS\DSP\Lib\GCC\libarm_cortexM4lf_math.a(arm_rfft_init_q15.o) (arm_cfft_sR_q15_len4096)
C:\Dev\GIT\LELEC210X_GROUP_E\mcu\optimization_main_app\ARM_CMSIS\CMSIS\DSP\Lib\GCC\libarm_cortexM4lf_math.a(arm_common_tables.o)
                              C:\Dev\GIT\LELEC210X_GROUP_E\mcu\optimization_main_app\ARM_CMSIS\CMSIS\DSP\Lib\GCC\libarm_cortexM4lf_math.a(arm_rfft_init_q15.o) (realCoefBQ15)
C:\Dev\GIT\LELEC210X_GROUP_E\mcu\optimization_main_app\ARM_CMSIS\CMSIS\DSP\Lib\GCC\libarm_cortexM4lf_math.a(arm_cfft_q15.o)
                              C:\Dev\GIT\LELEC210X_GROUP_E\mcu\optimization_main_app\ARM_CMSIS\CMSIS\DSP\Lib\GCC\libarm_cortexM4lf_math.a(arm_rfft_q15.o) (arm_cfft_q15)
C:\Dev\GIT\LELEC210X_GROUP_E\mcu\optimization_main_app\ARM_CMSIS\CMSIS\DSP\Lib\GCC\libarm_cortexM4lf_math.a(arm_cfft_radix4_q15.o)
                              C:\Dev\GIT\LELEC210X_GROUP_E\mcu\optimization_main_app\ARM_CMSIS\CMSIS\DSP\Lib\GCC\libarm_cortexM4lf_math.a(arm_cfft_q15.o) (arm_radix4_butterfly_q15)
C:\Dev\GIT\LELEC210X_GROUP_E\mcu\optimization_main_app\ARM_CMSIS\CMSIS\DSP\Lib\GCC\libarm_cortexM4lf_math.a(arm_bitreversal2.o)
                              C:\Dev\GIT\LELEC210X_GROUP_E\mcu\optimization_main_app\ARM_CMSIS\CMSIS\DSP\Lib\GCC\libarm_cortexM4lf_math.a(arm_cfft_q15.o) (arm_bitreversal_16)
C:\Dev\GIT\LELEC210X_GROUP_E\mcu\optimization_main_app\ARM_CMSIS\CMSIS\DSP\Lib\GCC\libarm_cortexM4lf_math.a(arm_bitreversal.o)
                              C:\Dev\GIT\LELEC210X_GROUP_E\mcu\optimization_main_app\ARM_CMSIS\CMSIS\DSP\Lib\GCC\libarm_cortexM4lf_math.a(arm_cfft_radix4_q15.o) (arm_bitreversal_q15)
C:/ST/STM32CubeIDE_1.16.1/STM32CubeIDE/plugins/com.st.stm32cube.ide.mcu.externaltools.gnu-tools-for-stm32.12.3.rel1.win32_1.0.200.202406191623/tools/bin/../lib/gcc/arm-none-eabi/12.3.1/../../../../arm-none-eabi/lib/thumb/v7e-m+fp/hard\libc_nano.a(libc_a-exit.o)
                              C:/ST/STM32CubeIDE_1.16.1/STM32CubeIDE/plugins/com.st.stm32cube.ide.mcu.externaltools.gnu-tools-for-stm32.12.3.rel1.win32_1.0.200.202406191623/tools/bin/../lib/gcc/arm-none-eabi/12.3.1/../../../../arm-none-eabi/lib/thumb/v7e-m+fp/hard/crt0.o (exit)
C:/ST/STM32CubeIDE_1.16.1/STM32CubeIDE/plugins/com.st.stm32cube.ide.mcu.externaltools.gnu-tools-for-stm32.12.3.rel1.win32_1.0.200.202406191623/tools/bin/../lib/gcc/arm-none-eabi/12.3.1/../../../../arm-none-eabi/lib/thumb/v7e-m+fp/hard\libc_nano.a(libc_a-findfp.o)
                              C:/ST/STM32CubeIDE_1.16.1/STM32CubeIDE/plugins/com.st.stm32cube.ide.mcu.externaltools.gnu-tools-for-stm32.12.3.rel1.win32_1.0.200.202406191623/tools/bin/../lib/gcc/arm-none-eabi/12.3.1/../../../../arm-none-eabi/lib/thumb/v7e-m+fp/hard\libc_nano.a(libc_a-exit.o) (__stdio_exit_handler)
[...]
Memory Configuration

Name             Origin             Length             Attributes
RAM              0x20000000         0x00050000         xrw
RAM2             0x10000000         0x00010000         xrw
FLASH            0x08000000         0x00100000         xr
*default*        0x00000000         0xffffffff

Linker script and memory map

LOAD C:/ST/STM32CubeIDE_1.16.1/STM32CubeIDE/plugins/com.st.stm32cube.ide.mcu.externaltools.gnu-tools-for-stm32.12.3.rel1.win32_1.0.200.202406191623/tools/bin/../lib/gcc/arm-none-eabi/12.3.1/thumb/v7e-m+fp/hard/crti.o
LOAD C:/ST/STM32CubeIDE_1.16.1/STM32CubeIDE/plugins/com.st.stm32cube.ide.mcu.externaltools.gnu-tools-for-stm32.12.3.rel1.win32_1.0.200.202406191623/tools/bin/../lib/gcc/arm-none-eabi/12.3.1/thumb/v7e-m+fp/hard/crtbegin.o
LOAD C:/ST/STM32CubeIDE_1.16.1/STM32CubeIDE/plugins/com.st.stm32cube.ide.mcu.externaltools.gnu-tools-for-stm32.12.3.rel1.win32_1.0.200.202406191623/tools/bin/../lib/gcc/arm-none-eabi/12.3.1/../../../../arm-none-eabi/lib/thumb/v7e-m+fp/hard/crt0.o
LOAD ./Core/Src/adc.o
LOAD ./Core/Src/adc_dblbuf.o
LOAD ./Core/Src/aes_ref.o
LOAD ./Core/Src/arm_absmax_q15.o
LOAD ./Core/Src/dma.o
LOAD ./Core/Src/eval_radio.o
LOAD ./Core/Src/gpio.o
LOAD ./Core/Src/main.o
LOAD ./Core/Src/packet.o
LOAD ./Core/Src/retarget.o
LOAD ./Core/Src/s2lp.o
LOAD ./Core/Src/spectrogram.o
LOAD ./Core/Src/spi.o
LOAD ./Core/Src/stm32l4xx_hal_msp.o
LOAD ./Core/Src/stm32l4xx_it.o
LOAD ./Core/Src/sysmem.o
LOAD ./Core/Src/system_stm32l4xx.o
LOAD ./Core/Src/tim.o
LOAD ./Core/Src/usart.o
LOAD ./Core/Src/utils.o
LOAD ./Core/Startup/startup_stm32l4a6zgtx.o
LOAD ./Drivers/STM32L4xx_HAL_Driver/Src/stm32l4xx_hal.o
LOAD ./Drivers/STM32L4xx_HAL_Driver/Src/stm32l4xx_hal_adc.o
LOAD ./Drivers/STM32L4xx_HAL_Driver/Src/stm32l4xx_hal_adc_ex.o
LOAD ./Drivers/STM32L4xx_HAL_Driver/Src/stm32l4xx_hal_cortex.o
LOAD ./Drivers/STM32L4xx_HAL_Driver/Src/stm32l4xx_hal_dma.o
LOAD ./Drivers/STM32L4xx_HAL_Driver/Src/stm32l4xx_hal_dma_ex.o
LOAD ./Drivers/STM32L4xx_HAL_Driver/Src/stm32l4xx_hal_exti.o
LOAD ./Drivers/STM32L4xx_HAL_Driver/Src/stm32l4xx_hal_flash.o
LOAD ./Drivers/STM32L4xx_HAL_Driver/Src/stm32l4xx_hal_flash_ex.o
LOAD ./Drivers/STM32L4xx_HAL_Driver/Src/stm32l4xx_hal_flash_ramfunc.o
LOAD ./Drivers/STM32L4xx_HAL_Driver/Src/stm32l4xx_hal_gpio.o
LOAD ./Drivers/STM32L4xx_HAL_Driver/Src/stm32l4xx_hal_i2c.o
LOAD ./Drivers/STM32L4xx_HAL_Driver/Src/stm32l4xx_hal_i2c_ex.o
LOAD ./Drivers/STM32L4xx_HAL_Driver/Src/stm32l4xx_hal_pwr.o
LOAD ./Drivers/STM32L4xx_HAL_Driver/Src/stm32l4xx_hal_pwr_ex.o
LOAD ./Drivers/STM32L4xx_HAL_Driver/Src/stm32l4xx_hal_rcc.o
LOAD ./Drivers/STM32L4xx_HAL_Driver/Src/stm32l4xx_hal_rcc_ex.o
LOAD ./Drivers/STM32L4xx_HAL_Driver/Src/stm32l4xx_hal_spi.o
LOAD ./Drivers/STM32L4xx_HAL_Driver/Src/stm32l4xx_hal_spi_ex.o
LOAD ./Drivers/STM32L4xx_HAL_Driver/Src/stm32l4xx_hal_tim.o
LOAD ./Drivers/STM32L4xx_HAL_Driver/Src/stm32l4xx_hal_tim_ex.o
LOAD ./Drivers/STM32L4xx_HAL_Driver/Src/stm32l4xx_hal_uart.o
LOAD ./Drivers/STM32L4xx_HAL_Driver/Src/stm32l4xx_hal_uart_ex.o
LOAD C:\Dev\GIT\LELEC210X_GROUP_E\mcu\optimization_main_app\ARM_CMSIS\CMSIS\DSP\Lib\GCC\libarm_cortexM4lf_math.a
START GROUP
LOAD C:/ST/STM32CubeIDE_1.16.1/STM32CubeIDE/plugins/com.st.stm32cube.ide.mcu.externaltools.gnu-tools-for-stm32.12.3.rel1.win32_1.0.200.202406191623/tools/bin/../lib/gcc/arm-none-eabi/12.3.1/../../../../arm-none-eabi/lib/thumb/v7e-m+fp/hard\libc_nano.a
LOAD C:/ST/STM32CubeIDE_1.16.1/STM32CubeIDE/plugins/com.st.stm32cube.ide.mcu.externaltools.gnu-tools-for-stm32.12.3.rel1.win32_1.0.200.202406191623/tools/bin/../lib/gcc/arm-none-eabi/12.3.1/../../../../arm-none-eabi/lib/thumb/v7e-m+fp/hard\libm.a
END GROUP
START GROUP
LOAD C:/ST/STM32CubeIDE_1.16.1/STM32CubeIDE/plugins/com.st.stm32cube.ide.mcu.externaltools.gnu-tools-for-stm32.12.3.rel1.win32_1.0.200.202406191623/tools/bin/../lib/gcc/arm-none-eabi/12.3.1/thumb/v7e-m+fp/hard\libgcc.a
LOAD C:/ST/STM32CubeIDE_1.16.1/STM32CubeIDE/plugins/com.st.stm32cube.ide.mcu.externaltools.gnu-tools-for-stm32.12.3.rel1.win32_1.0.200.202406191623/tools/bin/../lib/gcc/arm-none-eabi/12.3.1/../../../../arm-none-eabi/lib/thumb/v7e-m+fp/hard\libc_nano.a
END GROUP
START GROUP
LOAD C:/ST/STM32CubeIDE_1.16.1/STM32CubeIDE/plugins/com.st.stm32cube.ide.mcu.externaltools.gnu-tools-for-stm32.12.3.rel1.win32_1.0.200.202406191623/tools/bin/../lib/gcc/arm-none-eabi/12.3.1/thumb/v7e-m+fp/hard\libgcc.a
LOAD C:/ST/STM32CubeIDE_1.16.1/STM32CubeIDE/plugins/com.st.stm32cube.ide.mcu.externaltools.gnu-tools-for-stm32.12.3.rel1.win32_1.0.200.202406191623/tools/bin/../lib/gcc/arm-none-eabi/12.3.1/../../../../arm-none-eabi/lib/thumb/v7e-m+fp/hard\libc_nano.a
LOAD C:/ST/STM32CubeIDE_1.16.1/STM32CubeIDE/plugins/com.st.stm32cube.ide.mcu.externaltools.gnu-tools-for-stm32.12.3.rel1.win32_1.0.200.202406191623/tools/bin/../lib/gcc/arm-none-eabi/12.3.1/../../../../arm-none-eabi/lib/thumb/v7e-m+fp/hard\libnosys.a
END GROUP
START GROUP
LOAD C:/ST/STM32CubeIDE_1.16.1/STM32CubeIDE/plugins/com.st.stm32cube.ide.mcu.externaltools.gnu-tools-for-stm32.12.3.rel1.win32_1.0.200.202406191623/tools/bin/../lib/gcc/arm-none-eabi/12.3.1/thumb/v7e-m+fp/hard\libgcc.a
LOAD C:/ST/STM32CubeIDE_1.16.1/STM32CubeIDE/plugins/com.st.stm32cube.ide.mcu.externaltools.gnu-tools-for-stm32.12.3.rel1.win32_1.0.200.202406191623/tools/bin/../lib/gcc/arm-none-eabi/12.3.1/../../../../arm-none-eabi/lib/thumb/v7e-m+fp/hard\libc_nano.a
LOAD C:/ST/STM32CubeIDE_1.16.1/STM32CubeIDE/plugins/com.st.stm32cube.ide.mcu.externaltools.gnu-tools-for-stm32.12.3.rel1.win32_1.0.200.202406191623/tools/bin/../lib/gcc/arm-none-eabi/12.3.1/../../../../arm-none-eabi/lib/thumb/v7e-m+fp/hard\libnosys.a
END GROUP
LOAD C:/ST/STM32CubeIDE_1.16.1/STM32CubeIDE/plugins/com.st.stm32cube.ide.mcu.externaltools.gnu-tools-for-stm32.12.3.rel1.win32_1.0.200.202406191623/tools/bin/../lib/gcc/arm-none-eabi/12.3.1/thumb/v7e-m+fp/hard/crtend.o
LOAD C:/ST/STM32CubeIDE_1.16.1/STM32CubeIDE/plugins/com.st.stm32cube.ide.mcu.externaltools.gnu-tools-for-stm32.12.3.rel1.win32_1.0.200.202406191623/tools/bin/../lib/gcc/arm-none-eabi/12.3.1/thumb/v7e-m+fp/hard/crtn.o
                0x20050000                        _estack = (ORIGIN (RAM) + LENGTH (RAM))
                0x00000200                        _Min_Heap_Size = 0x200
                0x00000400                        _Min_Stack_Size = 0x400

.isr_vector     0x08000000      0x1ac
                0x08000000                        . = ALIGN (0x4)
 *(.isr_vector)
 .isr_vector    0x08000000      0x1ac ./Core/Startup/startup_stm32l4a6zgtx.o
                0x08000000                g_pfnVectors
                0x080001ac                        . = ALIGN (0x4)

.text           0x080001b0     0x8ef4
                0x080001b0                        . = ALIGN (0x4)
 *(.text)
 .text          0x080001b0       0x40 C:/ST/STM32CubeIDE_1.16.1/STM32CubeIDE/plugins/com.st.stm32cube.ide.mcu.externaltools.gnu-tools-for-stm32.12.3.rel1.win32_1.0.200.202406191623/tools/bin/../lib/gcc/arm-none-eabi/12.3.1/thumb/v7e-m+fp/hard/crtbegin.o
 .text          0x080001f0       0xa0 C:/ST/STM32CubeIDE_1.16.1/STM32CubeIDE/plugins/com.st.stm32cube.ide.mcu.externaltools.gnu-tools-for-stm32.12.3.rel1.win32_1.0.200.202406191623/tools/bin/../lib/gcc/arm-none-eabi/12.3.1/../../../../arm-none-eabi/lib/thumb/v7e-m+fp/hard\libc_nano.a(libc_a-memchr.o)
                0x080001f0                memchr
 .text          0x08000290       0x30 C:/ST/STM32CubeIDE_1.16.1/STM32CubeIDE/plugins/com.st.stm32cube.ide.mcu.externaltools.gnu-tools-for-stm32.12.3.rel1.win32_1.0.200.202406191623/tools/bin/../lib/gcc/arm-none-eabi/12.3.1/thumb/v7e-m+fp/hard\libgcc.a(_aeabi_uldivmod.o)
                0x08000290                __aeabi_uldivmod
 .text          0x080002c0      0x2bc C:/ST/STM32CubeIDE_1.16.1/STM32CubeIDE/plugins/com.st.stm32cube.ide.mcu.externaltools.gnu-tools-for-stm32.12.3.rel1.win32_1.0.200.202406191623/tools/bin/../lib/gcc/arm-none-eabi/12.3.1/thumb/v7e-m+fp/hard\libgcc.a(_udivmoddi4.o)
                0x080002c0                __udivmoddi4
 .text          0x0800057c        0x4 C:/ST/STM32CubeIDE_1.16.1/STM32CubeIDE/plugins/com.st.stm32cube.ide.mcu.externaltools.gnu-tools-for-stm32.12.3.rel1.win32_1.0.200.202406191623/tools/bin/../lib/gcc/arm-none-eabi/12.3.1/thumb/v7e-m+fp/hard\libgcc.a(_dvmd_tls.o)
                0x0800057c                __aeabi_idiv0
                0x0800057c                __aeabi_ldiv0
 *(.text*)
 .text.MX_ADC1_Init
                0x08000580       0xa8 ./Core/Src/adc.o
                0x08000580                MX_ADC1_Init
 .text.HAL_ADC_MspInit
                0x08000628       0xc8 ./Core/Src/adc.o
                0x08000628                HAL_ADC_MspInit
 .text.send_spectrogram
                0x080006f0       0xa0 ./Core/Src/adc_dblbuf.o
 .text.StartADCAcq
                0x08000790       0x30 ./Core/Src/adc_dblbuf.o
                0x08000790                StartADCAcq
 .text.IsADCFinished
                0x080007c0       0x10 ./Core/Src/adc_dblbuf.o
                0x080007c0                IsADCFinished
 .text.HAL_ADC_ConvCpltCallback
                0x080007d0       0x84 ./Core/Src/adc_dblbuf.o
                0x080007d0                HAL_ADC_ConvCpltCallback
 .text.HAL_ADC_ConvHalfCpltCallback
                0x08000854       0x84 ./Core/Src/adc_dblbuf.o
                0x08000854                HAL_ADC_ConvHalfCpltCallback
 .text.MixColumns
                0x080008d8      0x530 ./Core/Src/aes_ref.o
                0x080008d8                MixColumns
 .text.KeyExpansion
                0x08000e08      0x1c8 ./Core/Src/aes_ref.o
                0x08000e08                KeyExpansion
 .text.Encrypt  0x08000fd0      0x4b8 ./Core/Src/aes_ref.o
                0x08000fd0                Encrypt
 .text.AES128_encrypt
                0x08001488      0x1ac ./Core/Src/aes_ref.o
                0x08001488                AES128_encrypt
 .text.arm_absmax_q15
                0x08001634      0x124 ./Core/Src/arm_absmax_q15.o
                0x08001634                arm_absmax_q15
 .text.MX_DMA_Init
                0x08001758       0x30 ./Core/Src/dma.o
                0x08001758                MX_DMA_Init
 .text.MX_GPIO_Init
                0x08001788      0x294 ./Core/Src/gpio.o
                0x08001788                MX_GPIO_Init
 .text.HAL_GPIO_EXTI_Callback
                0x08001a1c       0x1c ./Core/Src/main.o
                0x08001a1c                HAL_GPIO_EXTI_Callback
 .text.run      0x08001a38       0x70 ./Core/Src/main.o
                0x08001a38                run
 .text.Error_Handler
                0x08001aa8       0x80 ./Core/Src/main.o
                0x08001aa8                Error_Handler
 .text.SystemClock_Config
                0x08001b28       0x70 ./Core/Src/main.o
                0x08001b28                SystemClock_Config
 .text.startup.main
                0x08001b98       0x98 ./Core/Src/main.o
                0x08001b98                main
 .text.make_packet
                0x08001c30      0x1d4 ./Core/Src/packet.o
                0x08001c30                make_packet
 .text.RetargetInit
                0x08001e04       0x24 ./Core/Src/retarget.o
                0x08001e04                RetargetInit
 .text._isatty  0x08001e28       0x18 ./Core/Src/retarget.o
                0x08001e28                _isatty
 .text._write   0x08001e40       0x34 ./Core/Src/retarget.o
                0x08001e40                _write
 .text._close   0x08001e74       0x18 ./Core/Src/retarget.o
                0x08001e74                _close
 .text._lseek   0x08001e8c       0x10 ./Core/Src/retarget.o
                0x08001e8c                _lseek
 .text._read    0x08001e9c       0x30 ./Core/Src/retarget.o
                0x08001e9c                _read
 .text._fstat   0x08001ecc       0x1c ./Core/Src/retarget.o
                0x08001ecc                _fstat
 .text.S2LP_Command
                0x08001ee8       0x64 ./Core/Src/s2lp.o
                0x08001ee8                S2LP_Command
 .text.S2LP_ReadReg
                0x08001f4c       0x7c ./Core/Src/s2lp.o
                0x08001f4c                S2LP_ReadReg
 .text.S2LP_WriteReg
                0x08001fc8       0x74 ./Core/Src/s2lp.o
                0x08001fc8                S2LP_WriteReg
 .text.S2LP_WriteTxFIFO
                0x0800203c       0x88 ./Core/Src/s2lp.o
                0x0800203c                S2LP_WriteTxFIFO
 .text.S2LP_Send
                0x080020c4      0x1dc ./Core/Src/s2lp.o
                0x080020c4                S2LP_Send
 .text.S2LP_PrintStatus
                0x080022a0      0x200 ./Core/Src/s2lp.o
                0x080022a0                S2LP_PrintStatus
 .text.S2LP_PLLConf
                0x080024a0      0x23c ./Core/Src/s2lp.o
                0x080024a0                S2LP_PLLConf
 .text.ComputeDatarate
                0x080026dc      0x11c ./Core/Src/s2lp.o
                0x080026dc                ComputeDatarate
 .text.SearchDatarateME
                0x080027f8      0x2b4 ./Core/Src/s2lp.o
                0x080027f8                SearchDatarateME
 .text.ComputeFreqDeviation
                0x08002aac       0xfc ./Core/Src/s2lp.o
                0x08002aac                ComputeFreqDeviation
 .text.SearchFreqDevME
                0x08002ba8      0x254 ./Core/Src/s2lp.o
                0x08002ba8                SearchFreqDevME
 .text.S2LP_SetModulation
                0x08002dfc       0x80 ./Core/Src/s2lp.o
                0x08002dfc                S2LP_SetModulation
 .text.S2LP_SetPALeveldBm
                0x08002e7c       0x54 ./Core/Src/s2lp.o
                0x08002e7c                S2LP_SetPALeveldBm
 .text.S2LP_Init
                0x08002ed0      0x144 ./Core/Src/s2lp.o
                0x08002ed0                S2LP_Init
 .text.S2LP_IRQ_Handler
                0x08003014       0x64 ./Core/Src/s2lp.o
                0x08003014                S2LP_IRQ_Handler
 .text.Spectrogram_Format
                0x08003078       0x28 ./Core/Src/spectrogram.o
                0x08003078                Spectrogram_Format
 .text.Spectrogram_Compute
                0x080030a0       0xe8 ./Core/Src/spectrogram.o
                0x080030a0                Spectrogram_Compute
 .text.MX_SPI1_Init
                0x08003188       0x4c ./Core/Src/spi.o
                0x08003188                MX_SPI1_Init
 .text.HAL_SPI_MspInit
                0x080031d4       0x94 ./Core/Src/spi.o
                0x080031d4                HAL_SPI_MspInit
 .text.HAL_MspInit
                0x08003268       0x30 ./Core/Src/stm32l4xx_hal_msp.o
                0x08003268                HAL_MspInit
 .text.NMI_Handler
                0x08003298        0x4 ./Core/Src/stm32l4xx_it.o
                0x08003298                NMI_Handler
 .text.HardFault_Handler
                0x0800329c        0x4 ./Core/Src/stm32l4xx_it.o
                0x0800329c                HardFault_Handler
 .text.MemManage_Handler
                0x080032a0        0x4 ./Core/Src/stm32l4xx_it.o
                0x080032a0                MemManage_Handler
 .text.BusFault_Handler
                0x080032a4        0x4 ./Core/Src/stm32l4xx_it.o
                0x080032a4                BusFault_Handler
 .text.UsageFault_Handler
                0x080032a8        0x4 ./Core/Src/stm32l4xx_it.o
                0x080032a8                UsageFault_Handler
 .text.SVC_Handler
                0x080032ac        0x4 ./Core/Src/stm32l4xx_it.o
                0x080032ac                SVC_Handler
 .text.DebugMon_Handler
                0x080032b0        0x4 ./Core/Src/stm32l4xx_it.o
                0x080032b0                DebugMon_Handler
 .text.PendSV_Handler
                0x080032b4        0x4 ./Core/Src/stm32l4xx_it.o
                0x080032b4                PendSV_Handler
 .text.SysTick_Handler
                0x080032b8        0x4 ./Core/Src/stm32l4xx_it.o
                0x080032b8                SysTick_Handler
 .text.EXTI3_IRQHandler
                0x080032bc        0x8 ./Core/Src/stm32l4xx_it.o
                0x080032bc                EXTI3_IRQHandler
 .text.DMA1_Channel1_IRQHandler
                0x080032c4        0xc ./Core/Src/stm32l4xx_it.o
                0x080032c4                DMA1_Channel1_IRQHandler
 .text.TIM3_IRQHandler
                0x080032d0        0xc ./Core/Src/stm32l4xx_it.o
                0x080032d0                TIM3_IRQHandler
 .text.EXTI15_10_IRQHandler
                0x080032dc        0x8 ./Core/Src/stm32l4xx_it.o
                0x080032dc                EXTI15_10_IRQHandler
 .text._sbrk    0x080032e4       0x44 ./Core/Src/sysmem.o
                0x080032e4                _sbrk
 .text.SystemInit
                0x08003328       0x44 ./Core/Src/system_stm32l4xx.o
                0x08003328                SystemInit
 .text.MX_TIM3_Init
                0x0800336c       0x74 ./Core/Src/tim.o
                0x0800336c                MX_TIM3_Init
 .text.HAL_TIM_Base_MspInit
                0x080033e0       0x40 ./Core/Src/tim.o
                0x080033e0                HAL_TIM_Base_MspInit
 .text.MX_LPUART1_UART_Init
                0x08003420       0x48 ./Core/Src/usart.o
                0x08003420                MX_LPUART1_UART_Init
 .text.HAL_UART_MspInit
                0x08003468       0x9c ./Core/Src/usart.o
                0x08003468                HAL_UART_MspInit
 .text.start_cycle_count
                0x08003504       0x40 ./Core/Src/utils.o
                0x08003504                start_cycle_count
 .text.stop_cycle_count
                0x08003544       0x38 ./Core/Src/utils.o
                0x08003544                stop_cycle_count
 .text.hex_encode
                0x0800357c       0x38 ./Core/Src/utils.o
                0x0800357c                hex_encode
 .text.Reset_Handler
                0x080035b4       0x50 ./Core/Startup/startup_stm32l4a6zgtx.o
                0x080035b4                Reset_Handler
 .text.Default_Handler
                0x08003604        0x2 ./Core/Startup/startup_stm32l4a6zgtx.o
                0x08003604                RTC_Alarm_IRQHandler
                0x08003604                HASH_RNG_IRQHandler
                0x08003604                EXTI2_IRQHandler
                0x08003604                TIM8_TRG_COM_IRQHandler
                0x08003604                TIM8_CC_IRQHandler
                0x08003604                TIM1_CC_IRQHandler
                0x08003604                TSC_IRQHandler
                0x08003604                TAMP_STAMP_IRQHandler
                0x08003604                CAN2_RX1_IRQHandler
                0x08003604                LPTIM2_IRQHandler
                0x08003604                DFSDM1_FLT1_IRQHandler
                0x08003604                I2C3_ER_IRQHandler
                0x08003604                DFSDM1_FLT2_IRQHandler
                0x08003604                EXTI0_IRQHandler
                0x08003604                I2C2_EV_IRQHandler
                0x08003604                CAN1_RX0_IRQHandler
                0x08003604                FPU_IRQHandler
                0x08003604                TIM1_UP_TIM16_IRQHandler
                0x08003604                CAN2_SCE_IRQHandler
                0x08003604                ADC1_2_IRQHandler
                0x08003604                SPI1_IRQHandler
                0x08003604                TIM6_DAC_IRQHandler
                0x08003604                DCMI_IRQHandler
                0x08003604                CAN2_RX0_IRQHandler
                0x08003604                TIM8_UP_IRQHandler
                0x08003604                DMA2_Channel2_IRQHandler
                0x08003604                DMA1_Channel4_IRQHandler
                0x08003604                SAI2_IRQHandler
                0x08003604                DFSDM1_FLT3_IRQHandler
                0x08003604                USART3_IRQHandler
                0x08003604                DMA1_Channel7_IRQHandler
                0x08003604                CAN1_RX1_IRQHandler
                0x08003604                LCD_IRQHandler
                0x08003604                UART5_IRQHandler
                0x08003604                ADC3_IRQHandler
                0x08003604                TIM4_IRQHandler
                0x08003604                DMA2_Channel1_IRQHandler
                0x08003604                QUADSPI_IRQHandler
                0x08003604                I2C1_EV_IRQHandler
                0x08003604                DMA1_Channel6_IRQHandler
                0x08003604                UART4_IRQHandler
                0x08003604                DMA2_Channel4_IRQHandler
                0x08003604                RCC_IRQHandler
                0x08003604                Default_Handler
                0x08003604                DMA2_Channel7_IRQHandler
                0x08003604                TIM7_IRQHandler
                0x08003604                SDMMC1_IRQHandler
                0x08003604                CAN2_TX_IRQHandler
                0x08003604                TIM5_IRQHandler
                0x08003604                I2C3_EV_IRQHandler
                0x08003604                EXTI9_5_IRQHandler
                0x08003604                RTC_WKUP_IRQHandler
                0x08003604                PVD_PVM_IRQHandler
                0x08003604                SPI2_IRQHandler
                0x08003604                CAN1_TX_IRQHandler
                0x08003604                DMA2_Channel5_IRQHandler
                0x08003604                CRS_IRQHandler
                0x08003604                DMA1_Channel5_IRQHandler
                0x08003604                EXTI4_IRQHandler
                0x08003604                TIM1_TRG_COM_TIM17_IRQHandler
                0x08003604                DMA1_Channel3_IRQHandler
                0x08003604                COMP_IRQHandler
                0x08003604                WWDG_IRQHandler
                0x08003604                I2C4_EV_IRQHandler
                0x08003604                LPUART1_IRQHandler
                0x08003604                DMA2_Channel6_IRQHandler
                0x08003604                TIM2_IRQHandler
                0x08003604                DMA2D_IRQHandler
                0x08003604                EXTI1_IRQHandler
                0x08003604                AES_IRQHandler
                0x08003604                USART2_IRQHandler
                0x08003604                DFSDM1_FLT0_IRQHandler
                0x08003604                I2C2_ER_IRQHandler
                0x08003604                DMA1_Channel2_IRQHandler
                0x08003604                TIM8_BRK_IRQHandler
                0x08003604                CAN1_SCE_IRQHandler
                0x08003604                FLASH_IRQHandler
                0x08003604                USART1_IRQHandler
                0x08003604                OTG_FS_IRQHandler
                0x08003604                SPI3_IRQHandler
                0x08003604                I2C1_ER_IRQHandler
                0x08003604                FMC_IRQHandler
                0x08003604                SWPMI1_IRQHandler
                0x08003604                LPTIM1_IRQHandler
                0x08003604                I2C4_ER_IRQHandler
                0x08003604                SAI1_IRQHandler
                0x08003604                DMA2_Channel3_IRQHandler
                0x08003604                TIM1_BRK_TIM15_IRQHandler
 *fill*         0x08003606        0x2 
 .text.HAL_InitTick
                0x08003608       0x4c ./Drivers/STM32L4xx_HAL_Driver/Src/stm32l4xx_hal.o
                0x08003608                HAL_InitTick
 .text.HAL_Init
                0x08003654       0x20 ./Drivers/STM32L4xx_HAL_Driver/Src/stm32l4xx_hal.o
                0x08003654                HAL_Init
 .text.HAL_IncTick
                0x08003674       0x18 ./Drivers/STM32L4xx_HAL_Driver/Src/stm32l4xx_hal.o
                0x08003674                HAL_IncTick
 .text.HAL_GetTick
                0x0800368c        0xc ./Drivers/STM32L4xx_HAL_Driver/Src/stm32l4xx_hal.o
                0x0800368c                HAL_GetTick
 .text.HAL_Delay
                0x08003698       0x24 ./Drivers/STM32L4xx_HAL_Driver/Src/stm32l4xx_hal.o
                0x08003698                HAL_Delay
 .text.HAL_ADC_Init
                0x080036bc      0x1bc ./Drivers/STM32L4xx_HAL_Driver/Src/stm32l4xx_hal_adc.o
                0x080036bc                HAL_ADC_Init
 .text.ADC_DMAHalfConvCplt
                0x08003878        0xc ./Drivers/STM32L4xx_HAL_Driver/Src/stm32l4xx_hal_adc.o
                0x08003878                ADC_DMAHalfConvCplt
 .text.HAL_ADC_ErrorCallback
                0x08003884        0x4 ./Drivers/STM32L4xx_HAL_Driver/Src/stm32l4xx_hal_adc.o
                0x08003884                HAL_ADC_ErrorCallback
 .text.ADC_DMAConvCplt
                0x08003888       0x6c ./Drivers/STM32L4xx_HAL_Driver/Src/stm32l4xx_hal_adc.o
                0x08003888                ADC_DMAConvCplt
 .text.ADC_DMAError
                0x080038f4       0x1c ./Drivers/STM32L4xx_HAL_Driver/Src/stm32l4xx_hal_adc.o
                0x080038f4                ADC_DMAError
 .text.HAL_ADC_ConfigChannel
                0x08003910      0x4b4 ./Drivers/STM32L4xx_HAL_Driver/Src/stm32l4xx_hal_adc.o
                0x08003910                HAL_ADC_ConfigChannel
 .text.ADC_ConversionStop
                0x08003dc4      0x100 ./Drivers/STM32L4xx_HAL_Driver/Src/stm32l4xx_hal_adc.o
                0x08003dc4                ADC_ConversionStop
 .text.ADC_Enable
                0x08003ec4       0xc8 ./Drivers/STM32L4xx_HAL_Driver/Src/stm32l4xx_hal_adc.o
                0x08003ec4                ADC_Enable
 .text.HAL_ADC_Start_DMA
                0x08003f8c       0xf8 ./Drivers/STM32L4xx_HAL_Driver/Src/stm32l4xx_hal_adc.o
                0x08003f8c                HAL_ADC_Start_DMA
 .text.ADC_Disable
                0x08004084       0x74 ./Drivers/STM32L4xx_HAL_Driver/Src/stm32l4xx_hal_adc.o
                0x08004084                ADC_Disable
 .text.HAL_ADC_Stop_DMA
                0x080040f8       0x90 ./Drivers/STM32L4xx_HAL_Driver/Src/stm32l4xx_hal_adc.o
                0x080040f8                HAL_ADC_Stop_DMA
 .text.HAL_ADCEx_Calibration_Start
                0x08004188       0x98 ./Drivers/STM32L4xx_HAL_Driver/Src/stm32l4xx_hal_adc_ex.o
                0x08004188                HAL_ADCEx_Calibration_Start
 .text.HAL_ADCEx_MultiModeConfigChannel
                0x08004220       0xdc ./Drivers/STM32L4xx_HAL_Driver/Src/stm32l4xx_hal_adc_ex.o
                0x08004220                HAL_ADCEx_MultiModeConfigChannel
 .text.HAL_NVIC_SetPriorityGrouping
                0x080042fc       0x24 ./Drivers/STM32L4xx_HAL_Driver/Src/stm32l4xx_hal_cortex.o
                0x080042fc                HAL_NVIC_SetPriorityGrouping
 .text.HAL_NVIC_SetPriority
                0x08004320       0x78 ./Drivers/STM32L4xx_HAL_Driver/Src/stm32l4xx_hal_cortex.o
                0x08004320                HAL_NVIC_SetPriority
 .text.HAL_NVIC_EnableIRQ
                0x08004398       0x1c ./Drivers/STM32L4xx_HAL_Driver/Src/stm32l4xx_hal_cortex.o
                0x08004398                HAL_NVIC_EnableIRQ
 .text.HAL_SYSTICK_Config
                0x080043b4       0x34 ./Drivers/STM32L4xx_HAL_Driver/Src/stm32l4xx_hal_cortex.o
                0x080043b4                HAL_SYSTICK_Config
 .text.HAL_DMA_Init
                0x080043e8       0xd8 ./Drivers/STM32L4xx_HAL_Driver/Src/stm32l4xx_hal_dma.o
                0x080043e8                HAL_DMA_Init
 .text.HAL_DMA_Start_IT
                0x080044c0       0x88 ./Drivers/STM32L4xx_HAL_Driver/Src/stm32l4xx_hal_dma.o
                0x080044c0                HAL_DMA_Start_IT
 .text.HAL_DMA_Abort
                0x08004548       0x4c ./Drivers/STM32L4xx_HAL_Driver/Src/stm32l4xx_hal_dma.o
                0x08004548                HAL_DMA_Abort
 .text.HAL_DMA_IRQHandler
                0x08004594       0x9c ./Drivers/STM32L4xx_HAL_Driver/Src/stm32l4xx_hal_dma.o
                0x08004594                HAL_DMA_IRQHandler
 .text.HAL_GPIO_Init
                0x08004630      0x248 ./Drivers/STM32L4xx_HAL_Driver/Src/stm32l4xx_hal_gpio.o
                0x08004630                HAL_GPIO_Init
 .text.HAL_GPIO_WritePin
                0x08004878        0xc ./Drivers/STM32L4xx_HAL_Driver/Src/stm32l4xx_hal_gpio.o
                0x08004878                HAL_GPIO_WritePin
 .text.HAL_GPIO_EXTI_IRQHandler
                0x08004884       0x18 ./Drivers/STM32L4xx_HAL_Driver/Src/stm32l4xx_hal_gpio.o
                0x08004884                HAL_GPIO_EXTI_IRQHandler
 .text.HAL_PWREx_GetVoltageRange
                0x0800489c       0x10 ./Drivers/STM32L4xx_HAL_Driver/Src/stm32l4xx_hal_pwr_ex.o
                0x0800489c                HAL_PWREx_GetVoltageRange
 .text.HAL_PWREx_ControlVoltageScaling
                0x080048ac       0x80 ./Drivers/STM32L4xx_HAL_Driver/Src/stm32l4xx_hal_pwr_ex.o
                0x080048ac                HAL_PWREx_ControlVoltageScaling
 .text.HAL_PWREx_EnableVddIO2
                0x0800492c       0x10 ./Drivers/STM32L4xx_HAL_Driver/Src/stm32l4xx_hal_pwr_ex.o
                0x0800492c                HAL_PWREx_EnableVddIO2
 .text.RCC_SetFlashLatencyFromMSIRange
                0x0800493c       0x8c ./Drivers/STM32L4xx_HAL_Driver/Src/stm32l4xx_hal_rcc.o
 .text.HAL_RCC_GetSysClockFreq
                0x080049c8       0xb4 ./Drivers/STM32L4xx_HAL_Driver/Src/stm32l4xx_hal_rcc.o
                0x080049c8                HAL_RCC_GetSysClockFreq
 .text.HAL_RCC_OscConfig
                0x08004a7c      0x618 ./Drivers/STM32L4xx_HAL_Driver/Src/stm32l4xx_hal_rcc.o
                0x08004a7c                HAL_RCC_OscConfig
 .text.HAL_RCC_ClockConfig
                0x08005094      0x16c ./Drivers/STM32L4xx_HAL_Driver/Src/stm32l4xx_hal_rcc.o
                0x08005094                HAL_RCC_ClockConfig
 .text.HAL_RCC_GetHCLKFreq
                0x08005200        0xc ./Drivers/STM32L4xx_HAL_Driver/Src/stm32l4xx_hal_rcc.o
                0x08005200                HAL_RCC_GetHCLKFreq
 .text.HAL_RCC_GetPCLK1Freq
                0x0800520c       0x24 ./Drivers/STM32L4xx_HAL_Driver/Src/stm32l4xx_hal_rcc.o
                0x0800520c                HAL_RCC_GetPCLK1Freq
 .text.HAL_RCC_GetPCLK2Freq
                0x08005230       0x24 ./Drivers/STM32L4xx_HAL_Driver/Src/stm32l4xx_hal_rcc.o
                0x08005230                HAL_RCC_GetPCLK2Freq
 .text.RCCEx_PLLSAI1_Config
                0x08005254      0x11c ./Drivers/STM32L4xx_HAL_Driver/Src/stm32l4xx_hal_rcc_ex.o
 .text.RCCEx_PLLSAI2_Config
                0x08005370      0x100 ./Drivers/STM32L4xx_HAL_Driver/Src/stm32l4xx_hal_rcc_ex.o
 .text.HAL_RCCEx_PeriphCLKConfig
                0x08005470      0x464 ./Drivers/STM32L4xx_HAL_Driver/Src/stm32l4xx_hal_rcc_ex.o
                0x08005470                HAL_RCCEx_PeriphCLKConfig
 .text.SPI_WaitFifoStateUntilTimeout.constprop.0
                0x080058d4       0xec ./Drivers/STM32L4xx_HAL_Driver/Src/stm32l4xx_hal_spi.o
 .text.SPI_EndRxTxTransaction
                0x080059c0      0x144 ./Drivers/STM32L4xx_HAL_Driver/Src/stm32l4xx_hal_spi.o
 .text.HAL_SPI_Init
                0x08005b04       0xf8 ./Drivers/STM32L4xx_HAL_Driver/Src/stm32l4xx_hal_spi.o
                0x08005b04                HAL_SPI_Init
 .text.HAL_SPI_TransmitReceive
                0x08005bfc      0x318 ./Drivers/STM32L4xx_HAL_Driver/Src/stm32l4xx_hal_spi.o
                0x08005bfc                HAL_SPI_TransmitReceive
 .text.HAL_TIM_Base_Init
                0x08005f14      0x12c ./Drivers/STM32L4xx_HAL_Driver/Src/stm32l4xx_hal_tim.o
                0x08005f14                HAL_TIM_Base_Init
 .text.HAL_TIM_Base_Start
                0x08006040       0x70 ./Drivers/STM32L4xx_HAL_Driver/Src/stm32l4xx_hal_tim.o
                0x08006040                HAL_TIM_Base_Start
 .text.HAL_TIM_ConfigClockSource
                0x080060b0      0x154 ./Drivers/STM32L4xx_HAL_Driver/Src/stm32l4xx_hal_tim.o
                0x080060b0                HAL_TIM_ConfigClockSource
 .text.HAL_TIM_PeriodElapsedCallback
                0x08006204        0x4 ./Drivers/STM32L4xx_HAL_Driver/Src/stm32l4xx_hal_tim.o
                0x08006204                HAL_TIM_PeriodElapsedCallback
 .text.HAL_TIM_OC_DelayElapsedCallback
                0x08006208        0x4 ./Drivers/STM32L4xx_HAL_Driver/Src/stm32l4xx_hal_tim.o
                0x08006208                HAL_TIM_OC_DelayElapsedCallback
 .text.HAL_TIM_IC_CaptureCallback
                0x0800620c        0x4 ./Drivers/STM32L4xx_HAL_Driver/Src/stm32l4xx_hal_tim.o
                0x0800620c                HAL_TIM_IC_CaptureCallback
 .text.HAL_TIM_PWM_PulseFinishedCallback
                0x08006210        0x4 ./Drivers/STM32L4xx_HAL_Driver/Src/stm32l4xx_hal_tim.o
                0x08006210                HAL_TIM_PWM_PulseFinishedCallback
 .text.HAL_TIM_TriggerCallback
                0x08006214        0x4 ./Drivers/STM32L4xx_HAL_Driver/Src/stm32l4xx_hal_tim.o
                0x08006214                HAL_TIM_TriggerCallback
 .text.HAL_TIM_IRQHandler
                0x08006218      0x158 ./Drivers/STM32L4xx_HAL_Driver/Src/stm32l4xx_hal_tim.o
                0x08006218                HAL_TIM_IRQHandler
 .text.HAL_TIMEx_MasterConfigSynchronization
                0x08006370       0xa0 ./Drivers/STM32L4xx_HAL_Driver/Src/stm32l4xx_hal_tim_ex.o
                0x08006370                HAL_TIMEx_MasterConfigSynchronization
 .text.HAL_TIMEx_CommutCallback
                0x08006410        0x4 ./Drivers/STM32L4xx_HAL_Driver/Src/stm32l4xx_hal_tim_ex.o
                0x08006410                HAL_TIMEx_CommutCallback
 .text.HAL_TIMEx_BreakCallback
                0x08006414        0x4 ./Drivers/STM32L4xx_HAL_Driver/Src/stm32l4xx_hal_tim_ex.o
                0x08006414                HAL_TIMEx_BreakCallback
 .text.HAL_TIMEx_Break2Callback
                0x08006418        0x4 ./Drivers/STM32L4xx_HAL_Driver/Src/stm32l4xx_hal_tim_ex.o
                0x08006418                HAL_TIMEx_Break2Callback
 .text.HAL_UART_Transmit
                0x0800641c       0xe0 ./Drivers/STM32L4xx_HAL_Driver/Src/stm32l4xx_hal_uart.o
                0x0800641c                HAL_UART_Transmit
 .text.HAL_UART_Receive
                0x080064fc      0x1d8 ./Drivers/STM32L4xx_HAL_Driver/Src/stm32l4xx_hal_uart.o
                0x080064fc                HAL_UART_Receive
 .text.UART_SetConfig
                0x080066d4      0x248 ./Drivers/STM32L4xx_HAL_Driver/Src/stm32l4xx_hal_uart.o
                0x080066d4                UART_SetConfig
 .text.UART_AdvFeatureConfig
                0x0800691c       0xb0 ./Drivers/STM32L4xx_HAL_Driver/Src/stm32l4xx_hal_uart.o
                0x0800691c                UART_AdvFeatureConfig
 .text.UART_CheckIdleState
                0x080069cc      0x250 ./Drivers/STM32L4xx_HAL_Driver/Src/stm32l4xx_hal_uart.o
                0x080069cc                UART_CheckIdleState
 .text.HAL_UART_Init
                0x08006c1c       0x64 ./Drivers/STM32L4xx_HAL_Driver/Src/stm32l4xx_hal_uart.o
                0x08006c1c                HAL_UART_Init
 .text.arm_split_rfft_q15
                0x08006c80      0x10c C:\Dev\GIT\LELEC210X_GROUP_E\mcu\optimization_main_app\ARM_CMSIS\CMSIS\DSP\Lib\GCC\libarm_cortexM4lf_math.a(arm_rfft_q15.o)
                0x08006c80                arm_split_rfft_q15
 .text.arm_rfft_q15
                0x08006d8c       0xf8 C:\Dev\GIT\LELEC210X_GROUP_E\mcu\optimization_main_app\ARM_CMSIS\CMSIS\DSP\Lib\GCC\libarm_cortexM4lf_math.a(arm_rfft_q15.o)
                0x08006d8c                arm_rfft_q15
 .text.arm_rfft_init_q15
                0x08006e84       0xf8 C:\Dev\GIT\LELEC210X_GROUP_E\mcu\optimization_main_app\ARM_CMSIS\CMSIS\DSP\Lib\GCC\libarm_cortexM4lf_math.a(arm_rfft_init_q15.o)
                0x08006e84                arm_rfft_init_q15
 .text.arm_mat_mult_fast_q15
                0x08006f7c      0x404 C:\Dev\GIT\LELEC210X_GROUP_E\mcu\optimization_main_app\ARM_CMSIS\CMSIS\DSP\Lib\GCC\libarm_cortexM4lf_math.a(arm_mat_mult_fast_q15.o)
                0x08006f7c                arm_mat_mult_fast_q15
 .text.arm_mat_init_q15
                0x08007380        0x8 C:\Dev\GIT\LELEC210X_GROUP_E\mcu\optimization_main_app\ARM_CMSIS\CMSIS\DSP\Lib\GCC\libarm_cortexM4lf_math.a(arm_mat_init_q15.o)
                0x08007380                arm_mat_init_q15
 .text.arm_cmplx_mag_q15
                0x08007388       0x88 C:\Dev\GIT\LELEC210X_GROUP_E\mcu\optimization_main_app\ARM_CMSIS\CMSIS\DSP\Lib\GCC\libarm_cortexM4lf_math.a(arm_cmplx_mag_q15.o)
                0x08007388                arm_cmplx_mag_q15
 .text.arm_sqrt_q15
                0x08007410       0xcc C:\Dev\GIT\LELEC210X_GROUP_E\mcu\optimization_main_app\ARM_CMSIS\CMSIS\DSP\Lib\GCC\libarm_cortexM4lf_math.a(arm_sqrt_q15.o)
                0x08007410                arm_sqrt_q15
 .text.arm_shift_q15
                0x080074dc      0x124 C:\Dev\GIT\LELEC210X_GROUP_E\mcu\optimization_main_app\ARM_CMSIS\CMSIS\DSP\Lib\GCC\libarm_cortexM4lf_math.a(arm_shift_q15.o)
                0x080074dc                arm_shift_q15
 .text.arm_mult_q15
                0x08007600       0xbc C:\Dev\GIT\LELEC210X_GROUP_E\mcu\optimization_main_app\ARM_CMSIS\CMSIS\DSP\Lib\GCC\libarm_cortexM4lf_math.a(arm_mult_q15.o)
                0x08007600                arm_mult_q15
 .text.arm_cfft_radix4by2_q15
                0x080076bc       0xbc C:\Dev\GIT\LELEC210X_GROUP_E\mcu\optimization_main_app\ARM_CMSIS\CMSIS\DSP\Lib\GCC\libarm_cortexM4lf_math.a(arm_cfft_q15.o)
                0x080076bc                arm_cfft_radix4by2_q15
 .text.arm_cfft_radix4by2_inverse_q15
                0x08007778       0xbc C:\Dev\GIT\LELEC210X_GROUP_E\mcu\optimization_main_app\ARM_CMSIS\CMSIS\DSP\Lib\GCC\libarm_cortexM4lf_math.a(arm_cfft_q15.o)
                0x08007778                arm_cfft_radix4by2_inverse_q15
 .text.arm_cfft_q15
                0x08007834       0xbc C:\Dev\GIT\LELEC210X_GROUP_E\mcu\optimization_main_app\ARM_CMSIS\CMSIS\DSP\Lib\GCC\libarm_cortexM4lf_math.a(arm_cfft_q15.o)
                0x08007834                arm_cfft_q15
 .text.arm_radix4_butterfly_q15
                0x080078f0      0x354 C:\Dev\GIT\LELEC210X_GROUP_E\mcu\optimization_main_app\ARM_CMSIS\CMSIS\DSP\Lib\GCC\libarm_cortexM4lf_math.a(arm_cfft_radix4_q15.o)
                0x080078f0                arm_radix4_butterfly_q15
 .text.arm_radix4_butterfly_inverse_q15
                0x08007c44      0x354 C:\Dev\GIT\LELEC210X_GROUP_E\mcu\optimization_main_app\ARM_CMSIS\CMSIS\DSP\Lib\GCC\libarm_cortexM4lf_math.a(arm_cfft_radix4_q15.o)
                0x08007c44                arm_radix4_butterfly_inverse_q15
 .text.arm_bitreversal_16
                0x08007f98       0x44 C:\Dev\GIT\LELEC210X_GROUP_E\mcu\optimization_main_app\ARM_CMSIS\CMSIS\DSP\Lib\GCC\libarm_cortexM4lf_math.a(arm_bitreversal2.o)
                0x08007f98                arm_bitreversal_16
 .text.std      0x08007fdc       0x6c C:/ST/STM32CubeIDE_1.16.1/STM32CubeIDE/plugins/com.st.stm32cube.ide.mcu.externaltools.gnu-tools-for-stm32.12.3.rel1.win32_1.0.200.202406191623/tools/bin/../lib/gcc/arm-none-eabi/12.3.1/../../../../arm-none-eabi/lib/thumb/v7e-m+fp/hard\libc_nano.a(libc_a-findfp.o)
 .text.stdio_exit_handler
                0x08008048       0x18 C:/ST/STM32CubeIDE_1.16.1/STM32CubeIDE/plugins/com.st.stm32cube.ide.mcu.externaltools.gnu-tools-for-stm32.12.3.rel1.win32_1.0.200.202406191623/tools/bin/../lib/gcc/arm-none-eabi/12.3.1/../../../../arm-none-eabi/lib/thumb/v7e-m+fp/hard\libc_nano.a(libc_a-findfp.o)
 .text.cleanup_stdio
                0x08008060       0x40 C:/ST/STM32CubeIDE_1.16.1/STM32CubeIDE/plugins/com.st.stm32cube.ide.mcu.externaltools.gnu-tools-for-stm32.12.3.rel1.win32_1.0.200.202406191623/tools/bin/../lib/gcc/arm-none-eabi/12.3.1/../../../../arm-none-eabi/lib/thumb/v7e-m+fp/hard\libc_nano.a(libc_a-findfp.o)
 .text.global_stdio_init.part.0
                0x080080a0       0x3c C:/ST/STM32CubeIDE_1.16.1/STM32CubeIDE/plugins/com.st.stm32cube.ide.mcu.externaltools.gnu-tools-for-stm32.12.3.rel1.win32_1.0.200.202406191623/tools/bin/../lib/gcc/arm-none-eabi/12.3.1/../../../../arm-none-eabi/lib/thumb/v7e-m+fp/hard\libc_nano.a(libc_a-findfp.o)
 .text.__sfp_lock_acquire
                0x080080dc        0xc C:/ST/STM32CubeIDE_1.16.1/STM32CubeIDE/plugins/com.st.stm32cube.ide.mcu.externaltools.gnu-tools-for-stm32.12.3.rel1.win32_1.0.200.202406191623/tools/bin/../lib/gcc/arm-none-eabi/12.3.1/../../../../arm-none-eabi/lib/thumb/v7e-m+fp/hard\libc_nano.a(libc_a-findfp.o)
                0x080080dc                __sfp_lock_acquire
 .text.__sfp_lock_release
                0x080080e8        0xc C:/ST/STM32CubeIDE_1.16.1/STM32CubeIDE/plugins/com.st.stm32cube.ide.mcu.externaltools.gnu-tools-for-stm32.12.3.rel1.win32_1.0.200.202406191623/tools/bin/../lib/gcc/arm-none-eabi/12.3.1/../../../../arm-none-eabi/lib/thumb/v7e-m+fp/hard\libc_nano.a(libc_a-findfp.o)
                0x080080e8                __sfp_lock_release
 .text.__sinit  0x080080f4       0x30 C:/ST/STM32CubeIDE_1.16.1/STM32CubeIDE/plugins/com.st.stm32cube.ide.mcu.externaltools.gnu-tools-for-stm32.12.3.rel1.win32_1.0.200.202406191623/tools/bin/../lib/gcc/arm-none-eabi/12.3.1/../../../../arm-none-eabi/lib/thumb/v7e-m+fp/hard\libc_nano.a(libc_a-findfp.o)
                0x080080f4                __sinit
 .text._fwalk_sglue
                0x08008124       0x3c C:/ST/STM32CubeIDE_1.16.1/STM32CubeIDE/plugins/com.st.stm32cube.ide.mcu.externaltools.gnu-tools-for-stm32.12.3.rel1.win32_1.0.200.202406191623/tools/bin/../lib/gcc/arm-none-eabi/12.3.1/../../../../arm-none-eabi/lib/thumb/v7e-m+fp/hard\libc_nano.a(libc_a-fwalk.o)
                0x08008124                _fwalk_sglue
 .text.printf   0x08008160       0x24 C:/ST/STM32CubeIDE_1.16.1/STM32CubeIDE/plugins/com.st.stm32cube.ide.mcu.externaltools.gnu-tools-for-stm32.12.3.rel1.win32_1.0.200.202406191623/tools/bin/../lib/gcc/arm-none-eabi/12.3.1/../../../../arm-none-eabi/lib/thumb/v7e-m+fp/hard\libc_nano.a(libc_a-printf.o)
                0x08008160                iprintf
                0x08008160                printf
 .text._puts_r  0x08008184       0xaa C:/ST/STM32CubeIDE_1.16.1/STM32CubeIDE/plugins/com.st.stm32cube.ide.mcu.externaltools.gnu-tools-for-stm32.12.3.rel1.win32_1.0.200.202406191623/tools/bin/../lib/gcc/arm-none-eabi/12.3.1/../../../../arm-none-eabi/lib/thumb/v7e-m+fp/hard\libc_nano.a(libc_a-puts.o)
                0x08008184                _puts_r
 *fill*         0x0800822e        0x2 
 .text.puts     0x08008230       0x10 C:/ST/STM32CubeIDE_1.16.1/STM32CubeIDE/plugins/com.st.stm32cube.ide.mcu.externaltools.gnu-tools-for-stm32.12.3.rel1.win32_1.0.200.202406191623/tools/bin/../lib/gcc/arm-none-eabi/12.3.1/../../../../arm-none-eabi/lib/thumb/v7e-m+fp/hard\libc_nano.a(libc_a-puts.o)
                0x08008230                puts
 .text.setvbuf  0x08008240      0x168 C:/ST/STM32CubeIDE_1.16.1/STM32CubeIDE/plugins/com.st.stm32cube.ide.mcu.externaltools.gnu-tools-for-stm32.12.3.rel1.win32_1.0.200.202406191623/tools/bin/../lib/gcc/arm-none-eabi/12.3.1/../../../../arm-none-eabi/lib/thumb/v7e-m+fp/hard\libc_nano.a(libc_a-setvbuf.o)
                0x08008240                setvbuf
 .text.__sread  0x080083a8       0x22 C:/ST/STM32CubeIDE_1.16.1/STM32CubeIDE/plugins/com.st.stm32cube.ide.mcu.externaltools.gnu-tools-for-stm32.12.3.rel1.win32_1.0.200.202406191623/tools/bin/../lib/gcc/arm-none-eabi/12.3.1/../../../../arm-none-eabi/lib/thumb/v7e-m+fp/hard\libc_nano.a(libc_a-stdio.o)
                0x080083a8                __sread
 .text.__swrite
                0x080083ca       0x38 C:/ST/STM32CubeIDE_1.16.1/STM32CubeIDE/plugins/com.st.stm32cube.ide.mcu.externaltools.gnu-tools-for-stm32.12.3.rel1.win32_1.0.200.202406191623/tools/bin/../lib/gcc/arm-none-eabi/12.3.1/../../../../arm-none-eabi/lib/thumb/v7e-m+fp/hard\libc_nano.a(libc_a-stdio.o)
                0x080083ca                __swrite
 .text.__sseek  0x08008402       0x24 C:/ST/STM32CubeIDE_1.16.1/STM32CubeIDE/plugins/com.st.stm32cube.ide.mcu.externaltools.gnu-tools-for-stm32.12.3.rel1.win32_1.0.200.202406191623/tools/bin/../lib/gcc/arm-none-eabi/12.3.1/../../../../arm-none-eabi/lib/thumb/v7e-m+fp/hard\libc_nano.a(libc_a-stdio.o)
                0x08008402                __sseek
 .text.__sclose
                0x08008426        0x8 C:/ST/STM32CubeIDE_1.16.1/STM32CubeIDE/plugins/com.st.stm32cube.ide.mcu.externaltools.gnu-tools-for-stm32.12.3.rel1.win32_1.0.200.202406191623/tools/bin/../lib/gcc/arm-none-eabi/12.3.1/../../../../arm-none-eabi/lib/thumb/v7e-m+fp/hard\libc_nano.a(libc_a-stdio.o)
                0x08008426                __sclose
 .text.__swbuf_r
                0x0800842e       0x7c C:/ST/STM32CubeIDE_1.16.1/STM32CubeIDE/plugins/com.st.stm32cube.ide.mcu.externaltools.gnu-tools-for-stm32.12.3.rel1.win32_1.0.200.202406191623/tools/bin/../lib/gcc/arm-none-eabi/12.3.1/../../../../arm-none-eabi/lib/thumb/v7e-m+fp/hard\libc_nano.a(libc_a-wbuf.o)
                0x0800842e                __swbuf_r
 *fill*         0x080084aa        0x2 
 .text.__swsetup_r
                0x080084ac       0xac C:/ST/STM32CubeIDE_1.16.1/STM32CubeIDE/plugins/com.st.stm32cube.ide.mcu.externaltools.gnu-tools-for-stm32.12.3.rel1.win32_1.0.200.202406191623/tools/bin/../lib/gcc/arm-none-eabi/12.3.1/../../../../arm-none-eabi/lib/thumb/v7e-m+fp/hard\libc_nano.a(libc_a-wsetup.o)
                0x080084ac                __swsetup_r
 .text.memset   0x08008558       0x10 C:/ST/STM32CubeIDE_1.16.1/STM32CubeIDE/plugins/com.st.stm32cube.ide.mcu.externaltools.gnu-tools-for-stm32.12.3.rel1.win32_1.0.200.202406191623/tools/bin/../lib/gcc/arm-none-eabi/12.3.1/../../../../arm-none-eabi/lib/thumb/v7e-m+fp/hard\libc_nano.a(libc_a-memset.o)
                0x08008558                memset
 .text._close_r
                0x08008568       0x20 C:/ST/STM32CubeIDE_1.16.1/STM32CubeIDE/plugins/com.st.stm32cube.ide.mcu.externaltools.gnu-tools-for-stm32.12.3.rel1.win32_1.0.200.202406191623/tools/bin/../lib/gcc/arm-none-eabi/12.3.1/../../../../arm-none-eabi/lib/thumb/v7e-m+fp/hard\libc_nano.a(libc_a-closer.o)
                0x08008568                _close_r
 .text._lseek_r
                0x08008588       0x24 C:/ST/STM32CubeIDE_1.16.1/STM32CubeIDE/plugins/com.st.stm32cube.ide.mcu.externaltools.gnu-tools-for-stm32.12.3.rel1.win32_1.0.200.202406191623/tools/bin/../lib/gcc/arm-none-eabi/12.3.1/../../../../arm-none-eabi/lib/thumb/v7e-m+fp/hard\libc_nano.a(libc_a-lseekr.o)
                0x08008588                _lseek_r
 .text._read_r  0x080085ac       0x24 C:/ST/STM32CubeIDE_1.16.1/STM32CubeIDE/plugins/com.st.stm32cube.ide.mcu.externaltools.gnu-tools-for-stm32.12.3.rel1.win32_1.0.200.202406191623/tools/bin/../lib/gcc/arm-none-eabi/12.3.1/../../../../arm-none-eabi/lib/thumb/v7e-m+fp/hard\libc_nano.a(libc_a-readr.o)
                0x080085ac                _read_r
 .text._write_r
                0x080085d0       0x24 C:/ST/STM32CubeIDE_1.16.1/STM32CubeIDE/plugins/com.st.stm32cube.ide.mcu.externaltools.gnu-tools-for-stm32.12.3.rel1.win32_1.0.200.202406191623/tools/bin/../lib/gcc/arm-none-eabi/12.3.1/../../../../arm-none-eabi/lib/thumb/v7e-m+fp/hard\libc_nano.a(libc_a-writer.o)
                0x080085d0                _write_r
 .text.__errno  0x080085f4        0xc C:/ST/STM32CubeIDE_1.16.1/STM32CubeIDE/plugins/com.st.stm32cube.ide.mcu.externaltools.gnu-tools-for-stm32.12.3.rel1.win32_1.0.200.202406191623/tools/bin/../lib/gcc/arm-none-eabi/12.3.1/../../../../arm-none-eabi/lib/thumb/v7e-m+fp/hard\libc_nano.a(libc_a-errno.o)
                0x080085f4                __errno
 .text.__libc_init_array
                0x08008600       0x48 C:/ST/STM32CubeIDE_1.16.1/STM32CubeIDE/plugins/com.st.stm32cube.ide.mcu.externaltools.gnu-tools-for-stm32.12.3.rel1.win32_1.0.200.202406191623/tools/bin/../lib/gcc/arm-none-eabi/12.3.1/../../../../arm-none-eabi/lib/thumb/v7e-m+fp/hard\libc_nano.a(libc_a-init.o)
                0x08008600                __libc_init_array
 .text.__retarget_lock_init_recursive
                0x08008648        0x2 C:/ST/STM32CubeIDE_1.16.1/STM32CubeIDE/plugins/com.st.stm32cube.ide.mcu.externaltools.gnu-tools-for-stm32.12.3.rel1.win32_1.0.200.202406191623/tools/bin/../lib/gcc/arm-none-eabi/12.3.1/../../../../arm-none-eabi/lib/thumb/v7e-m+fp/hard\libc_nano.a(libc_a-lock.o)
                0x08008648                __retarget_lock_init_recursive
 .text.__retarget_lock_acquire_recursive
                0x0800864a        0x2 C:/ST/STM32CubeIDE_1.16.1/STM32CubeIDE/plugins/com.st.stm32cube.ide.mcu.externaltools.gnu-tools-for-stm32.12.3.rel1.win32_1.0.200.202406191623/tools/bin/../lib/gcc/arm-none-eabi/12.3.1/../../../../arm-none-eabi/lib/thumb/v7e-m+fp/hard\libc_nano.a(libc_a-lock.o)
                0x0800864a                __retarget_lock_acquire_recursive
 .text.__retarget_lock_release_recursive
                0x0800864c        0x2 C:/ST/STM32CubeIDE_1.16.1/STM32CubeIDE/plugins/com.st.stm32cube.ide.mcu.externaltools.gnu-tools-for-stm32.12.3.rel1.win32_1.0.200.202406191623/tools/bin/../lib/gcc/arm-none-eabi/12.3.1/../../../../arm-none-eabi/lib/thumb/v7e-m+fp/hard\libc_nano.a(libc_a-lock.o)
                0x0800864c                __retarget_lock_release_recursive
 .text.memcpy   0x0800864e       0x1c C:/ST/STM32CubeIDE_1.16.1/STM32CubeIDE/plugins/com.st.stm32cube.ide.mcu.externaltools.gnu-tools-for-stm32.12.3.rel1.win32_1.0.200.202406191623/tools/bin/../lib/gcc/arm-none-eabi/12.3.1/../../../../arm-none-eabi/lib/thumb/v7e-m+fp/hard\libc_nano.a(libc_a-memcpy-stub.o)
                0x0800864e                memcpy
 *fill*         0x0800866a        0x2 
 .text._free_r  0x0800866c       0x94 C:/ST/STM32CubeIDE_1.16.1/STM32CubeIDE/plugins/com.st.stm32cube.ide.mcu.externaltools.gnu-tools-for-stm32.12.3.rel1.win32_1.0.200.202406191623/tools/bin/../lib/gcc/arm-none-eabi/12.3.1/../../../../arm-none-eabi/lib/thumb/v7e-m+fp/hard\libc_nano.a(libc_a-freer.o)
                0x0800866c                _free_r
 .text.malloc   0x08008700       0x10 C:/ST/STM32CubeIDE_1.16.1/STM32CubeIDE/plugins/com.st.stm32cube.ide.mcu.externaltools.gnu-tools-for-stm32.12.3.rel1.win32_1.0.200.202406191623/tools/bin/../lib/gcc/arm-none-eabi/12.3.1/../../../../arm-none-eabi/lib/thumb/v7e-m+fp/hard\libc_nano.a(libc_a-malloc.o)
                0x08008700                malloc
 .text.sbrk_aligned
                0x08008710       0x44 C:/ST/STM32CubeIDE_1.16.1/STM32CubeIDE/plugins/com.st.stm32cube.ide.mcu.externaltools.gnu-tools-for-stm32.12.3.rel1.win32_1.0.200.202406191623/tools/bin/../lib/gcc/arm-none-eabi/12.3.1/../../../../arm-none-eabi/lib/thumb/v7e-m+fp/hard\libc_nano.a(libc_a-mallocr.o)
 .text._malloc_r
                0x08008754      0x100 C:/ST/STM32CubeIDE_1.16.1/STM32CubeIDE/plugins/com.st.stm32cube.ide.mcu.externaltools.gnu-tools-for-stm32.12.3.rel1.win32_1.0.200.202406191623/tools/bin/../lib/gcc/arm-none-eabi/12.3.1/../../../../arm-none-eabi/lib/thumb/v7e-m+fp/hard\libc_nano.a(libc_a-mallocr.o)
                0x08008754                _malloc_r
 .text.__malloc_lock
                0x08008854        0xc C:/ST/STM32CubeIDE_1.16.1/STM32CubeIDE/plugins/com.st.stm32cube.ide.mcu.externaltools.gnu-tools-for-stm32.12.3.rel1.win32_1.0.200.202406191623/tools/bin/../lib/gcc/arm-none-eabi/12.3.1/../../../../arm-none-eabi/lib/thumb/v7e-m+fp/hard\libc_nano.a(libc_a-mlock.o)
                0x08008854                __malloc_lock
 .text.__malloc_unlock
                0x08008860        0xc C:/ST/STM32CubeIDE_1.16.1/STM32CubeIDE/plugins/com.st.stm32cube.ide.mcu.externaltools.gnu-tools-for-stm32.12.3.rel1.win32_1.0.200.202406191623/tools/bin/../lib/gcc/arm-none-eabi/12.3.1/../../../../arm-none-eabi/lib/thumb/v7e-m+fp/hard\libc_nano.a(libc_a-mlock.o)
                0x08008860                __malloc_unlock
 .text.__sfputc_r
                0x0800886c       0x2e C:/ST/STM32CubeIDE_1.16.1/STM32CubeIDE/plugins/com.st.stm32cube.ide.mcu.externaltools.gnu-tools-for-stm32.12.3.rel1.win32_1.0.200.202406191623/tools/bin/../lib/gcc/arm-none-eabi/12.3.1/../../../../arm-none-eabi/lib/thumb/v7e-m+fp/hard\libc_nano.a(libc_a-nano-vfprintf.o)
 .text.__sfputs_r
                0x0800889a       0x24 C:/ST/STM32CubeIDE_1.16.1/STM32CubeIDE/plugins/com.st.stm32cube.ide.mcu.externaltools.gnu-tools-for-stm32.12.3.rel1.win32_1.0.200.202406191623/tools/bin/../lib/gcc/arm-none-eabi/12.3.1/../../../../arm-none-eabi/lib/thumb/v7e-m+fp/hard\libc_nano.a(libc_a-nano-vfprintf.o)
                0x0800889a                __sfputs_r
 *fill*         0x080088be        0x2 
 .text._vfprintf_r
                0x080088c0      0x230 C:/ST/STM32CubeIDE_1.16.1/STM32CubeIDE/plugins/com.st.stm32cube.ide.mcu.externaltools.gnu-tools-for-stm32.12.3.rel1.win32_1.0.200.202406191623/tools/bin/../lib/gcc/arm-none-eabi/12.3.1/../../../../arm-none-eabi/lib/thumb/v7e-m+fp/hard\libc_nano.a(libc_a-nano-vfprintf.o)
                0x080088c0                _vfprintf_r
                0x080088c0                _vfiprintf_r
 .text._printf_common
                0x08008af0       0xda C:/ST/STM32CubeIDE_1.16.1/STM32CubeIDE/plugins/com.st.stm32cube.ide.mcu.externaltools.gnu-tools-for-stm32.12.3.rel1.win32_1.0.200.202406191623/tools/bin/../lib/gcc/arm-none-eabi/12.3.1/../../../../arm-none-eabi/lib/thumb/v7e-m+fp/hard\libc_nano.a(libc_a-nano-vfprintf_i.o)
                0x08008af0                _printf_common
 *fill*         0x08008bca        0x2 
 .text._printf_i
                0x08008bcc      0x240 C:/ST/STM32CubeIDE_1.16.1/STM32CubeIDE/plugins/com.st.stm32cube.ide.mcu.externaltools.gnu-tools-for-stm32.12.3.rel1.win32_1.0.200.202406191623/tools/bin/../lib/gcc/arm-none-eabi/12.3.1/../../../../arm-none-eabi/lib/thumb/v7e-m+fp/hard\libc_nano.a(libc_a-nano-vfprintf_i.o)
                0x08008bcc                _printf_i
 .text.__sflush_r
                0x08008e0c      0x108 C:/ST/STM32CubeIDE_1.16.1/STM32CubeIDE/plugins/com.st.stm32cube.ide.mcu.externaltools.gnu-tools-for-stm32.12.3.rel1.win32_1.0.200.202406191623/tools/bin/../lib/gcc/arm-none-eabi/12.3.1/../../../../arm-none-eabi/lib/thumb/v7e-m+fp/hard\libc_nano.a(libc_a-fflush.o)
                0x08008e0c                __sflush_r
 .text._fflush_r
                0x08008f14       0x50 C:/ST/STM32CubeIDE_1.16.1/STM32CubeIDE/plugins/com.st.stm32cube.ide.mcu.externaltools.gnu-tools-for-stm32.12.3.rel1.win32_1.0.200.202406191623/tools/bin/../lib/gcc/arm-none-eabi/12.3.1/../../../../arm-none-eabi/lib/thumb/v7e-m+fp/hard\libc_nano.a(libc_a-fflush.o)
                0x08008f14                _fflush_r
 .text.__swhatbuf_r
                0x08008f64       0x4c C:/ST/STM32CubeIDE_1.16.1/STM32CubeIDE/plugins/com.st.stm32cube.ide.mcu.externaltools.gnu-tools-for-stm32.12.3.rel1.win32_1.0.200.202406191623/tools/bin/../lib/gcc/arm-none-eabi/12.3.1/../../../../arm-none-eabi/lib/thumb/v7e-m+fp/hard\libc_nano.a(libc_a-makebuf.o)
                0x08008f64                __swhatbuf_r
 .text.__smakebuf_r
                0x08008fb0       0x78 C:/ST/STM32CubeIDE_1.16.1/STM32CubeIDE/plugins/com.st.stm32cube.ide.mcu.externaltools.gnu-tools-for-stm32.12.3.rel1.win32_1.0.200.202406191623/tools/bin/../lib/gcc/arm-none-eabi/12.3.1/../../../../arm-none-eabi/lib/thumb/v7e-m+fp/hard\libc_nano.a(libc_a-makebuf.o)
                0x08008fb0                __smakebuf_r
 .text._fstat_r
                0x08009028       0x24 C:/ST/STM32CubeIDE_1.16.1/STM32CubeIDE/plugins/com.st.stm32cube.ide.mcu.externaltools.gnu-tools-for-stm32.12.3.rel1.win32_1.0.200.202406191623/tools/bin/../lib/gcc/arm-none-eabi/12.3.1/../../../../arm-none-eabi/lib/thumb/v7e-m+fp/hard\libc_nano.a(libc_a-fstatr.o)
                0x08009028                _fstat_r
 .text._isatty_r
                0x0800904c       0x20 C:/ST/STM32CubeIDE_1.16.1/STM32CubeIDE/plugins/com.st.stm32cube.ide.mcu.externaltools.gnu-tools-for-stm32.12.3.rel1.win32_1.0.200.202406191623/tools/bin/../lib/gcc/arm-none-eabi/12.3.1/../../../../arm-none-eabi/lib/thumb/v7e-m+fp/hard\libc_nano.a(libc_a-isattyr.o)
                0x0800904c                _isatty_r
 .text._sbrk_r  0x0800906c       0x20 C:/ST/STM32CubeIDE_1.16.1/STM32CubeIDE/plugins/com.st.stm32cube.ide.mcu.externaltools.gnu-tools-for-stm32.12.3.rel1.win32_1.0.200.202406191623/tools/bin/../lib/gcc/arm-none-eabi/12.3.1/../../../../arm-none-eabi/lib/thumb/v7e-m+fp/hard\libc_nano.a(libc_a-sbrkr.o)
                0x0800906c                _sbrk_r
 *(.glue_7)
 .glue_7        0x0800908c        0x0 linker stubs
 *(.glue_7t)
 .glue_7t       0x0800908c        0x0 linker stubs
 *(.eh_frame)
 .eh_frame      0x0800908c        0x0 C:/ST/STM32CubeIDE_1.16.1/STM32CubeIDE/plugins/com.st.stm32cube.ide.mcu.externaltools.gnu-tools-for-stm32.12.3.rel1.win32_1.0.200.202406191623/tools/bin/../lib/gcc/arm-none-eabi/12.3.1/thumb/v7e-m+fp/hard/crtbegin.o
 *(.init)
 .init          0x0800908c        0x4 C:/ST/STM32CubeIDE_1.16.1/STM32CubeIDE/plugins/com.st.stm32cube.ide.mcu.externaltools.gnu-tools-for-stm32.12.3.rel1.win32_1.0.200.202406191623/tools/bin/../lib/gcc/arm-none-eabi/12.3.1/thumb/v7e-m+fp/hard/crti.o
                0x0800908c                _init
 .init          0x08009090        0x8 C:/ST/STM32CubeIDE_1.16.1/STM32CubeIDE/plugins/com.st.stm32cube.ide.mcu.externaltools.gnu-tools-for-stm32.12.3.rel1.win32_1.0.200.202406191623/tools/bin/../lib/gcc/arm-none-eabi/12.3.1/thumb/v7e-m+fp/hard/crtn.o
 *(.fini)
 .fini          0x08009098        0x4 C:/ST/STM32CubeIDE_1.16.1/STM32CubeIDE/plugins/com.st.stm32cube.ide.mcu.externaltools.gnu-tools-for-stm32.12.3.rel1.win32_1.0.200.202406191623/tools/bin/../lib/gcc/arm-none-eabi/12.3.1/thumb/v7e-m+fp/hard/crti.o
                0x08009098                _fini
 .fini          0x0800909c        0x8 C:/ST/STM32CubeIDE_1.16.1/STM32CubeIDE/plugins/com.st.stm32cube.ide.mcu.externaltools.gnu-tools-for-stm32.12.3.rel1.win32_1.0.200.202406191623/tools/bin/../lib/gcc/arm-none-eabi/12.3.1/thumb/v7e-m+fp/hard/crtn.o
                0x080090a4                        . = ALIGN (0x4)
                0x080090a4                        _etext = .

.vfp11_veneer   0x080090a4        0x0
 .vfp11_veneer  0x080090a4        0x0 linker stubs

.v4_bx          0x080090a4        0x0
 .v4_bx         0x080090a4        0x0 linker stubs

.iplt           0x080090a4        0x0
 .iplt          0x080090a4        0x0 C:/ST/STM32CubeIDE_1.16.1/STM32CubeIDE/plugins/com.st.stm32cube.ide.mcu.externaltools.gnu-tools-for-stm32.12.3.rel1.win32_1.0.200.202406191623/tools/bin/../lib/gcc/arm-none-eabi/12.3.1/thumb/v7e-m+fp/hard/crtbegin.o

.rodata         0x080090a4    0x12320
                0x080090a4                        . = ALIGN (0x4)
 *(.rodata)
 .rodata        0x080090a4      0x2a3 ./Core/Src/s2lp.o
 *(.rodata*)
 *fill*         0x08009347        0x1 
 .rodata.send_spectrogram.str1.4
                0x08009348       0x44 ./Core/Src/adc_dblbuf.o
 .rodata.HAL_ADC_ConvCpltCallback.str1.4
                0x0800938c       0x1d ./Core/Src/adc_dblbuf.o
 *fill*         0x080093a9        0x3 
 .rodata.run.str1.4
                0x080093ac       0x1e ./Core/Src/main.o
 *fill*         0x080093ca        0x2 
 .rodata.Error_Handler.str1.4
                0x080093cc       0x18 ./Core/Src/main.o
 .rodata.main.str1.4
                0x080093e4       0x8d ./Core/Src/main.o
 *fill*         0x08009471        0x3 
 .rodata.AES_Key
                0x08009474       0x10 ./Core/Src/packet.o
                0x08009474                AES_Key
 .rodata.Spectrogram_Compute.str1.4
                0x08009484        0xb ./Core/Src/spectrogram.o
 *fill*         0x0800948f        0x1 
 .rodata.MSIRangeTable
                0x08009490       0x30 ./Core/Src/system_stm32l4xx.o
                0x08009490                MSIRangeTable
 .rodata.APBPrescTable
                0x080094c0        0x8 ./Core/Src/system_stm32l4xx.o
                0x080094c0                APBPrescTable
 .rodata.AHBPrescTable
                0x080094c8       0x10 ./Core/Src/system_stm32l4xx.o
                0x080094c8                AHBPrescTable
 .rodata.start_cycle_count.str1.4
                0x080094d8       0x22 ./Core/Src/utils.o
 *fill*         0x080094fa        0x2 
 .rodata.stop_cycle_count.str1.4
                0x080094fc       0x17 ./Core/Src/utils.o
 *fill*         0x08009513        0x1 
 .rodata.hex_encode.str1.4
                0x08009514       0x11 ./Core/Src/utils.o
 *fill*         0x08009525        0x3 
 .rodata.CSWTCH.108
                0x08009528       0x10 ./Drivers/STM32L4xx_HAL_Driver/Src/stm32l4xx_hal_adc.o
 .rodata.arm_cfft_sR_q15_len1024
                0x08009538       0x10 C:\Dev\GIT\LELEC210X_GROUP_E\mcu\optimization_main_app\ARM_CMSIS\CMSIS\DSP\Lib\GCC\libarm_cortexM4lf_math.a(arm_const_structs.o)
                0x08009538                arm_cfft_sR_q15_len1024
 .rodata.arm_cfft_sR_q15_len128
                0x08009548       0x10 C:\Dev\GIT\LELEC210X_GROUP_E\mcu\optimization_main_app\ARM_CMSIS\CMSIS\DSP\Lib\GCC\libarm_cortexM4lf_math.a(arm_const_structs.o)
                0x08009548                arm_cfft_sR_q15_len128
 .rodata.arm_cfft_sR_q15_len16
                0x08009558       0x10 C:\Dev\GIT\LELEC210X_GROUP_E\mcu\optimization_main_app\ARM_CMSIS\CMSIS\DSP\Lib\GCC\libarm_cortexM4lf_math.a(arm_const_structs.o)
                0x08009558                arm_cfft_sR_q15_len16
 .rodata.arm_cfft_sR_q15_len2048
                0x08009568       0x10 C:\Dev\GIT\LELEC210X_GROUP_E\mcu\optimization_main_app\ARM_CMSIS\CMSIS\DSP\Lib\GCC\libarm_cortexM4lf_math.a(arm_const_structs.o)
                0x08009568                arm_cfft_sR_q15_len2048
 .rodata.arm_cfft_sR_q15_len256
                0x08009578       0x10 C:\Dev\GIT\LELEC210X_GROUP_E\mcu\optimization_main_app\ARM_CMSIS\CMSIS\DSP\Lib\GCC\libarm_cortexM4lf_math.a(arm_const_structs.o)
                0x08009578                arm_cfft_sR_q15_len256
 .rodata.arm_cfft_sR_q15_len32
                0x08009588       0x10 C:\Dev\GIT\LELEC210X_GROUP_E\mcu\optimization_main_app\ARM_CMSIS\CMSIS\DSP\Lib\GCC\libarm_cortexM4lf_math.a(arm_const_structs.o)
                0x08009588                arm_cfft_sR_q15_len32
 .rodata.arm_cfft_sR_q15_len4096
                0x08009598       0x10 C:\Dev\GIT\LELEC210X_GROUP_E\mcu\optimization_main_app\ARM_CMSIS\CMSIS\DSP\Lib\GCC\libarm_cortexM4lf_math.a(arm_const_structs.o)
                0x08009598                arm_cfft_sR_q15_len4096
 .rodata.arm_cfft_sR_q15_len512
                0x080095a8       0x10 C:\Dev\GIT\LELEC210X_GROUP_E\mcu\optimization_main_app\ARM_CMSIS\CMSIS\DSP\Lib\GCC\libarm_cortexM4lf_math.a(arm_const_structs.o)
                0x080095a8                arm_cfft_sR_q15_len512
 .rodata.arm_cfft_sR_q15_len64
                0x080095b8       0x10 C:\Dev\GIT\LELEC210X_GROUP_E\mcu\optimization_main_app\ARM_CMSIS\CMSIS\DSP\Lib\GCC\libarm_cortexM4lf_math.a(arm_const_structs.o)
                0x080095b8                arm_cfft_sR_q15_len64
 .rodata.armBitRevIndexTable_fixed_1024
                0x080095c8      0x7c0 C:\Dev\GIT\LELEC210X_GROUP_E\mcu\optimization_main_app\ARM_CMSIS\CMSIS\DSP\Lib\GCC\libarm_cortexM4lf_math.a(arm_common_tables.o)
                0x080095c8                armBitRevIndexTable_fixed_1024
 .rodata.armBitRevIndexTable_fixed_128
                0x08009d88       0xe0 C:\Dev\GIT\LELEC210X_GROUP_E\mcu\optimization_main_app\ARM_CMSIS\CMSIS\DSP\Lib\GCC\libarm_cortexM4lf_math.a(arm_common_tables.o)
                0x08009d88                armBitRevIndexTable_fixed_128
 .rodata.armBitRevIndexTable_fixed_16
                0x08009e68       0x18 C:\Dev\GIT\LELEC210X_GROUP_E\mcu\optimization_main_app\ARM_CMSIS\CMSIS\DSP\Lib\GCC\libarm_cortexM4lf_math.a(arm_common_tables.o)
                0x08009e68                armBitRevIndexTable_fixed_16
 .rodata.armBitRevIndexTable_fixed_2048
                0x08009e80      0xf80 C:\Dev\GIT\LELEC210X_GROUP_E\mcu\optimization_main_app\ARM_CMSIS\CMSIS\DSP\Lib\GCC\libarm_cortexM4lf_math.a(arm_common_tables.o)
                0x08009e80                armBitRevIndexTable_fixed_2048
 .rodata.armBitRevIndexTable_fixed_256
                0x0800ae00      0x1e0 C:\Dev\GIT\LELEC210X_GROUP_E\mcu\optimization_main_app\ARM_CMSIS\CMSIS\DSP\Lib\GCC\libarm_cortexM4lf_math.a(arm_common_tables.o)
                0x0800ae00                armBitRevIndexTable_fixed_256
 .rodata.armBitRevIndexTable_fixed_32
                0x0800afe0       0x30 C:\Dev\GIT\LELEC210X_GROUP_E\mcu\optimization_main_app\ARM_CMSIS\CMSIS\DSP\Lib\GCC\libarm_cortexM4lf_math.a(arm_common_tables.o)
                0x0800afe0                armBitRevIndexTable_fixed_32
 .rodata.armBitRevIndexTable_fixed_4096
                0x0800b010     0x1f80 C:\Dev\GIT\LELEC210X_GROUP_E\mcu\optimization_main_app\ARM_CMSIS\CMSIS\DSP\Lib\GCC\libarm_cortexM4lf_math.a(arm_common_tables.o)
                0x0800b010                armBitRevIndexTable_fixed_4096
 .rodata.armBitRevIndexTable_fixed_512
                0x0800cf90      0x3c0 C:\Dev\GIT\LELEC210X_GROUP_E\mcu\optimization_main_app\ARM_CMSIS\CMSIS\DSP\Lib\GCC\libarm_cortexM4lf_math.a(arm_common_tables.o)
                0x0800cf90                armBitRevIndexTable_fixed_512
 .rodata.armBitRevIndexTable_fixed_64
                0x0800d350       0x70 C:\Dev\GIT\LELEC210X_GROUP_E\mcu\optimization_main_app\ARM_CMSIS\CMSIS\DSP\Lib\GCC\libarm_cortexM4lf_math.a(arm_common_tables.o)
                0x0800d350                armBitRevIndexTable_fixed_64
 .rodata.realCoefAQ15
                0x0800d3c0     0x4000 C:\Dev\GIT\LELEC210X_GROUP_E\mcu\optimization_main_app\ARM_CMSIS\CMSIS\DSP\Lib\GCC\libarm_cortexM4lf_math.a(arm_common_tables.o)
                0x0800d3c0                realCoefAQ15
 .rodata.realCoefBQ15
                0x080113c0     0x4000 C:\Dev\GIT\LELEC210X_GROUP_E\mcu\optimization_main_app\ARM_CMSIS\CMSIS\DSP\Lib\GCC\libarm_cortexM4lf_math.a(arm_common_tables.o)
                0x080113c0                realCoefBQ15
 .rodata.twiddleCoef_1024_q15
                0x080153c0      0xc00 C:\Dev\GIT\LELEC210X_GROUP_E\mcu\optimization_main_app\ARM_CMSIS\CMSIS\DSP\Lib\GCC\libarm_cortexM4lf_math.a(arm_common_tables.o)
                0x080153c0                twiddleCoef_1024_q15
 .rodata.twiddleCoef_128_q15
                0x08015fc0      0x180 C:\Dev\GIT\LELEC210X_GROUP_E\mcu\optimization_main_app\ARM_CMSIS\CMSIS\DSP\Lib\GCC\libarm_cortexM4lf_math.a(arm_common_tables.o)
                0x08015fc0                twiddleCoef_128_q15
 .rodata.twiddleCoef_16_q15
                0x08016140       0x30 C:\Dev\GIT\LELEC210X_GROUP_E\mcu\optimization_main_app\ARM_CMSIS\CMSIS\DSP\Lib\GCC\libarm_cortexM4lf_math.a(arm_common_tables.o)
                0x08016140                twiddleCoef_16_q15
 .rodata.twiddleCoef_2048_q15
                0x08016170     0x1800 C:\Dev\GIT\LELEC210X_GROUP_E\mcu\optimization_main_app\ARM_CMSIS\CMSIS\DSP\Lib\GCC\libarm_cortexM4lf_math.a(arm_common_tables.o)
                0x08016170                twiddleCoef_2048_q15
 .rodata.twiddleCoef_256_q15
                0x08017970      0x300 C:\Dev\GIT\LELEC210X_GROUP_E\mcu\optimization_main_app\ARM_CMSIS\CMSIS\DSP\Lib\GCC\libarm_cortexM4lf_math.a(arm_common_tables.o)
                0x08017970                twiddleCoef_256_q15
 .rodata.twiddleCoef_32_q15
                0x08017c70       0x60 C:\Dev\GIT\LELEC210X_GROUP_E\mcu\optimization_main_app\ARM_CMSIS\CMSIS\DSP\Lib\GCC\libarm_cortexM4lf_math.a(arm_common_tables.o)
                0x08017c70                twiddleCoef_32_q15
 .rodata.twiddleCoef_4096_q15
                0x08017cd0     0x3000 C:\Dev\GIT\LELEC210X_GROUP_E\mcu\optimization_main_app\ARM_CMSIS\CMSIS\DSP\Lib\GCC\libarm_cortexM4lf_math.a(arm_common_tables.o)
                0x08017cd0                twiddleCoef_4096_q15
 .rodata.twiddleCoef_512_q15
                0x0801acd0      0x600 C:\Dev\GIT\LELEC210X_GROUP_E\mcu\optimization_main_app\ARM_CMSIS\CMSIS\DSP\Lib\GCC\libarm_cortexM4lf_math.a(arm_common_tables.o)
                0x0801acd0                twiddleCoef_512_q15
 .rodata.twiddleCoef_64_q15
                0x0801b2d0       0xc0 C:\Dev\GIT\LELEC210X_GROUP_E\mcu\optimization_main_app\ARM_CMSIS\CMSIS\DSP\Lib\GCC\libarm_cortexM4lf_math.a(arm_common_tables.o)
                0x0801b2d0                twiddleCoef_64_q15
 .rodata._vfprintf_r.str1.1
                0x0801b390       0x11 C:/ST/STM32CubeIDE_1.16.1/STM32CubeIDE/plugins/com.st.stm32cube.ide.mcu.externaltools.gnu-tools-for-stm32.12.3.rel1.win32_1.0.200.202406191623/tools/bin/../lib/gcc/arm-none-eabi/12.3.1/../../../../arm-none-eabi/lib/thumb/v7e-m+fp/hard\libc_nano.a(libc_a-nano-vfprintf.o)
 .rodata._printf_i.str1.1
                0x0801b3a1       0x22 C:/ST/STM32CubeIDE_1.16.1/STM32CubeIDE/plugins/com.st.stm32cube.ide.mcu.externaltools.gnu-tools-for-stm32.12.3.rel1.win32_1.0.200.202406191623/tools/bin/../lib/gcc/arm-none-eabi/12.3.1/../../../../arm-none-eabi/lib/thumb/v7e-m+fp/hard\libc_nano.a(libc_a-nano-vfprintf_i.o)
                0x0801b3c4                        . = ALIGN (0x4)
 *fill*         0x0801b3c3        0x1 

.ARM.extab      0x0801b3c4        0x0
                0x0801b3c4                        . = ALIGN (0x4)
 *(.ARM.extab* .gnu.linkonce.armextab.*)
                0x0801b3c4                        . = ALIGN (0x4)

.ARM            0x0801b3c4        0x8
                0x0801b3c4                        . = ALIGN (0x4)
                0x0801b3c4                        __exidx_start = .
 *(.ARM.exidx*)
 .ARM.exidx     0x0801b3c4        0x8 C:/ST/STM32CubeIDE_1.16.1/STM32CubeIDE/plugins/com.st.stm32cube.ide.mcu.externaltools.gnu-tools-for-stm32.12.3.rel1.win32_1.0.200.202406191623/tools/bin/../lib/gcc/arm-none-eabi/12.3.1/../../../../arm-none-eabi/lib/thumb/v7e-m+fp/hard\libc_nano.a(libc_a-memchr.o)
 .ARM.exidx     0x0801b3cc        0x0 C:/ST/STM32CubeIDE_1.16.1/STM32CubeIDE/plugins/com.st.stm32cube.ide.mcu.externaltools.gnu-tools-for-stm32.12.3.rel1.win32_1.0.200.202406191623/tools/bin/../lib/gcc/arm-none-eabi/12.3.1/thumb/v7e-m+fp/hard\libgcc.a(_udivmoddi4.o)
                                  0x8 (size before relaxing)
                0x0801b3cc                        __exidx_end = .
                0x0801b3cc                        . = ALIGN (0x4)

.preinit_array  0x0801b3cc        0x0
                0x0801b3cc                        . = ALIGN (0x4)
                0x0801b3cc                        PROVIDE (__preinit_array_start = .)
 *(.preinit_array*)
                0x0801b3cc                        PROVIDE (__preinit_array_end = .)
                0x0801b3cc                        . = ALIGN (0x4)

.init_array     0x0801b3cc        0x4
                0x0801b3cc                        . = ALIGN (0x4)
                0x0801b3cc                        PROVIDE (__init_array_start = .)
 *(SORT_BY_NAME(.init_array.*))
 *(.init_array*)
 .init_array    0x0801b3cc        0x4 C:/ST/STM32CubeIDE_1.16.1/STM32CubeIDE/plugins/com.st.stm32cube.ide.mcu.externaltools.gnu-tools-for-stm32.12.3.rel1.win32_1.0.200.202406191623/tools/bin/../lib/gcc/arm-none-eabi/12.3.1/thumb/v7e-m+fp/hard/crtbegin.o
                0x0801b3d0                        PROVIDE (__init_array_end = .)
                0x0801b3d0                        . = ALIGN (0x4)

.fini_array     0x0801b3d0        0x4
                0x0801b3d0                        . = ALIGN (0x4)
                [!provide]                        PROVIDE (__fini_array_start = .)
 *(SORT_BY_NAME(.fini_array.*))
 *(.fini_array*)
 .fini_array    0x0801b3d0        0x4 C:/ST/STM32CubeIDE_1.16.1/STM32CubeIDE/plugins/com.st.stm32cube.ide.mcu.externaltools.gnu-tools-for-stm32.12.3.rel1.win32_1.0.200.202406191623/tools/bin/../lib/gcc/arm-none-eabi/12.3.1/thumb/v7e-m+fp/hard/crtbegin.o
                [!provide]                        PROVIDE (__fini_array_end = .)
                0x0801b3d4                        . = ALIGN (0x4)
                0x0801b3d4                        _sidata = LOADADDR (.data)

.rel.dyn        0x0801b3d4        0x0
 .rel.iplt      0x0801b3d4        0x0 C:/ST/STM32CubeIDE_1.16.1/STM32CubeIDE/plugins/com.st.stm32cube.ide.mcu.externaltools.gnu-tools-for-stm32.12.3.rel1.win32_1.0.200.202406191623/tools/bin/../lib/gcc/arm-none-eabi/12.3.1/thumb/v7e-m+fp/hard/crtbegin.o

.data           0x20000000     0x2fe0 load address 0x0801b3d4
                0x20000000                        . = ALIGN (0x4)
                0x20000000                        _sdata = .
 *(.data)
 *(.data*)
 .data.RC       0x20000000       0x78 ./Core/Src/aes_ref.o
                0x20000000                RC
 .data.S        0x20000078      0x100 ./Core/Src/aes_ref.o
                0x20000078                S
 .data.Alogtable
                0x20000178      0x100 ./Core/Src/aes_ref.o
                0x20000178                Alogtable
 .data.Logtable
                0x20000278      0x100 ./Core/Src/aes_ref.o
                0x20000278                Logtable
 .data.hamming_window
                0x20000378      0x400 ./Core/Src/spectrogram.o
                0x20000378                hamming_window
 .data.hz2mel_mat
                0x20000778     0x2800 ./Core/Src/spectrogram.o
                0x20000778                hz2mel_mat
 .data.SystemCoreClock
                0x20002f78        0x4 ./Core/Src/system_stm32l4xx.o
                0x20002f78                SystemCoreClock
 .data.uwTickFreq
                0x20002f7c        0x1 ./Drivers/STM32L4xx_HAL_Driver/Src/stm32l4xx_hal.o
                0x20002f7c                uwTickFreq
 *fill*         0x20002f7d        0x3 
 .data.uwTickPrio
                0x20002f80        0x4 ./Drivers/STM32L4xx_HAL_Driver/Src/stm32l4xx_hal.o
                0x20002f80                uwTickPrio
 .data.__sglue  0x20002f84        0xc C:/ST/STM32CubeIDE_1.16.1/STM32CubeIDE/plugins/com.st.stm32cube.ide.mcu.externaltools.gnu-tools-for-stm32.12.3.rel1.win32_1.0.200.202406191623/tools/bin/../lib/gcc/arm-none-eabi/12.3.1/../../../../arm-none-eabi/lib/thumb/v7e-m+fp/hard\libc_nano.a(libc_a-findfp.o)
                0x20002f84                __sglue
 .data._impure_ptr
                0x20002f90        0x4 C:/ST/STM32CubeIDE_1.16.1/STM32CubeIDE/plugins/com.st.stm32cube.ide.mcu.externaltools.gnu-tools-for-stm32.12.3.rel1.win32_1.0.200.202406191623/tools/bin/../lib/gcc/arm-none-eabi/12.3.1/../../../../arm-none-eabi/lib/thumb/v7e-m+fp/hard\libc_nano.a(libc_a-impure.o)
                0x20002f90                _impure_ptr
 .data._impure_data
                0x20002f94       0x4c C:/ST/STM32CubeIDE_1.16.1/STM32CubeIDE/plugins/com.st.stm32cube.ide.mcu.externaltools.gnu-tools-for-stm32.12.3.rel1.win32_1.0.200.202406191623/tools/bin/../lib/gcc/arm-none-eabi/12.3.1/../../../../arm-none-eabi/lib/thumb/v7e-m+fp/hard\libc_nano.a(libc_a-impure.o)
                0x20002f94                _impure_data
 *(.RamFunc)
 *(.RamFunc*)
                0x20002fe0                        . = ALIGN (0x4)
                0x20002fe0                        _edata = .

.igot.plt       0x20002fe0        0x0 load address 0x0801e3b4
 .igot.plt      0x20002fe0        0x0 C:/ST/STM32CubeIDE_1.16.1/STM32CubeIDE/plugins/com.st.stm32cube.ide.mcu.externaltools.gnu-tools-for-stm32.12.3.rel1.win32_1.0.200.202406191623/tools/bin/../lib/gcc/arm-none-eabi/12.3.1/thumb/v7e-m+fp/hard/crtbegin.o
                0x20002fe0                        . = ALIGN (0x4)

.bss            0x20002fe0     0x1ca4 load address 0x0801e3b4
                0x20002fe0                        _sbss = .
                0x20002fe0                        __bss_start__ = _sbss
 *(.bss)
 .bss           0x20002fe0       0x1c C:/ST/STM32CubeIDE_1.16.1/STM32CubeIDE/plugins/com.st.stm32cube.ide.mcu.externaltools.gnu-tools-for-stm32.12.3.rel1.win32_1.0.200.202406191623/tools/bin/../lib/gcc/arm-none-eabi/12.3.1/thumb/v7e-m+fp/hard/crtbegin.o
 *(.bss*)
 .bss.hdma_adc1
                0x20002ffc       0x48 ./Core/Src/adc.o
                0x20002ffc                hdma_adc1
 .bss.hadc1     0x20003044       0x68 ./Core/Src/adc.o
                0x20003044                hadc1
 .bss.rem_n_bufs
                0x200030ac        0x4 ./Core/Src/adc_dblbuf.o
 .bss.packet_cnt
                0x200030b0        0x4 ./Core/Src/adc_dblbuf.o
 .bss.mel_vectors
                0x200030b4      0x320 ./Core/Src/adc_dblbuf.o
 .bss.cur_melvec
                0x200033d4        0x1 ./Core/Src/adc_dblbuf.o
 *fill*         0x200033d5        0x3 
 .bss.ADCDataRdy
                0x200033d8        0x2 ./Core/Src/adc_dblbuf.o
 *fill*         0x200033da        0x2 
 .bss.ADCDoubleBuf
                0x200033dc      0x800 ./Core/Src/adc_dblbuf.o
 .bss.btn_press
                0x20003bdc        0x1 ./Core/Src/main.o
                0x20003bdc                btn_press
 *fill*         0x20003bdd        0x3 
 .bss.gHuart    0x20003be0        0x4 ./Core/Src/retarget.o
                0x20003be0                gHuart
 .bss.packet_sent
                0x20003be4        0x1 ./Core/Src/s2lp.o
                0x20003be4                packet_sent
 .bss.fifo_almost_empty
                0x20003be5        0x1 ./Core/Src/s2lp.o
                0x20003be5                fifo_almost_empty
 .bss.underflow
                0x20003be6        0x1 ./Core/Src/s2lp.o
                0x20003be6                underflow
 *fill*         0x20003be7        0x1 
 .bss.gSPI      0x20003be8        0x4 ./Core/Src/s2lp.o
                0x20003be8                gSPI
 .bss.buf_tmp   0x20003bec      0x200 ./Core/Src/spectrogram.o
                0x20003bec                buf_tmp
 .bss.buf_fft   0x20003dec      0x800 ./Core/Src/spectrogram.o
                0x20003dec                buf_fft
 .bss.buf       0x200045ec      0x400 ./Core/Src/spectrogram.o
                0x200045ec                buf
 *fill*         0x200049ec        0x4 
 .bss.hspi1     0x200049f0       0x64 ./Core/Src/spi.o
                0x200049f0                hspi1
 .bss.__sbrk_heap_end
                0x20004a54        0x4 ./Core/Src/sysmem.o
 .bss.htim3     0x20004a58       0x4c ./Core/Src/tim.o
                0x20004a58                htim3
 *fill*         0x20004aa4        0x4 
 .bss.hlpuart1  0x20004aa8       0x88 ./Core/Src/usart.o
                0x20004aa8                hlpuart1
 .bss.counting_cycles
                0x20004b30        0x1 ./Core/Src/utils.o
                0x20004b30                counting_cycles
 *fill*         0x20004b31        0x3 
 .bss.uwTick    0x20004b34        0x4 ./Drivers/STM32L4xx_HAL_Driver/Src/stm32l4xx_hal.o
                0x20004b34                uwTick
 .bss.__sf      0x20004b38      0x138 C:/ST/STM32CubeIDE_1.16.1/STM32CubeIDE/plugins/com.st.stm32cube.ide.mcu.externaltools.gnu-tools-for-stm32.12.3.rel1.win32_1.0.200.202406191623/tools/bin/../lib/gcc/arm-none-eabi/12.3.1/../../../../arm-none-eabi/lib/thumb/v7e-m+fp/hard\libc_nano.a(libc_a-findfp.o)
                0x20004b38                __sf
 .bss.__stdio_exit_handler
                0x20004c70        0x4 C:/ST/STM32CubeIDE_1.16.1/STM32CubeIDE/plugins/com.st.stm32cube.ide.mcu.externaltools.gnu-tools-for-stm32.12.3.rel1.win32_1.0.200.202406191623/tools/bin/../lib/gcc/arm-none-eabi/12.3.1/../../../../arm-none-eabi/lib/thumb/v7e-m+fp/hard\libc_nano.a(libc_a-findfp.o)
                0x20004c70                __stdio_exit_handler
 .bss.errno     0x20004c74        0x4 C:/ST/STM32CubeIDE_1.16.1/STM32CubeIDE/plugins/com.st.stm32cube.ide.mcu.externaltools.gnu-tools-for-stm32.12.3.rel1.win32_1.0.200.202406191623/tools/bin/../lib/gcc/arm-none-eabi/12.3.1/../../../../arm-none-eabi/lib/thumb/v7e-m+fp/hard\libc_nano.a(libc_a-reent.o)
                0x20004c74                errno
 .bss.__lock___malloc_recursive_mutex
                0x20004c78        0x1 C:/ST/STM32CubeIDE_1.16.1/STM32CubeIDE/plugins/com.st.stm32cube.ide.mcu.externaltools.gnu-tools-for-stm32.12.3.rel1.win32_1.0.200.202406191623/tools/bin/../lib/gcc/arm-none-eabi/12.3.1/../../../../arm-none-eabi/lib/thumb/v7e-m+fp/hard\libc_nano.a(libc_a-lock.o)
                0x20004c78                __lock___malloc_recursive_mutex
 .bss.__lock___sfp_recursive_mutex
                0x20004c79        0x1 C:/ST/STM32CubeIDE_1.16.1/STM32CubeIDE/plugins/com.st.stm32cube.ide.mcu.externaltools.gnu-tools-for-stm32.12.3.rel1.win32_1.0.200.202406191623/tools/bin/../lib/gcc/arm-none-eabi/12.3.1/../../../../arm-none-eabi/lib/thumb/v7e-m+fp/hard\libc_nano.a(libc_a-lock.o)
                0x20004c79                __lock___sfp_recursive_mutex
 *fill*         0x20004c7a        0x2 
 .bss.__malloc_sbrk_start
                0x20004c7c        0x4 C:/ST/STM32CubeIDE_1.16.1/STM32CubeIDE/plugins/com.st.stm32cube.ide.mcu.externaltools.gnu-tools-for-stm32.12.3.rel1.win32_1.0.200.202406191623/tools/bin/../lib/gcc/arm-none-eabi/12.3.1/../../../../arm-none-eabi/lib/thumb/v7e-m+fp/hard\libc_nano.a(libc_a-mallocr.o)
                0x20004c7c                __malloc_sbrk_start
 .bss.__malloc_free_list
                0x20004c80        0x4 C:/ST/STM32CubeIDE_1.16.1/STM32CubeIDE/plugins/com.st.stm32cube.ide.mcu.externaltools.gnu-tools-for-stm32.12.3.rel1.win32_1.0.200.202406191623/tools/bin/../lib/gcc/arm-none-eabi/12.3.1/../../../../arm-none-eabi/lib/thumb/v7e-m+fp/hard\libc_nano.a(libc_a-mallocr.o)
                0x20004c80                __malloc_free_list
 *(COMMON)
                0x20004c84                        . = ALIGN (0x4)
                0x20004c84                        _ebss = .
                0x20004c84                        __bss_end__ = _ebss

._user_heap_stack
                0x20004c84      0x604 load address 0x0801e3b4
                0x20004c88                        . = ALIGN (0x8)
 *fill*         0x20004c84        0x4 
                [!provide]                        PROVIDE (end = .)
                0x20004c88                        PROVIDE (_end = .)
                0x20004e88                        . = (. + _Min_Heap_Size)
 *fill*         0x20004c88      0x200 
                0x20005288                        . = (. + _Min_Stack_Size)
 *fill*         0x20004e88      0x400 
                0x20005288                        . = ALIGN (0x8)

/DISCARD/
 libc.a(*)
 libm.a(*)
 libgcc.a(*)

.ARM.attributes
                0x00000000       0x30
 *(.ARM.attributes)
 .ARM.attributes
                0x00000000       0x22 C:/ST/STM32CubeIDE_1.16.1/STM32CubeIDE/plugins/com.st.stm32cube.ide.mcu.externaltools.gnu-tools-for-stm32.12.3.rel1.win32_1.0.200.202406191623/tools/bin/../lib/gcc/arm-none-eabi/12.3.1/thumb/v7e-m+fp/hard/crti.o
 .ARM.attributes
                0x00000022       0x34 C:/ST/STM32CubeIDE_1.16.1/STM32CubeIDE/plugins/com.st.stm32cube.ide.mcu.externaltools.gnu-tools-for-stm32.12.3.rel1.win32_1.0.200.202406191623/tools/bin/../lib/gcc/arm-none-eabi/12.3.1/thumb/v7e-m+fp/hard/crtbegin.o
 .ARM.attributes
                0x00000056       0x34 ./Core/Src/adc.o
 .ARM.attributes
                0x0000008a       0x34 ./Core/Src/adc_dblbuf.o
 .ARM.attributes
                0x000000be       0x34 ./Core/Src/aes_ref.o
 .ARM.attributes
                0x000000f2       0x34 ./Core/Src/arm_absmax_q15.o
 .ARM.attributes
                0x00000126       0x34 ./Core/Src/dma.o
 .ARM.attributes
                0x0000015a       0x34 ./Core/Src/gpio.o
 .ARM.attributes
                0x0000018e       0x34 ./Core/Src/main.o
 .ARM.attributes
                0x000001c2       0x34 ./Core/Src/packet.o
 .ARM.attributes
                0x000001f6       0x34 ./Core/Src/retarget.o
 .ARM.attributes
                0x0000022a       0x34 ./Core/Src/s2lp.o
 .ARM.attributes
                0x0000025e       0x34 ./Core/Src/spectrogram.o
 .ARM.attributes
                0x00000292       0x34 ./Core/Src/spi.o
 .ARM.attributes
                0x000002c6       0x34 ./Core/Src/stm32l4xx_hal_msp.o
 .ARM.attributes
                0x000002fa       0x34 ./Core/Src/stm32l4xx_it.o
 .ARM.attributes
                0x0000032e       0x34 ./Core/Src/sysmem.o
 .ARM.attributes
                0x00000362       0x34 ./Core/Src/system_stm32l4xx.o
 .ARM.attributes
                0x00000396       0x34 ./Core/Src/tim.o
 .ARM.attributes
                0x000003ca       0x34 ./Core/Src/usart.o
 .ARM.attributes
                0x000003fe       0x34 ./Core/Src/utils.o
 .ARM.attributes
                0x00000432       0x21 ./Core/Startup/startup_stm32l4a6zgtx.o
 .ARM.attributes
                0x00000453       0x34 ./Drivers/STM32L4xx_HAL_Driver/Src/stm32l4xx_hal.o
 .ARM.attributes
                0x00000487       0x34 ./Drivers/STM32L4xx_HAL_Driver/Src/stm32l4xx_hal_adc.o
 .ARM.attributes
                0x000004bb       0x34 ./Drivers/STM32L4xx_HAL_Driver/Src/stm32l4xx_hal_adc_ex.o
 .ARM.attributes
                0x000004ef       0x34 ./Drivers/STM32L4xx_HAL_Driver/Src/stm32l4xx_hal_cortex.o
 .ARM.attributes
                0x00000523       0x34 ./Drivers/STM32L4xx_HAL_Driver/Src/stm32l4xx_hal_dma.o
 .ARM.attributes
                0x00000557       0x34 ./Drivers/STM32L4xx_HAL_Driver/Src/stm32l4xx_hal_gpio.o
 .ARM.attributes
                0x0000058b       0x34 ./Drivers/STM32L4xx_HAL_Driver/Src/stm32l4xx_hal_pwr_ex.o
 .ARM.attributes
                0x000005bf       0x34 ./Drivers/STM32L4xx_HAL_Driver/Src/stm32l4xx_hal_rcc.o
 .ARM.attributes
                0x000005f3       0x34 ./Drivers/STM32L4xx_HAL_Driver/Src/stm32l4xx_hal_rcc_ex.o
 .ARM.attributes
                0x00000627       0x34 ./Drivers/STM32L4xx_HAL_Driver/Src/stm32l4xx_hal_spi.o
 .ARM.attributes
                0x0000065b       0x34 ./Drivers/STM32L4xx_HAL_Driver/Src/stm32l4xx_hal_tim.o
 .ARM.attributes
                0x0000068f       0x34 ./Drivers/STM32L4xx_HAL_Driver/Src/stm32l4xx_hal_tim_ex.o
 .ARM.attributes
                0x000006c3       0x34 ./Drivers/STM32L4xx_HAL_Driver/Src/stm32l4xx_hal_uart.o
 .ARM.attributes
                0x000006f7       0x34 C:\Dev\GIT\LELEC210X_GROUP_E\mcu\optimization_main_app\ARM_CMSIS\CMSIS\DSP\Lib\GCC\libarm_cortexM4lf_math.a(arm_rfft_q15.o)
 .ARM.attributes
                0x0000072b       0x34 C:\Dev\GIT\LELEC210X_GROUP_E\mcu\optimization_main_app\ARM_CMSIS\CMSIS\DSP\Lib\GCC\libarm_cortexM4lf_math.a(arm_rfft_init_q15.o)
 .ARM.attributes
                0x0000075f       0x34 C:\Dev\GIT\LELEC210X_GROUP_E\mcu\optimization_main_app\ARM_CMSIS\CMSIS\DSP\Lib\GCC\libarm_cortexM4lf_math.a(arm_mat_mult_fast_q15.o)
 .ARM.attributes
                0x00000793       0x34 C:\Dev\GIT\LELEC210X_GROUP_E\mcu\optimization_main_app\ARM_CMSIS\CMSIS\DSP\Lib\GCC\libarm_cortexM4lf_math.a(arm_mat_init_q15.o)
 .ARM.attributes
                0x000007c7       0x34 C:\Dev\GIT\LELEC210X_GROUP_E\mcu\optimization_main_app\ARM_CMSIS\CMSIS\DSP\Lib\GCC\libarm_cortexM4lf_math.a(arm_cmplx_mag_q15.o)
 .ARM.attributes
                0x000007fb       0x34 C:\Dev\GIT\LELEC210X_GROUP_E\mcu\optimization_main_app\ARM_CMSIS\CMSIS\DSP\Lib\GCC\libarm_cortexM4lf_math.a(arm_sqrt_q15.o)
 .ARM.attributes
                0x0000082f       0x34 C:\Dev\GIT\LELEC210X_GROUP_E\mcu\optimization_main_app\ARM_CMSIS\CMSIS\DSP\Lib\GCC\libarm_cortexM4lf_math.a(arm_shift_q15.o)
 .ARM.attributes
                0x00000863       0x34 C:\Dev\GIT\LELEC210X_GROUP_E\mcu\optimization_main_app\ARM_CMSIS\CMSIS\DSP\Lib\GCC\libarm_cortexM4lf_math.a(arm_mult_q15.o)
 .ARM.attributes
                0x00000897       0x39 C:\Dev\GIT\LELEC210X_GROUP_E\mcu\optimization_main_app\ARM_CMSIS\CMSIS\DSP\Lib\GCC\libarm_cortexM4lf_math.a(arm_const_structs.o)
 .ARM.attributes
                0x000008d0       0x39 C:\Dev\GIT\LELEC210X_GROUP_E\mcu\optimization_main_app\ARM_CMSIS\CMSIS\DSP\Lib\GCC\libarm_cortexM4lf_math.a(arm_common_tables.o)
 .ARM.attributes
                0x00000909       0x34 C:\Dev\GIT\LELEC210X_GROUP_E\mcu\optimization_main_app\ARM_CMSIS\CMSIS\DSP\Lib\GCC\libarm_cortexM4lf_math.a(arm_cfft_q15.o)
 .ARM.attributes
                0x0000093d       0x34 C:\Dev\GIT\LELEC210X_GROUP_E\mcu\optimization_main_app\ARM_CMSIS\CMSIS\DSP\Lib\GCC\libarm_cortexM4lf_math.a(arm_cfft_radix4_q15.o)
 .ARM.attributes
                0x00000971       0x34 C:\Dev\GIT\LELEC210X_GROUP_E\mcu\optimization_main_app\ARM_CMSIS\CMSIS\DSP\Lib\GCC\libarm_cortexM4lf_math.a(arm_bitreversal2.o)
 .ARM.attributes
                0x000009a5       0x34 C:/ST/STM32CubeIDE_1.16.1/STM32CubeIDE/plugins/com.st.stm32cube.ide.mcu.externaltools.gnu-tools-for-stm32.12.3.rel1.win32_1.0.200.202406191623/tools/bin/../lib/gcc/arm-none-eabi/12.3.1/../../../../arm-none-eabi/lib/thumb/v7e-m+fp/hard\libc_nano.a(libc_a-findfp.o)
 .ARM.attributes
                0x000009d9       0x34 C:/ST/STM32CubeIDE_1.16.1/STM32CubeIDE/plugins/com.st.stm32cube.ide.mcu.externaltools.gnu-tools-for-stm32.12.3.rel1.win32_1.0.200.202406191623/tools/bin/../lib/gcc/arm-none-eabi/12.3.1/../../../../arm-none-eabi/lib/thumb/v7e-m+fp/hard\libc_nano.a(libc_a-fwalk.o)
 .ARM.attributes
                0x00000a0d       0x34 C:/ST/STM32CubeIDE_1.16.1/STM32CubeIDE/plugins/com.st.stm32cube.ide.mcu.externaltools.gnu-tools-for-stm32.12.3.rel1.win32_1.0.200.202406191623/tools/bin/../lib/gcc/arm-none-eabi/12.3.1/../../../../arm-none-eabi/lib/thumb/v7e-m+fp/hard\libc_nano.a(libc_a-printf.o)
 .ARM.attributes
                0x00000a41       0x34 C:/ST/STM32CubeIDE_1.16.1/STM32CubeIDE/plugins/com.st.stm32cube.ide.mcu.externaltools.gnu-tools-for-stm32.12.3.rel1.win32_1.0.200.202406191623/tools/bin/../lib/gcc/arm-none-eabi/12.3.1/../../../../arm-none-eabi/lib/thumb/v7e-m+fp/hard\libc_nano.a(libc_a-puts.o)
 .ARM.attributes
                0x00000a75       0x34 C:/ST/STM32CubeIDE_1.16.1/STM32CubeIDE/plugins/com.st.stm32cube.ide.mcu.externaltools.gnu-tools-for-stm32.12.3.rel1.win32_1.0.200.202406191623/tools/bin/../lib/gcc/arm-none-eabi/12.3.1/../../../../arm-none-eabi/lib/thumb/v7e-m+fp/hard\libc_nano.a(libc_a-setvbuf.o)
 .ARM.attributes
                0x00000aa9       0x34 C:/ST/STM32CubeIDE_1.16.1/STM32CubeIDE/plugins/com.st.stm32cube.ide.mcu.externaltools.gnu-tools-for-stm32.12.3.rel1.win32_1.0.200.202406191623/tools/bin/../lib/gcc/arm-none-eabi/12.3.1/../../../../arm-none-eabi/lib/thumb/v7e-m+fp/hard\libc_nano.a(libc_a-stdio.o)
 .ARM.attributes
                0x00000add       0x34 C:/ST/STM32CubeIDE_1.16.1/STM32CubeIDE/plugins/com.st.stm32cube.ide.mcu.externaltools.gnu-tools-for-stm32.12.3.rel1.win32_1.0.200.202406191623/tools/bin/../lib/gcc/arm-none-eabi/12.3.1/../../../../arm-none-eabi/lib/thumb/v7e-m+fp/hard\libc_nano.a(libc_a-wbuf.o)
 .ARM.attributes
                0x00000b11       0x34 C:/ST/STM32CubeIDE_1.16.1/STM32CubeIDE/plugins/com.st.stm32cube.ide.mcu.externaltools.gnu-tools-for-stm32.12.3.rel1.win32_1.0.200.202406191623/tools/bin/../lib/gcc/arm-none-eabi/12.3.1/../../../../arm-none-eabi/lib/thumb/v7e-m+fp/hard\libc_nano.a(libc_a-wsetup.o)
 .ARM.attributes
                0x00000b45       0x34 C:/ST/STM32CubeIDE_1.16.1/STM32CubeIDE/plugins/com.st.stm32cube.ide.mcu.externaltools.gnu-tools-for-stm32.12.3.rel1.win32_1.0.200.202406191623/tools/bin/../lib/gcc/arm-none-eabi/12.3.1/../../../../arm-none-eabi/lib/thumb/v7e-m+fp/hard\libc_nano.a(libc_a-memset.o)
 .ARM.attributes
                0x00000b79       0x34 C:/ST/STM32CubeIDE_1.16.1/STM32CubeIDE/plugins/com.st.stm32cube.ide.mcu.externaltools.gnu-tools-for-stm32.12.3.rel1.win32_1.0.200.202406191623/tools/bin/../lib/gcc/arm-none-eabi/12.3.1/../../../../arm-none-eabi/lib/thumb/v7e-m+fp/hard\libc_nano.a(libc_a-closer.o)
 .ARM.attributes
                0x00000bad       0x34 C:/ST/STM32CubeIDE_1.16.1/STM32CubeIDE/plugins/com.st.stm32cube.ide.mcu.externaltools.gnu-tools-for-stm32.12.3.rel1.win32_1.0.200.202406191623/tools/bin/../lib/gcc/arm-none-eabi/12.3.1/../../../../arm-none-eabi/lib/thumb/v7e-m+fp/hard\libc_nano.a(libc_a-reent.o)
 .ARM.attributes
                0x00000be1       0x34 C:/ST/STM32CubeIDE_1.16.1/STM32CubeIDE/plugins/com.st.stm32cube.ide.mcu.externaltools.gnu-tools-for-stm32.12.3.rel1.win32_1.0.200.202406191623/tools/bin/../lib/gcc/arm-none-eabi/12.3.1/../../../../arm-none-eabi/lib/thumb/v7e-m+fp/hard\libc_nano.a(libc_a-impure.o)
 .ARM.attributes
                0x00000c15       0x34 C:/ST/STM32CubeIDE_1.16.1/STM32CubeIDE/plugins/com.st.stm32cube.ide.mcu.externaltools.gnu-tools-for-stm32.12.3.rel1.win32_1.0.200.202406191623/tools/bin/../lib/gcc/arm-none-eabi/12.3.1/../../../../arm-none-eabi/lib/thumb/v7e-m+fp/hard\libc_nano.a(libc_a-lseekr.o)
 .ARM.attributes
                0x00000c49       0x34 C:/ST/STM32CubeIDE_1.16.1/STM32CubeIDE/plugins/com.st.stm32cube.ide.mcu.externaltools.gnu-tools-for-stm32.12.3.rel1.win32_1.0.200.202406191623/tools/bin/../lib/gcc/arm-none-eabi/12.3.1/../../../../arm-none-eabi/lib/thumb/v7e-m+fp/hard\libc_nano.a(libc_a-readr.o)
 .ARM.attributes
                0x00000c7d       0x34 C:/ST/STM32CubeIDE_1.16.1/STM32CubeIDE/plugins/com.st.stm32cube.ide.mcu.externaltools.gnu-tools-for-stm32.12.3.rel1.win32_1.0.200.202406191623/tools/bin/../lib/gcc/arm-none-eabi/12.3.1/../../../../arm-none-eabi/lib/thumb/v7e-m+fp/hard\libc_nano.a(libc_a-writer.o)
 .ARM.attributes
                0x00000cb1       0x34 C:/ST/STM32CubeIDE_1.16.1/STM32CubeIDE/plugins/com.st.stm32cube.ide.mcu.externaltools.gnu-tools-for-stm32.12.3.rel1.win32_1.0.200.202406191623/tools/bin/../lib/gcc/arm-none-eabi/12.3.1/../../../../arm-none-eabi/lib/thumb/v7e-m+fp/hard\libc_nano.a(libc_a-errno.o)
 .ARM.attributes
                0x00000ce5       0x34 C:/ST/STM32CubeIDE_1.16.1/STM32CubeIDE/plugins/com.st.stm32cube.ide.mcu.externaltools.gnu-tools-for-stm32.12.3.rel1.win32_1.0.200.202406191623/tools/bin/../lib/gcc/arm-none-eabi/12.3.1/../../../../arm-none-eabi/lib/thumb/v7e-m+fp/hard\libc_nano.a(libc_a-init.o)
 .ARM.attributes
                0x00000d19       0x34 C:/ST/STM32CubeIDE_1.16.1/STM32CubeIDE/plugins/com.st.stm32cube.ide.mcu.externaltools.gnu-tools-for-stm32.12.3.rel1.win32_1.0.200.202406191623/tools/bin/../lib/gcc/arm-none-eabi/12.3.1/../../../../arm-none-eabi/lib/thumb/v7e-m+fp/hard\libc_nano.a(libc_a-lock.o)
 .ARM.attributes
                0x00000d4d       0x34 C:/ST/STM32CubeIDE_1.16.1/STM32CubeIDE/plugins/com.st.stm32cube.ide.mcu.externaltools.gnu-tools-for-stm32.12.3.rel1.win32_1.0.200.202406191623/tools/bin/../lib/gcc/arm-none-eabi/12.3.1/../../../../arm-none-eabi/lib/thumb/v7e-m+fp/hard\libc_nano.a(libc_a-memcpy-stub.o)
 .ARM.attributes
                0x00000d81       0x34 C:/ST/STM32CubeIDE_1.16.1/STM32CubeIDE/plugins/com.st.stm32cube.ide.mcu.externaltools.gnu-tools-for-stm32.12.3.rel1.win32_1.0.200.202406191623/tools/bin/../lib/gcc/arm-none-eabi/12.3.1/../../../../arm-none-eabi/lib/thumb/v7e-m+fp/hard\libc_nano.a(libc_a-freer.o)
 .ARM.attributes
                0x00000db5       0x34 C:/ST/STM32CubeIDE_1.16.1/STM32CubeIDE/plugins/com.st.stm32cube.ide.mcu.externaltools.gnu-tools-for-stm32.12.3.rel1.win32_1.0.200.202406191623/tools/bin/../lib/gcc/arm-none-eabi/12.3.1/../../../../arm-none-eabi/lib/thumb/v7e-m+fp/hard\libc_nano.a(libc_a-malloc.o)
 .ARM.attributes
                0x00000de9       0x34 C:/ST/STM32CubeIDE_1.16.1/STM32CubeIDE/plugins/com.st.stm32cube.ide.mcu.externaltools.gnu-tools-for-stm32.12.3.rel1.win32_1.0.200.202406191623/tools/bin/../lib/gcc/arm-none-eabi/12.3.1/../../../../arm-none-eabi/lib/thumb/v7e-m+fp/hard\libc_nano.a(libc_a-mallocr.o)
 .ARM.attributes