../Drivers/STM32L4xx_HAL_Driver/Src/stm32l4xx_hal_adc.c:896:13:HAL_ADC_MspInit	0	static
../Drivers/STM32L4xx_HAL_Driver/Src/stm32l4xx_hal_adc.c:394:19:HAL_ADC_Init	24	static
../Drivers/STM32L4xx_HAL_Driver/Src/stm32l4xx_hal_adc.c:913:13:HAL_ADC_MspDeInit	0	static
../Drivers/STM32L4xx_HAL_Driver/Src/stm32l4xx_hal_adc.c:1392:19:HAL_ADC_PollForConversion	24	static
../Drivers/STM32L4xx_HAL_Driver/Src/stm32l4xx_hal_adc.c:1578:19:HAL_ADC_PollForEvent	24	static
../Drivers/STM32L4xx_HAL_Driver/Src/stm32l4xx_hal_adc.c:2214:10:HAL_ADC_GetValue	0	static
../Drivers/STM32L4xx_HAL_Driver/Src/stm32l4xx_hal_adc.c:2603:13:HAL_ADC_ConvCpltCallback	0	static
../Drivers/STM32L4xx_HAL_Driver/Src/stm32l4xx_hal_adc.c:2618:13:HAL_ADC_ConvHalfCpltCallback	0	static
../Drivers/STM32L4xx_HAL_Driver/Src/stm32l4xx_hal_adc.c:3633:6:ADC_DMAHalfConvCplt	8	static
../Drivers/STM32L4xx_HAL_Driver/Src/stm32l4xx_hal_adc.c:2633:13:HAL_ADC_LevelOutOfWindowCallback	0	static
../Drivers/STM32L4xx_HAL_Driver/Src/stm32l4xx_hal_adc.c:2655:13:HAL_ADC_ErrorCallback	0	static
../Drivers/STM32L4xx_HAL_Driver/Src/stm32l4xx_hal_adc.c:2231:6:HAL_ADC_IRQHandler	24	static
../Drivers/STM32L4xx_HAL_Driver/Src/stm32l4xx_hal_adc.c:3555:6:ADC_DMAConvCplt	8	static
../Drivers/STM32L4xx_HAL_Driver/Src/stm32l4xx_hal_adc.c:3651:6:ADC_DMAError	8	static
../Drivers/STM32L4xx_HAL_Driver/Src/stm32l4xx_hal_adc.c:2701:19:HAL_ADC_ConfigChannel	32	static,ignoring_inline_asm
../Drivers/STM32L4xx_HAL_Driver/Src/stm32l4xx_hal_adc.c:2964:19:HAL_ADC_AnalogWDGConfig	20	static,ignoring_inline_asm
../Drivers/STM32L4xx_HAL_Driver/Src/stm32l4xx_hal_adc.c:3224:10:HAL_ADC_GetState	0	static
../Drivers/STM32L4xx_HAL_Driver/Src/stm32l4xx_hal_adc.c:3238:10:HAL_ADC_GetError	0	static
../Drivers/STM32L4xx_HAL_Driver/Src/stm32l4xx_hal_adc.c:3268:19:ADC_ConversionStop	16	static
../Drivers/STM32L4xx_HAL_Driver/Src/stm32l4xx_hal_adc.c:3400:19:ADC_Enable	24	static
../Drivers/STM32L4xx_HAL_Driver/Src/stm32l4xx_hal_adc.c:1203:19:HAL_ADC_Start	16	static
../Drivers/STM32L4xx_HAL_Driver/Src/stm32l4xx_hal_adc.c:1727:19:HAL_ADC_Start_IT	16	static
../Drivers/STM32L4xx_HAL_Driver/Src/stm32l4xx_hal_adc.c:1987:19:HAL_ADC_Start_DMA	24	static
../Drivers/STM32L4xx_HAL_Driver/Src/stm32l4xx_hal_adc.c:3493:19:ADC_Disable	16	static
../Drivers/STM32L4xx_HAL_Driver/Src/stm32l4xx_hal_adc.c:697:19:HAL_ADC_DeInit	16	static
../Drivers/STM32L4xx_HAL_Driver/Src/stm32l4xx_hal_adc.c:1338:19:HAL_ADC_Stop	8	static
../Drivers/STM32L4xx_HAL_Driver/Src/stm32l4xx_hal_adc.c:1934:19:HAL_ADC_Stop_IT	8	static
../Drivers/STM32L4xx_HAL_Driver/Src/stm32l4xx_hal_adc.c:2129:19:HAL_ADC_Stop_DMA	16	static
