../Core/Inc/spectrogram.h:13:21:q15_to_float	24	static
../Core/Src/adc_dblbuf.c:22:5:StartADCAcq	16	static
../Core/Src/adc_dblbuf.c:32:5:IsADCFinished	4	static
../Core/Src/adc_dblbuf.c:36:13:StopADCAcq	8	static
../Core/Src/adc_dblbuf.c:40:13:print_spectrogram	16	static
../Core/Src/adc_dblbuf.c:55:13:print_encoded_packet	1672	static
../Core/Src/adc_dblbuf.c:63:13:encode_packet	24	static
../Core/Src/adc_dblbuf.c:81:13:send_spectrogram	832	static
../Core/Src/adc_dblbuf.c:95:13:ADC_Callback	16	static
../Core/Src/adc_dblbuf.c:119:6:HAL_ADC_ConvCpltCallback	16	static
../Core/Src/adc_dblbuf.c:124:6:HAL_ADC_ConvHalfCpltCallback	16	static
