Info: Start Nativelink Simulation process
executing command line: ip-make-simscript --nativelink-mode --output-directory=LimeSDR-Mini_lms7_lelec210x_iputf_input --spd=C:/Users/guill/Desktop/LELEC210X-project/fpga/LimeSDR-Mini_lms7_lelec210x/ip/ddrox1/ddrox1.spd 

========= EDA Simulation Settings =====================

Sim Mode              :  RTL
Family                :  max10
Quartus root          :  c:/intelfpga_lite/18.1/quartus/bin64/
Quartus sim root      :  c:/intelfpga_lite/18.1/quartus/eda/sim_lib
Simulation Tool       :  modelsim-altera
Simulation Language   :  vhdl
Version               :  93
Simulation Mode       :  GUI
Sim Output File       :  
Sim SDF file          :  
Sim dir               :  simulation\modelsim

=======================================================

Info: Starting NativeLink simulation with ModelSim-Altera software
Sourced NativeLink script c:/intelfpga_lite/18.1/quartus/common/tcl/internal/nativelink/modelsim.tcl
Info: Spawning ModelSim-Altera Simulation software 
Info: NativeLink simulation flow was successful
