Archive member included to satisfy reference by file (symbol)

e:/intelfpga/18.1/nios2eds/bin/gnu/h-x86_64-mingw32/bin/../lib/gcc/nios2-elf/5.3.0/mno-hw-mul\libgcc.a(lib2-divmod.o)
                              obj/default/i2c_opencores.o (__udivsi3)
e:/intelfpga/18.1/nios2eds/bin/gnu/h-x86_64-mingw32/bin/../lib/gcc/nios2-elf/5.3.0/mno-hw-mul\libgcc.a(lib2-mul.o)
                              obj/default/i2c_opencores.o (__mulsi3)
e:/intelfpga/18.1/nios2eds/bin/gnu/h-x86_64-mingw32/bin/../lib/gcc/nios2-elf/5.3.0/../../../../../H-x86_64-mingw32/nios2-elf/lib/mno-hw-mul\libc.a(lib_a-memcpy.o)
                              obj/default/main.o (memcpy)
e:/intelfpga/18.1/nios2eds/bin/gnu/h-x86_64-mingw32/bin/../lib/gcc/nios2-elf/5.3.0/../../../../../H-x86_64-mingw32/nios2-elf/lib/mno-hw-mul\libc.a(lib_a-memset.o)
                              obj/default/main.o (memset)
../lms_ctr_bsp/\libhal_bsp.a(alt_load.o)
                              ../lms_ctr_bsp//obj/HAL/src/crt0.o (alt_load)
../lms_ctr_bsp/\libhal_bsp.a(alt_main.o)
                              ../lms_ctr_bsp//obj/HAL/src/crt0.o (alt_main)
../lms_ctr_bsp/\libhal_bsp.a(alt_usleep.o)
                              obj/default/main.o (usleep)
../lms_ctr_bsp/\libhal_bsp.a(alt_sys_init.o)
                              ../lms_ctr_bsp/\libhal_bsp.a(alt_main.o) (alt_irq_init)
../lms_ctr_bsp/\libhal_bsp.a(altera_avalon_spi.o)
                              obj/default/main.o (alt_avalon_spi_command)
../lms_ctr_bsp/\libhal_bsp.a(altera_avalon_uart_fd.o)
                              ../lms_ctr_bsp/\libhal_bsp.a(alt_sys_init.o) (altera_avalon_uart_read_fd)
../lms_ctr_bsp/\libhal_bsp.a(altera_avalon_uart_init.o)
                              ../lms_ctr_bsp/\libhal_bsp.a(alt_sys_init.o) (altera_avalon_uart_init)
../lms_ctr_bsp/\libhal_bsp.a(altera_avalon_uart_read.o)
                              ../lms_ctr_bsp/\libhal_bsp.a(altera_avalon_uart_fd.o) (altera_avalon_uart_read)
../lms_ctr_bsp/\libhal_bsp.a(altera_avalon_uart_write.o)
                              ../lms_ctr_bsp/\libhal_bsp.a(altera_avalon_uart_fd.o) (altera_avalon_uart_write)
../lms_ctr_bsp/\libhal_bsp.a(altera_onchip_flash.o)
                              ../lms_ctr_bsp/\libhal_bsp.a(alt_sys_init.o) (alt_onchip_flash_read)
../lms_ctr_bsp/\libhal_bsp.a(alt_busy_sleep.o)
                              ../lms_ctr_bsp/\libhal_bsp.a(alt_usleep.o) (alt_busy_sleep)
../lms_ctr_bsp/\libhal_bsp.a(alt_close.o)
                              ../lms_ctr_bsp/\libhal_bsp.a(alt_main.o) (close)
../lms_ctr_bsp/\libhal_bsp.a(alt_dcache_flush.o)
                              ../lms_ctr_bsp/\libhal_bsp.a(altera_onchip_flash.o) (alt_dcache_flush)
../lms_ctr_bsp/\libhal_bsp.a(alt_dcache_flush_all.o)
                              ../lms_ctr_bsp/\libhal_bsp.a(alt_load.o) (alt_dcache_flush_all)
../lms_ctr_bsp/\libhal_bsp.a(alt_dev.o)
                              ../lms_ctr_bsp/\libhal_bsp.a(alt_sys_init.o) (alt_dev_list)
../lms_ctr_bsp/\libhal_bsp.a(alt_dev_llist_insert.o)
                              ../lms_ctr_bsp/\libhal_bsp.a(alt_sys_init.o) (alt_dev_llist_insert)
../lms_ctr_bsp/\libhal_bsp.a(alt_do_ctors.o)
                              ../lms_ctr_bsp/\libhal_bsp.a(alt_main.o) (_do_ctors)
../lms_ctr_bsp/\libhal_bsp.a(alt_do_dtors.o)
                              ../lms_ctr_bsp/\libhal_bsp.a(alt_main.o) (_do_dtors)
../lms_ctr_bsp/\libhal_bsp.a(alt_errno.o)
                              ../lms_ctr_bsp/\libhal_bsp.a(altera_avalon_uart_read.o) (alt_errno)
../lms_ctr_bsp/\libhal_bsp.a(alt_flash_dev.o)
                              ../lms_ctr_bsp/\libhal_bsp.a(altera_onchip_flash.o) (alt_flash_dev_list)
../lms_ctr_bsp/\libhal_bsp.a(alt_icache_flush_all.o)
                              ../lms_ctr_bsp/\libhal_bsp.a(alt_load.o) (alt_icache_flush_all)
../lms_ctr_bsp/\libhal_bsp.a(alt_iic.o)
                              ../lms_ctr_bsp/\libhal_bsp.a(altera_avalon_uart_init.o) (alt_ic_isr_register)
../lms_ctr_bsp/\libhal_bsp.a(alt_iic_isr_register.o)
                              ../lms_ctr_bsp/\libhal_bsp.a(alt_iic.o) (alt_iic_isr_register)
../lms_ctr_bsp/\libhal_bsp.a(alt_irq_entry.o)
                              ../lms_ctr_bsp/\libhal_bsp.a(alt_iic_isr_register.o) (alt_irq_entry)
../lms_ctr_bsp/\libhal_bsp.a(alt_irq_handler.o)
                              ../lms_ctr_bsp/\libhal_bsp.a(alt_iic_isr_register.o) (alt_irq)
../lms_ctr_bsp/\libhal_bsp.a(alt_irq_vars.o)
                              ../lms_ctr_bsp/\libhal_bsp.a(alt_iic.o) (alt_irq_active)
../lms_ctr_bsp/\libhal_bsp.a(alt_release_fd.o)
                              ../lms_ctr_bsp/\libhal_bsp.a(alt_close.o) (alt_release_fd)
../lms_ctr_bsp/\libhal_bsp.a(altera_nios2_gen2_irq.o)
                              ../lms_ctr_bsp/\libhal_bsp.a(alt_sys_init.o) (altera_nios2_gen2_irq_init)
../lms_ctr_bsp/\libhal_bsp.a(alt_exception_entry.o)
                              ../lms_ctr_bsp/\libhal_bsp.a(alt_irq_entry.o) (alt_exception)
../lms_ctr_bsp/\libhal_bsp.a(alt_find_dev.o)
                              ../lms_ctr_bsp/\libhal_bsp.a(alt_flash_dev.o) (alt_find_dev)
../lms_ctr_bsp/\libhal_bsp.a(alt_instruction_exception_entry.o)
                              ../lms_ctr_bsp/\libhal_bsp.a(alt_exception_entry.o) (alt_instruction_exception_entry)
e:/intelfpga/18.1/nios2eds/bin/gnu/h-x86_64-mingw32/bin/../lib/gcc/nios2-elf/5.3.0/../../../../../H-x86_64-mingw32/nios2-elf/lib/mno-hw-mul\libc.a(lib_a-atexit.o)
                              ../lms_ctr_bsp/\libhal_bsp.a(alt_main.o) (atexit)
e:/intelfpga/18.1/nios2eds/bin/gnu/h-x86_64-mingw32/bin/../lib/gcc/nios2-elf/5.3.0/../../../../../H-x86_64-mingw32/nios2-elf/lib/mno-hw-mul\libc.a(lib_a-exit.o)
                              ../lms_ctr_bsp/\libhal_bsp.a(alt_main.o) (exit)
e:/intelfpga/18.1/nios2eds/bin/gnu/h-x86_64-mingw32/bin/../lib/gcc/nios2-elf/5.3.0/../../../../../H-x86_64-mingw32/nios2-elf/lib/mno-hw-mul\libc.a(lib_a-impure.o)
                              e:/intelfpga/18.1/nios2eds/bin/gnu/h-x86_64-mingw32/bin/../lib/gcc/nios2-elf/5.3.0/../../../../../H-x86_64-mingw32/nios2-elf/lib/mno-hw-mul\libc.a(lib_a-exit.o) (_global_impure_ptr)
e:/intelfpga/18.1/nios2eds/bin/gnu/h-x86_64-mingw32/bin/../lib/gcc/nios2-elf/5.3.0/../../../../../H-x86_64-mingw32/nios2-elf/lib/mno-hw-mul\libc.a(lib_a-int_errno.o)
                              ../lms_ctr_bsp/\libhal_bsp.a(altera_avalon_uart_read.o) (errno)
e:/intelfpga/18.1/nios2eds/bin/gnu/h-x86_64-mingw32/bin/../lib/gcc/nios2-elf/5.3.0/../../../../../H-x86_64-mingw32/nios2-elf/lib/mno-hw-mul\libc.a(lib_a-memcmp.o)
                              ../lms_ctr_bsp/\libhal_bsp.a(altera_onchip_flash.o) (memcmp)
e:/intelfpga/18.1/nios2eds/bin/gnu/h-x86_64-mingw32/bin/../lib/gcc/nios2-elf/5.3.0/../../../../../H-x86_64-mingw32/nios2-elf/lib/mno-hw-mul\libc.a(lib_a-strlen.o)
                              ../lms_ctr_bsp/\libhal_bsp.a(alt_find_dev.o) (strlen)
e:/intelfpga/18.1/nios2eds/bin/gnu/h-x86_64-mingw32/bin/../lib/gcc/nios2-elf/5.3.0/../../../../../H-x86_64-mingw32/nios2-elf/lib/mno-hw-mul\libc.a(lib_a-__atexit.o)
                              e:/intelfpga/18.1/nios2eds/bin/gnu/h-x86_64-mingw32/bin/../lib/gcc/nios2-elf/5.3.0/../../../../../H-x86_64-mingw32/nios2-elf/lib/mno-hw-mul\libc.a(lib_a-atexit.o) (__register_exitproc)
e:/intelfpga/18.1/nios2eds/bin/gnu/h-x86_64-mingw32/bin/../lib/gcc/nios2-elf/5.3.0/../../../../../H-x86_64-mingw32/nios2-elf/lib/mno-hw-mul\libc.a(lib_a-__call_atexit.o)
                              e:/intelfpga/18.1/nios2eds/bin/gnu/h-x86_64-mingw32/bin/../lib/gcc/nios2-elf/5.3.0/../../../../../H-x86_64-mingw32/nios2-elf/lib/mno-hw-mul\libc.a(lib_a-exit.o) (__call_exitprocs)
../lms_ctr_bsp/\libhal_bsp.a(alt_exit.o)
                              e:/intelfpga/18.1/nios2eds/bin/gnu/h-x86_64-mingw32/bin/../lib/gcc/nios2-elf/5.3.0/../../../../../H-x86_64-mingw32/nios2-elf/lib/mno-hw-mul\libc.a(lib_a-exit.o) (_exit)

Allocating common symbols
Common symbol       size              file

alt_irq             0x100             ../lms_ctr_bsp/\libhal_bsp.a(alt_irq_handler.o)
block               0x1               obj/default/main.o
glEp0Buffer_Tx      0x40              obj/default/main.o
data_cnt            0x1               obj/default/main.o
byte1               0x4               obj/default/main.o
dac_data            0x2               obj/default/main.o
errno               0x4               e:/intelfpga/18.1/nios2eds/bin/gnu/h-x86_64-mingw32/bin/../lib/gcc/nios2-elf/5.3.0/../../../../../H-x86_64-mingw32/nios2-elf/lib/mno-hw-mul\libc.a(lib_a-int_errno.o)
MCU_retries         0x1               obj/default/main.o
sc_brdg_data        0x4               obj/default/main.o
fpga_data           0x4               obj/default/main.o
state               0x1               obj/default/main.o
last_portion        0x4               obj/default/main.o
current_portion     0x4               obj/default/main.o
test                0x1               obj/default/main.o
cmd_errors          0x1               obj/default/main.o
flash_page_data     0x100             obj/default/main.o
fpga_byte           0x4               obj/default/main.o
glEp0Buffer_Rx      0x40              obj/default/main.o

Memory Configuration

Name             Origin             Length             Attributes
reset            0x0000000000100000 0x0000000000000020
onchip_flash_0_data 0x0000000000100020 0x000000000008bfe0
onchip_memory2_0 0x0000000000200000 0x0000000000001000
*default*        0x0000000000000000 0xffffffffffffffff

Linker script and memory map

LOAD ../lms_ctr_bsp//obj/HAL/src/crt0.o
LOAD obj/default/i2c_opencores.o
LOAD obj/default/main.o
LOAD obj/default/spi_flash_lib.o
LOAD e:/intelfpga/18.1/nios2eds/bin/gnu/h-x86_64-mingw32/bin/../lib/gcc/nios2-elf/5.3.0/../../../../../H-x86_64-mingw32/nios2-elf/lib/mno-hw-mul\libstdc++.a
LOAD e:/intelfpga/18.1/nios2eds/bin/gnu/h-x86_64-mingw32/bin/../lib/gcc/nios2-elf/5.3.0/../../../../../H-x86_64-mingw32/nios2-elf/lib/mno-hw-mul\libm.a
LOAD e:/intelfpga/18.1/nios2eds/bin/gnu/h-x86_64-mingw32/bin/../lib/gcc/nios2-elf/5.3.0/mno-hw-mul\libgcc.a
START GROUP
LOAD e:/intelfpga/18.1/nios2eds/bin/gnu/h-x86_64-mingw32/bin/../lib/gcc/nios2-elf/5.3.0/../../../../../H-x86_64-mingw32/nios2-elf/lib/mno-hw-mul\libc.a
LOAD e:/intelfpga/18.1/nios2eds/bin/gnu/h-x86_64-mingw32/bin/../lib/gcc/nios2-elf/5.3.0/mno-hw-mul\libgcc.a
LOAD ../lms_ctr_bsp/\libhal_bsp.a
LOAD e:/intelfpga/18.1/nios2eds/bin/gnu/h-x86_64-mingw32/bin/../lib/gcc/nios2-elf/5.3.0/../../../../../H-x86_64-mingw32/nios2-elf/lib/mno-hw-mul\libm.a
END GROUP
LOAD e:/intelfpga/18.1/nios2eds/bin/gnu/h-x86_64-mingw32/bin/../lib/gcc/nios2-elf/5.3.0/mno-hw-mul\libgcc.a
                0x0000000000100000                __alt_mem_onchip_flash_0_data = 0x100000
                0x0000000000200000                __alt_mem_onchip_memory2_0 = 0x200000

.entry          0x0000000000100000       0x20
 *(.entry)
 .entry         0x0000000000100000       0x20 ../lms_ctr_bsp//obj/HAL/src/crt0.o
                0x0000000000100000                __reset

.exceptions     0x0000000000100020      0x210
                0x0000000000100020                PROVIDE (__ram_exceptions_start, ABSOLUTE (.))
                0x0000000000100020                . = ALIGN (0x20)
 *(.irq)
 *(.exceptions.entry.label)
 .exceptions.entry.label
                0x0000000000100020        0x0 ../lms_ctr_bsp/\libhal_bsp.a(alt_irq_entry.o)
                0x0000000000100020                alt_irq_entry
 .exceptions.entry.label
                0x0000000000100020        0x0 ../lms_ctr_bsp/\libhal_bsp.a(alt_exception_entry.o)
                0x0000000000100020                alt_exception
 *(.exceptions.entry.user)
 *(.exceptions.entry.ecc_fatal)
 *(.exceptions.entry)
 .exceptions.entry
                0x0000000000100020       0x54 ../lms_ctr_bsp/\libhal_bsp.a(alt_exception_entry.o)
 *(.exceptions.irqtest.user)
 *(.exceptions.irqtest)
 .exceptions.irqtest
                0x0000000000100074       0x10 ../lms_ctr_bsp/\libhal_bsp.a(alt_irq_entry.o)
 *(.exceptions.irqhandler.user)
 *(.exceptions.irqhandler)
 .exceptions.irqhandler
                0x0000000000100084        0x4 ../lms_ctr_bsp/\libhal_bsp.a(alt_irq_entry.o)
 *(.exceptions.irqreturn.user)
 *(.exceptions.irqreturn)
 .exceptions.irqreturn
                0x0000000000100088        0x4 ../lms_ctr_bsp/\libhal_bsp.a(alt_irq_entry.o)
 *(.exceptions.notirq.label)
 .exceptions.notirq.label
                0x000000000010008c        0x0 ../lms_ctr_bsp/\libhal_bsp.a(alt_irq_entry.o)
 *(.exceptions.notirq.user)
 *(.exceptions.notirq)
 .exceptions.notirq
                0x000000000010008c        0x8 ../lms_ctr_bsp/\libhal_bsp.a(alt_exception_entry.o)
 *(.exceptions.soft.user)
 *(.exceptions.soft)
 *(.exceptions.unknown.user)
 *(.exceptions.unknown)
 .exceptions.unknown
                0x0000000000100094       0x14 ../lms_ctr_bsp/\libhal_bsp.a(alt_exception_entry.o)
 *(.exceptions.exit.label)
 .exceptions.exit.label
                0x00000000001000a8        0x0 ../lms_ctr_bsp/\libhal_bsp.a(alt_irq_entry.o)
 .exceptions.exit.label
                0x00000000001000a8        0x0 ../lms_ctr_bsp/\libhal_bsp.a(alt_exception_entry.o)
 *(.exceptions.exit.user)
 *(.exceptions.exit)
 .exceptions.exit
                0x00000000001000a8       0x54 ../lms_ctr_bsp/\libhal_bsp.a(alt_exception_entry.o)
 *(.exceptions)
 .exceptions    0x00000000001000fc       0xd4 ../lms_ctr_bsp/\libhal_bsp.a(alt_irq_handler.o)
                0x00000000001000fc                alt_irq_handler
 .exceptions    0x00000000001001d0       0x60 ../lms_ctr_bsp/\libhal_bsp.a(alt_instruction_exception_entry.o)
                0x00000000001001d0                alt_instruction_exception_entry
                0x0000000000100230                PROVIDE (__ram_exceptions_end, ABSOLUTE (.))
                0x0000000000100020                PROVIDE (__flash_exceptions_start, LOADADDR (.exceptions))

.text           0x0000000000100230     0x4924
                [!provide]                        PROVIDE (stext, ABSOLUTE (.))
 *(.interp)
 *(.hash)
 *(.dynsym)
 *(.dynstr)
 *(.gnu.version)
 *(.gnu.version_d)
 *(.gnu.version_r)
 *(.rel.init)
 *(.rela.init)
 *(.rel.text .rel.text.* .rel.gnu.linkonce.t.*)
 *(.rela.text .rela.text.* .rela.gnu.linkonce.t.*)
 *(.rel.fini)
 *(.rela.fini)
 *(.rel.rodata .rel.rodata.* .rel.gnu.linkonce.r.*)
 *(.rela.rodata .rela.rodata.* .rela.gnu.linkonce.r.*)
 *(.rel.data .rel.data.* .rel.gnu.linkonce.d.*)
 *(.rela.data .rela.data.* .rela.gnu.linkonce.d.*)
 *(.rel.tdata .rel.tdata.* .rel.gnu.linkonce.td.*)
 *(.rela.tdata .rela.tdata.* .rela.gnu.linkonce.td.*)
 *(.rel.tbss .rel.tbss.* .rel.gnu.linkonce.tb.*)
 *(.rela.tbss .rela.tbss.* .rela.gnu.linkonce.tb.*)
 *(.rel.ctors)
 *(.rela.ctors)
 *(.rel.dtors)
 *(.rela.dtors)
 *(.rel.got)
 *(.rela.got)
 *(.rel.sdata .rel.sdata.* .rel.gnu.linkonce.s.*)
 *(.rela.sdata .rela.sdata.* .rela.gnu.linkonce.s.*)
 *(.rel.sbss .rel.sbss.* .rel.gnu.linkonce.sb.*)
 *(.rela.sbss .rela.sbss.* .rela.gnu.linkonce.sb.*)
 *(.rel.sdata2 .rel.sdata2.* .rel.gnu.linkonce.s2.*)
 *(.rela.sdata2 .rela.sdata2.* .rela.gnu.linkonce.s2.*)
 *(.rel.sbss2 .rel.sbss2.* .rel.gnu.linkonce.sb2.*)
 *(.rela.sbss2 .rela.sbss2.* .rela.gnu.linkonce.sb2.*)
 *(.rel.bss .rel.bss.* .rel.gnu.linkonce.b.*)
 *(.rela.bss .rela.bss.* .rela.gnu.linkonce.b.*)
 *(.rel.plt)
 *(.rela.plt)
 *(.rel.dyn)
 *(.init)
 *(.plt)
 *(.text .stub .text.* .gnu.linkonce.t.*)
 .text          0x0000000000100230       0x3c ../lms_ctr_bsp//obj/HAL/src/crt0.o
                0x0000000000100230                _start
 .text          0x000000000010026c      0x114 obj/default/i2c_opencores.o
                0x000000000010026c                I2C_init
                0x00000000001002e0                I2C_start
                0x0000000000100318                I2C_read
                0x0000000000100344                I2C_write
 .text          0x0000000000100380      0x374 obj/default/main.o
                0x0000000000100380                Check_many_blocks
                0x00000000001003d0                getFifoData
                0x0000000000100404                set_led
                0x0000000000100418                Configure_LM75
                0x0000000000100500                testEEPROM
                0x0000000000100610                boot_from_flash
                0x0000000000100648                rd_dac_val
 .text.startup  0x00000000001006f4     0x11c4 obj/default/main.o
                0x00000000001006f4                main
 .text          0x00000000001018b8      0x3f0 obj/default/spi_flash_lib.o
                0x00000000001018b8                ReverseBitOrder
                0x00000000001018f8                FlashSpiFastRead
                0x0000000000101900                FlashSpiRead
                0x0000000000101968                CyFxSpiWaitForStatus
                0x0000000000101a30                FlashSpiTransfer
                0x0000000000101ba8                FlashSpiEraseSector
 .text          0x0000000000101ca8      0x1b4 e:/intelfpga/18.1/nios2eds/bin/gnu/h-x86_64-mingw32/bin/../lib/gcc/nios2-elf/5.3.0/mno-hw-mul\libgcc.a(lib2-divmod.o)
                0x0000000000101ca8                __divsi3
                0x0000000000101d2c                __modsi3
                0x0000000000101da0                __udivsi3
                0x0000000000101e04                __umodsi3
 .text          0x0000000000101e5c       0x28 e:/intelfpga/18.1/nios2eds/bin/gnu/h-x86_64-mingw32/bin/../lib/gcc/nios2-elf/5.3.0/mno-hw-mul\libgcc.a(lib2-mul.o)
                0x0000000000101e5c                __mulsi3
 .text          0x0000000000101e84        0x0 e:/intelfpga/18.1/nios2eds/bin/gnu/h-x86_64-mingw32/bin/../lib/gcc/nios2-elf/5.3.0/../../../../../H-x86_64-mingw32/nios2-elf/lib/mno-hw-mul\libc.a(lib_a-memcpy.o)
 .text.memcpy   0x0000000000101e84      0x148 e:/intelfpga/18.1/nios2eds/bin/gnu/h-x86_64-mingw32/bin/../lib/gcc/nios2-elf/5.3.0/../../../../../H-x86_64-mingw32/nios2-elf/lib/mno-hw-mul\libc.a(lib_a-memcpy.o)
                0x0000000000101e84                memcpy
 .text          0x0000000000101fcc        0x0 e:/intelfpga/18.1/nios2eds/bin/gnu/h-x86_64-mingw32/bin/../lib/gcc/nios2-elf/5.3.0/../../../../../H-x86_64-mingw32/nios2-elf/lib/mno-hw-mul\libc.a(lib_a-memset.o)
 .text.memset   0x0000000000101fcc      0x128 e:/intelfpga/18.1/nios2eds/bin/gnu/h-x86_64-mingw32/bin/../lib/gcc/nios2-elf/5.3.0/../../../../../H-x86_64-mingw32/nios2-elf/lib/mno-hw-mul\libc.a(lib_a-memset.o)
                0x0000000000101fcc                memset
 .text          0x00000000001020f4       0xec ../lms_ctr_bsp/\libhal_bsp.a(alt_load.o)
                0x000000000010215c                alt_load
 .text          0x00000000001021e0       0x60 ../lms_ctr_bsp/\libhal_bsp.a(alt_main.o)
                0x00000000001021e0                alt_main
 .text          0x0000000000102240       0x30 ../lms_ctr_bsp/\libhal_bsp.a(alt_usleep.o)
                0x0000000000102240                usleep
 .text          0x0000000000102270       0xd4 ../lms_ctr_bsp/\libhal_bsp.a(alt_sys_init.o)
                0x00000000001022a4                alt_irq_init
                0x00000000001022dc                alt_sys_init
 .text          0x0000000000102344      0x1fc ../lms_ctr_bsp/\libhal_bsp.a(altera_avalon_spi.o)
                0x0000000000102344                alt_avalon_spi_command
 .text          0x0000000000102540      0x110 ../lms_ctr_bsp/\libhal_bsp.a(altera_avalon_uart_fd.o)
                0x0000000000102540                altera_avalon_uart_read_fd
                0x00000000001025a0                altera_avalon_uart_write_fd
                0x0000000000102600                altera_avalon_uart_close_fd
 .text          0x0000000000102650      0x3c8 ../lms_ctr_bsp/\libhal_bsp.a(altera_avalon_uart_init.o)
                0x0000000000102650                altera_avalon_uart_init
                0x00000000001029c4                altera_avalon_uart_close
 .text          0x0000000000102a18      0x218 ../lms_ctr_bsp/\libhal_bsp.a(altera_avalon_uart_read.o)
                0x0000000000102a54                altera_avalon_uart_read
 .text          0x0000000000102c30      0x1e8 ../lms_ctr_bsp/\libhal_bsp.a(altera_avalon_uart_write.o)
                0x0000000000102c6c                altera_avalon_uart_write
 .text          0x0000000000102e18      0xf40 ../lms_ctr_bsp/\libhal_bsp.a(altera_onchip_flash.o)
                0x0000000000102e4c                alt_onchip_flash_read
                0x0000000000102f18                alt_onchip_flash_get_info
                0x0000000000102fb4                alt_onchip_flash_erase_block
                0x000000000010311c                alt_onchip_flash_write_block
                0x00000000001033f4                alt_onchip_flash_write
                0x00000000001036cc                altera_onchip_flash_init
                0x0000000000103ba8                alt_onchip_flash_poll_for_status_to_go_idle
                0x0000000000103c38                alt_onchip_flash_poll_for_status_erase_passed
                0x0000000000103cc8                alt_onchip_flash_poll_for_status_write_passed
 .text          0x0000000000103d58      0x158 ../lms_ctr_bsp/\libhal_bsp.a(alt_busy_sleep.o)
                0x0000000000103d58                alt_busy_sleep
 .text          0x0000000000103eb0      0x114 ../lms_ctr_bsp/\libhal_bsp.a(alt_close.o)
                0x0000000000103eec                close
 .text          0x0000000000103fc4       0x28 ../lms_ctr_bsp/\libhal_bsp.a(alt_dcache_flush.o)
                0x0000000000103fc4                alt_dcache_flush
 .text          0x0000000000103fec       0x20 ../lms_ctr_bsp/\libhal_bsp.a(alt_dcache_flush_all.o)
                0x0000000000103fec                alt_dcache_flush_all
 .text          0x000000000010400c       0x2c ../lms_ctr_bsp/\libhal_bsp.a(alt_dev.o)
 .text          0x0000000000104038       0xe0 ../lms_ctr_bsp/\libhal_bsp.a(alt_dev_llist_insert.o)
                0x0000000000104074                alt_dev_llist_insert
 .text          0x0000000000104118       0x60 ../lms_ctr_bsp/\libhal_bsp.a(alt_do_ctors.o)
                0x0000000000104118                _do_ctors
 .text          0x0000000000104178       0x60 ../lms_ctr_bsp/\libhal_bsp.a(alt_do_dtors.o)
                0x0000000000104178                _do_dtors
 .text          0x00000000001041d8        0x0 ../lms_ctr_bsp/\libhal_bsp.a(alt_errno.o)
 .text          0x00000000001041d8       0xbc ../lms_ctr_bsp/\libhal_bsp.a(alt_flash_dev.o)
                0x00000000001041d8                alt_flash_open_dev
                0x0000000000104240                alt_flash_close_dev
 .text          0x0000000000104294       0x20 ../lms_ctr_bsp/\libhal_bsp.a(alt_icache_flush_all.o)
                0x0000000000104294                alt_icache_flush_all
 .text          0x00000000001042b4      0x1b0 ../lms_ctr_bsp/\libhal_bsp.a(alt_iic.o)
                0x00000000001042b4                alt_ic_isr_register
                0x0000000000104304                alt_ic_irq_enable
                0x000000000010438c                alt_ic_irq_disable
                0x0000000000104418                alt_ic_irq_enabled
 .text          0x0000000000104464       0xf0 ../lms_ctr_bsp/\libhal_bsp.a(alt_iic_isr_register.o)
                0x0000000000104464                alt_iic_isr_register
 .text          0x0000000000104554        0x0 ../lms_ctr_bsp/\libhal_bsp.a(alt_irq_entry.o)
 .text          0x0000000000104554        0x0 ../lms_ctr_bsp/\libhal_bsp.a(alt_irq_handler.o)
 .text          0x0000000000104554        0x0 ../lms_ctr_bsp/\libhal_bsp.a(alt_irq_vars.o)
 .text          0x0000000000104554       0x84 ../lms_ctr_bsp/\libhal_bsp.a(alt_release_fd.o)
                0x0000000000104554                alt_release_fd
 .text          0x00000000001045d8       0x24 ../lms_ctr_bsp/\libhal_bsp.a(altera_nios2_gen2_irq.o)
                0x00000000001045d8                altera_nios2_gen2_irq_init
 .text          0x00000000001045fc        0x0 ../lms_ctr_bsp/\libhal_bsp.a(alt_exception_entry.o)
 .text          0x00000000001045fc       0x90 ../lms_ctr_bsp/\libhal_bsp.a(alt_find_dev.o)
                0x00000000001045fc                alt_find_dev
 .text          0x000000000010468c       0x9c ../lms_ctr_bsp/\libhal_bsp.a(alt_instruction_exception_entry.o)
                0x000000000010468c                alt_exception_cause_generated_bad_addr
 .text          0x0000000000104728        0x0 e:/intelfpga/18.1/nios2eds/bin/gnu/h-x86_64-mingw32/bin/../lib/gcc/nios2-elf/5.3.0/../../../../../H-x86_64-mingw32/nios2-elf/lib/mno-hw-mul\libc.a(lib_a-atexit.o)
 .text.atexit   0x0000000000104728       0x14 e:/intelfpga/18.1/nios2eds/bin/gnu/h-x86_64-mingw32/bin/../lib/gcc/nios2-elf/5.3.0/../../../../../H-x86_64-mingw32/nios2-elf/lib/mno-hw-mul\libc.a(lib_a-atexit.o)
                0x0000000000104728                atexit
 .text          0x000000000010473c        0x0 e:/intelfpga/18.1/nios2eds/bin/gnu/h-x86_64-mingw32/bin/../lib/gcc/nios2-elf/5.3.0/../../../../../H-x86_64-mingw32/nios2-elf/lib/mno-hw-mul\libc.a(lib_a-exit.o)
 .text.exit     0x000000000010473c       0x38 e:/intelfpga/18.1/nios2eds/bin/gnu/h-x86_64-mingw32/bin/../lib/gcc/nios2-elf/5.3.0/../../../../../H-x86_64-mingw32/nios2-elf/lib/mno-hw-mul\libc.a(lib_a-exit.o)
                0x000000000010473c                exit
 .text          0x0000000000104774        0x0 e:/intelfpga/18.1/nios2eds/bin/gnu/h-x86_64-mingw32/bin/../lib/gcc/nios2-elf/5.3.0/../../../../../H-x86_64-mingw32/nios2-elf/lib/mno-hw-mul\libc.a(lib_a-impure.o)
 .text          0x0000000000104774        0x0 e:/intelfpga/18.1/nios2eds/bin/gnu/h-x86_64-mingw32/bin/../lib/gcc/nios2-elf/5.3.0/../../../../../H-x86_64-mingw32/nios2-elf/lib/mno-hw-mul\libc.a(lib_a-int_errno.o)
 .text          0x0000000000104774        0x0 e:/intelfpga/18.1/nios2eds/bin/gnu/h-x86_64-mingw32/bin/../lib/gcc/nios2-elf/5.3.0/../../../../../H-x86_64-mingw32/nios2-elf/lib/mno-hw-mul\libc.a(lib_a-memcmp.o)
 .text.memcmp   0x0000000000104774       0x7c e:/intelfpga/18.1/nios2eds/bin/gnu/h-x86_64-mingw32/bin/../lib/gcc/nios2-elf/5.3.0/../../../../../H-x86_64-mingw32/nios2-elf/lib/mno-hw-mul\libc.a(lib_a-memcmp.o)
                0x0000000000104774                memcmp
 .text          0x00000000001047f0        0x0 e:/intelfpga/18.1/nios2eds/bin/gnu/h-x86_64-mingw32/bin/../lib/gcc/nios2-elf/5.3.0/../../../../../H-x86_64-mingw32/nios2-elf/lib/mno-hw-mul\libc.a(lib_a-strlen.o)
 .text.strlen   0x00000000001047f0       0x98 e:/intelfpga/18.1/nios2eds/bin/gnu/h-x86_64-mingw32/bin/../lib/gcc/nios2-elf/5.3.0/../../../../../H-x86_64-mingw32/nios2-elf/lib/mno-hw-mul\libc.a(lib_a-strlen.o)
                0x00000000001047f0                strlen
 .text          0x0000000000104888        0x0 e:/intelfpga/18.1/nios2eds/bin/gnu/h-x86_64-mingw32/bin/../lib/gcc/nios2-elf/5.3.0/../../../../../H-x86_64-mingw32/nios2-elf/lib/mno-hw-mul\libc.a(lib_a-__atexit.o)
 .text.__register_exitproc
                0x0000000000104888      0x118 e:/intelfpga/18.1/nios2eds/bin/gnu/h-x86_64-mingw32/bin/../lib/gcc/nios2-elf/5.3.0/../../../../../H-x86_64-mingw32/nios2-elf/lib/mno-hw-mul\libc.a(lib_a-__atexit.o)
                0x0000000000104888                __register_exitproc
 .text          0x00000000001049a0        0x0 e:/intelfpga/18.1/nios2eds/bin/gnu/h-x86_64-mingw32/bin/../lib/gcc/nios2-elf/5.3.0/../../../../../H-x86_64-mingw32/nios2-elf/lib/mno-hw-mul\libc.a(lib_a-__call_atexit.o)
 .text.__call_exitprocs
                0x00000000001049a0      0x180 e:/intelfpga/18.1/nios2eds/bin/gnu/h-x86_64-mingw32/bin/../lib/gcc/nios2-elf/5.3.0/../../../../../H-x86_64-mingw32/nios2-elf/lib/mno-hw-mul\libc.a(lib_a-__call_atexit.o)
                0x00000000001049a0                __call_exitprocs
 .text          0x0000000000104b20       0x34 ../lms_ctr_bsp/\libhal_bsp.a(alt_exit.o)
                0x0000000000104b20                _exit
 *(.gnu.warning.*)
 *(.fini)
                [!provide]                        PROVIDE (__etext, ABSOLUTE (.))
                [!provide]                        PROVIDE (_etext, ABSOLUTE (.))
                [!provide]                        PROVIDE (etext, ABSOLUTE (.))
 *(.eh_frame_hdr)
                0x0000000000104b54                . = ALIGN (0x4)
                [!provide]                        PROVIDE (__preinit_array_start, ABSOLUTE (.))
 *(.preinit_array)
                [!provide]                        PROVIDE (__preinit_array_end, ABSOLUTE (.))
                [!provide]                        PROVIDE (__init_array_start, ABSOLUTE (.))
 *(.init_array)
                [!provide]                        PROVIDE (__init_array_end, ABSOLUTE (.))
                [!provide]                        PROVIDE (__fini_array_start, ABSOLUTE (.))
 *(.fini_array)
                [!provide]                        PROVIDE (__fini_array_end, ABSOLUTE (.))
 *(.eh_frame)
 *(.gcc_except_table .gcc_except_table.*)
 *(.dynamic)
                0x0000000000104b54                PROVIDE (__CTOR_LIST__, ABSOLUTE (.))
 *(.ctors)
 *(SORT(.ctors.*))
                0x0000000000104b54                PROVIDE (__CTOR_END__, ABSOLUTE (.))
                0x0000000000104b54                PROVIDE (__DTOR_LIST__, ABSOLUTE (.))
 *(.dtors)
 *(SORT(.dtors.*))
                0x0000000000104b54                PROVIDE (__DTOR_END__, ABSOLUTE (.))
 *(.jcr)
                0x0000000000104b54                . = ALIGN (0x4)

.rodata         0x0000000000200000       0x38 load address 0x0000000000104b54
                0x0000000000200000                PROVIDE (__ram_rodata_start, ABSOLUTE (.))
                0x0000000000200000                . = ALIGN (0x4)
 *(.rodata .rodata.* .gnu.linkonce.r.*)
 .rodata        0x0000000000200000       0x25 ../lms_ctr_bsp/\libhal_bsp.a(alt_sys_init.o)
 *fill*         0x0000000000200025        0x3 
 .rodata        0x0000000000200028        0xa ../lms_ctr_bsp/\libhal_bsp.a(alt_dev.o)
 *fill*         0x0000000000200032        0x2 
 .rodata.str1.4
                0x0000000000200034        0x4 e:/intelfpga/18.1/nios2eds/bin/gnu/h-x86_64-mingw32/bin/../lib/gcc/nios2-elf/5.3.0/../../../../../H-x86_64-mingw32/nios2-elf/lib/mno-hw-mul\libc.a(lib_a-impure.o)
                                          0x2 (size before relaxing)
 *(.rodata1)
                0x0000000000200038                . = ALIGN (0x4)
                0x0000000000200038                PROVIDE (__ram_rodata_end, ABSOLUTE (.))
                0x0000000000104b54                PROVIDE (__flash_rodata_start, LOADADDR (.rodata))

.rwdata         0x0000000000200038      0x7dc load address 0x0000000000104b8c
                0x0000000000200038                PROVIDE (__ram_rwdata_start, ABSOLUTE (.))
                0x0000000000200038                . = ALIGN (0x4)
 *(.got.plt)
 *(.got)
 *(.data1)
 *(.data .data.* .gnu.linkonce.d.*)
 .data          0x0000000000200038        0x0 ../lms_ctr_bsp//obj/HAL/src/crt0.o
 .data          0x0000000000200038        0x0 obj/default/i2c_opencores.o
 .data          0x0000000000200038        0x0 obj/default/main.o
 .data          0x0000000000200038        0x0 obj/default/spi_flash_lib.o
 .data          0x0000000000200038        0x0 e:/intelfpga/18.1/nios2eds/bin/gnu/h-x86_64-mingw32/bin/../lib/gcc/nios2-elf/5.3.0/mno-hw-mul\libgcc.a(lib2-divmod.o)
 .data          0x0000000000200038        0x0 e:/intelfpga/18.1/nios2eds/bin/gnu/h-x86_64-mingw32/bin/../lib/gcc/nios2-elf/5.3.0/mno-hw-mul\libgcc.a(lib2-mul.o)
 .data          0x0000000000200038        0x0 e:/intelfpga/18.1/nios2eds/bin/gnu/h-x86_64-mingw32/bin/../lib/gcc/nios2-elf/5.3.0/../../../../../H-x86_64-mingw32/nios2-elf/lib/mno-hw-mul\libc.a(lib_a-memcpy.o)
 .data          0x0000000000200038        0x0 e:/intelfpga/18.1/nios2eds/bin/gnu/h-x86_64-mingw32/bin/../lib/gcc/nios2-elf/5.3.0/../../../../../H-x86_64-mingw32/nios2-elf/lib/mno-hw-mul\libc.a(lib_a-memset.o)
 .data          0x0000000000200038        0x0 ../lms_ctr_bsp/\libhal_bsp.a(alt_load.o)
 .data          0x0000000000200038        0x0 ../lms_ctr_bsp/\libhal_bsp.a(alt_main.o)
 .data          0x0000000000200038        0x0 ../lms_ctr_bsp/\libhal_bsp.a(alt_usleep.o)
 .data          0x0000000000200038      0x1c4 ../lms_ctr_bsp/\libhal_bsp.a(alt_sys_init.o)
 .data          0x00000000002001fc        0x0 ../lms_ctr_bsp/\libhal_bsp.a(altera_avalon_spi.o)
 .data          0x00000000002001fc        0x0 ../lms_ctr_bsp/\libhal_bsp.a(altera_avalon_uart_fd.o)
 .data          0x00000000002001fc        0x0 ../lms_ctr_bsp/\libhal_bsp.a(altera_avalon_uart_init.o)
 .data          0x00000000002001fc        0x0 ../lms_ctr_bsp/\libhal_bsp.a(altera_avalon_uart_read.o)
 .data          0x00000000002001fc        0x0 ../lms_ctr_bsp/\libhal_bsp.a(altera_avalon_uart_write.o)
 .data          0x00000000002001fc        0x0 ../lms_ctr_bsp/\libhal_bsp.a(altera_onchip_flash.o)
 .data          0x00000000002001fc        0x0 ../lms_ctr_bsp/\libhal_bsp.a(alt_busy_sleep.o)
 .data          0x00000000002001fc        0x0 ../lms_ctr_bsp/\libhal_bsp.a(alt_close.o)
 .data          0x00000000002001fc        0x0 ../lms_ctr_bsp/\libhal_bsp.a(alt_dcache_flush.o)
 .data          0x00000000002001fc        0x0 ../lms_ctr_bsp/\libhal_bsp.a(alt_dcache_flush_all.o)
 .data          0x00000000002001fc      0x1a8 ../lms_ctr_bsp/\libhal_bsp.a(alt_dev.o)
                0x00000000002001fc                alt_dev_null
                0x0000000000200224                alt_fd_list
 .data          0x00000000002003a4        0x0 ../lms_ctr_bsp/\libhal_bsp.a(alt_dev_llist_insert.o)
 .data          0x00000000002003a4        0x0 ../lms_ctr_bsp/\libhal_bsp.a(alt_do_ctors.o)
 .data          0x00000000002003a4        0x0 ../lms_ctr_bsp/\libhal_bsp.a(alt_do_dtors.o)
 .data          0x00000000002003a4        0x0 ../lms_ctr_bsp/\libhal_bsp.a(alt_errno.o)
 .data          0x00000000002003a4        0x0 ../lms_ctr_bsp/\libhal_bsp.a(alt_flash_dev.o)
 .data          0x00000000002003a4        0x0 ../lms_ctr_bsp/\libhal_bsp.a(alt_icache_flush_all.o)
 .data          0x00000000002003a4        0x0 ../lms_ctr_bsp/\libhal_bsp.a(alt_iic.o)
 .data          0x00000000002003a4        0x0 ../lms_ctr_bsp/\libhal_bsp.a(alt_iic_isr_register.o)
 .data          0x00000000002003a4        0x0 ../lms_ctr_bsp/\libhal_bsp.a(alt_irq_entry.o)
 .data          0x00000000002003a4        0x0 ../lms_ctr_bsp/\libhal_bsp.a(alt_irq_handler.o)
 .data          0x00000000002003a4        0x0 ../lms_ctr_bsp/\libhal_bsp.a(alt_irq_vars.o)
 .data          0x00000000002003a4        0x0 ../lms_ctr_bsp/\libhal_bsp.a(alt_release_fd.o)
 .data          0x00000000002003a4        0x0 ../lms_ctr_bsp/\libhal_bsp.a(altera_nios2_gen2_irq.o)
 .data          0x00000000002003a4        0x0 ../lms_ctr_bsp/\libhal_bsp.a(alt_exception_entry.o)
 .data          0x00000000002003a4        0x0 ../lms_ctr_bsp/\libhal_bsp.a(alt_find_dev.o)
 .data          0x00000000002003a4        0x0 ../lms_ctr_bsp/\libhal_bsp.a(alt_instruction_exception_entry.o)
 .data          0x00000000002003a4        0x0 e:/intelfpga/18.1/nios2eds/bin/gnu/h-x86_64-mingw32/bin/../lib/gcc/nios2-elf/5.3.0/../../../../../H-x86_64-mingw32/nios2-elf/lib/mno-hw-mul\libc.a(lib_a-atexit.o)
 .data          0x00000000002003a4        0x0 e:/intelfpga/18.1/nios2eds/bin/gnu/h-x86_64-mingw32/bin/../lib/gcc/nios2-elf/5.3.0/../../../../../H-x86_64-mingw32/nios2-elf/lib/mno-hw-mul\libc.a(lib_a-exit.o)
 .data          0x00000000002003a4        0x0 e:/intelfpga/18.1/nios2eds/bin/gnu/h-x86_64-mingw32/bin/../lib/gcc/nios2-elf/5.3.0/../../../../../H-x86_64-mingw32/nios2-elf/lib/mno-hw-mul\libc.a(lib_a-impure.o)
 .data.impure_data
                0x00000000002003a4      0x424 e:/intelfpga/18.1/nios2eds/bin/gnu/h-x86_64-mingw32/bin/../lib/gcc/nios2-elf/5.3.0/../../../../../H-x86_64-mingw32/nios2-elf/lib/mno-hw-mul\libc.a(lib_a-impure.o)
 .data          0x00000000002007c8        0x0 e:/intelfpga/18.1/nios2eds/bin/gnu/h-x86_64-mingw32/bin/../lib/gcc/nios2-elf/5.3.0/../../../../../H-x86_64-mingw32/nios2-elf/lib/mno-hw-mul\libc.a(lib_a-int_errno.o)
 .data          0x00000000002007c8        0x0 e:/intelfpga/18.1/nios2eds/bin/gnu/h-x86_64-mingw32/bin/../lib/gcc/nios2-elf/5.3.0/../../../../../H-x86_64-mingw32/nios2-elf/lib/mno-hw-mul\libc.a(lib_a-memcmp.o)
 .data          0x00000000002007c8        0x0 e:/intelfpga/18.1/nios2eds/bin/gnu/h-x86_64-mingw32/bin/../lib/gcc/nios2-elf/5.3.0/../../../../../H-x86_64-mingw32/nios2-elf/lib/mno-hw-mul\libc.a(lib_a-strlen.o)
 .data          0x00000000002007c8        0x0 e:/intelfpga/18.1/nios2eds/bin/gnu/h-x86_64-mingw32/bin/../lib/gcc/nios2-elf/5.3.0/../../../../../H-x86_64-mingw32/nios2-elf/lib/mno-hw-mul\libc.a(lib_a-__atexit.o)
 .data          0x00000000002007c8        0x0 e:/intelfpga/18.1/nios2eds/bin/gnu/h-x86_64-mingw32/bin/../lib/gcc/nios2-elf/5.3.0/../../../../../H-x86_64-mingw32/nios2-elf/lib/mno-hw-mul\libc.a(lib_a-__call_atexit.o)
 .data          0x00000000002007c8        0x0 ../lms_ctr_bsp/\libhal_bsp.a(alt_exit.o)
                0x00000000002087c8                _gp = ABSOLUTE ((. + 0x8000))
                [!provide]                        PROVIDE (gp, _gp)
 *(.rwdata .rwdata.*)
 *(.sdata .sdata.* .gnu.linkonce.s.*)
 .sdata         0x00000000002007c8       0x18 obj/default/main.o
                0x00000000002007c8                CFM0EndAddress
                0x00000000002007cc                CFM0StartAddress
                0x00000000002007d0                Board_Config_FPGA
                0x00000000002007d4                converted_val
                0x00000000002007d6                dac_val
                0x00000000002007d8                LMS_Ctrl_Packet_Rx
                0x00000000002007dc                LMS_Ctrl_Packet_Tx
 .sdata         0x00000000002007e0        0x8 ../lms_ctr_bsp/\libhal_bsp.a(altera_onchip_flash.o)
                0x00000000002007e0                altera_onchip_flash_list
 .sdata         0x00000000002007e8       0x14 ../lms_ctr_bsp/\libhal_bsp.a(alt_dev.o)
                0x00000000002007e8                alt_fs_list
                0x00000000002007f0                alt_dev_list
                0x00000000002007f8                alt_max_fd
 .sdata         0x00000000002007fc        0x4 ../lms_ctr_bsp/\libhal_bsp.a(alt_errno.o)
                0x00000000002007fc                alt_errno
 .sdata         0x0000000000200800        0x8 ../lms_ctr_bsp/\libhal_bsp.a(alt_flash_dev.o)
                0x0000000000200800                alt_flash_dev_list
 .sdata         0x0000000000200808        0x4 ../lms_ctr_bsp/\libhal_bsp.a(alt_irq_vars.o)
                0x0000000000200808                alt_priority_mask
 .sdata._global_impure_ptr
                0x000000000020080c        0x4 e:/intelfpga/18.1/nios2eds/bin/gnu/h-x86_64-mingw32/bin/../lib/gcc/nios2-elf/5.3.0/../../../../../H-x86_64-mingw32/nios2-elf/lib/mno-hw-mul\libc.a(lib_a-impure.o)
                0x000000000020080c                _global_impure_ptr
 .sdata._impure_ptr
                0x0000000000200810        0x4 e:/intelfpga/18.1/nios2eds/bin/gnu/h-x86_64-mingw32/bin/../lib/gcc/nios2-elf/5.3.0/../../../../../H-x86_64-mingw32/nios2-elf/lib/mno-hw-mul\libc.a(lib_a-impure.o)
                0x0000000000200810                _impure_ptr
 *(.sdata2 .sdata2.* .gnu.linkonce.s2.*)
                0x0000000000200814                . = ALIGN (0x4)
                0x0000000000200814                _edata = ABSOLUTE (.)
                [!provide]                        PROVIDE (edata, ABSOLUTE (.))
                0x0000000000200814                PROVIDE (__ram_rwdata_end, ABSOLUTE (.))
                0x0000000000104b8c                PROVIDE (__flash_rwdata_start, LOADADDR (.rwdata))

.bss            0x0000000000200814      0x2e8 load address 0x0000000000105368
                0x0000000000200814                __bss_start = ABSOLUTE (.)
                [!provide]                        PROVIDE (__sbss_start, ABSOLUTE (.))
                [!provide]                        PROVIDE (___sbss_start, ABSOLUTE (.))
 *(.dynsbss)
 *(.sbss .sbss.* .gnu.linkonce.sb.*)
 .sbss          0x0000000000200814       0x24 obj/default/main.o
                0x0000000000200814                boot_img_en
                0x0000000000200818                Flash
                0x000000000020081c                word
                0x0000000000200820                byte
                0x0000000000200824                address
                0x0000000000200828                flash_data_counter_to_copy
                0x000000000020082c                flash_data_cnt_free
                0x0000000000200830                flash_page_data_cnt
                0x0000000000200834                flash_page
 .sbss          0x0000000000200838       0x28 obj/default/main.o
                0x0000000000200838                block
                0x0000000000200839                data_cnt
                0x000000000020083c                byte1
                0x0000000000200840                dac_data
                0x0000000000200842                MCU_retries
                0x0000000000200843                sc_brdg_data
                0x0000000000200848                fpga_data
                0x000000000020084c                state
                0x0000000000200850                last_portion
                0x0000000000200854                current_portion
                0x0000000000200858                test
                0x0000000000200859                cmd_errors
                0x000000000020085c                fpga_byte
 .sbss          0x0000000000200860        0x1 obj/default/spi_flash_lib.o
                0x0000000000200860                spiFastRead
 *fill*         0x0000000000200861        0x3 
 .sbss          0x0000000000200864        0xc ../lms_ctr_bsp/\libhal_bsp.a(alt_main.o)
                0x0000000000200864                alt_argc
                0x0000000000200868                alt_argv
                0x000000000020086c                alt_envp
 .sbss          0x0000000000200870        0x4 ../lms_ctr_bsp/\libhal_bsp.a(alt_irq_vars.o)
                0x0000000000200870                alt_irq_active
 .sbss          0x0000000000200874        0x4 ../lms_ctr_bsp/\libhal_bsp.a(alt_instruction_exception_entry.o)
                0x0000000000200874                alt_instruction_exception_handler
 .sbss          0x0000000000200878        0x4 e:/intelfpga/18.1/nios2eds/bin/gnu/h-x86_64-mingw32/bin/../lib/gcc/nios2-elf/5.3.0/../../../../../H-x86_64-mingw32/nios2-elf/lib/mno-hw-mul\libc.a(lib_a-int_errno.o)
                0x0000000000200878                errno
 *(.sbss2 .sbss2.* .gnu.linkonce.sb2.*)
 *(.scommon)
                [!provide]                        PROVIDE (__sbss_end, ABSOLUTE (.))
                [!provide]                        PROVIDE (___sbss_end, ABSOLUTE (.))
 *(.dynbss)
 *(.bss .bss.* .gnu.linkonce.b.*)
 .bss           0x000000000020087c        0x0 ../lms_ctr_bsp//obj/HAL/src/crt0.o
 .bss           0x000000000020087c        0x0 obj/default/i2c_opencores.o
 .bss           0x000000000020087c        0x0 obj/default/main.o
 .bss           0x000000000020087c        0x0 obj/default/spi_flash_lib.o
 .bss           0x000000000020087c        0x0 e:/intelfpga/18.1/nios2eds/bin/gnu/h-x86_64-mingw32/bin/../lib/gcc/nios2-elf/5.3.0/mno-hw-mul\libgcc.a(lib2-divmod.o)
 .bss           0x000000000020087c        0x0 e:/intelfpga/18.1/nios2eds/bin/gnu/h-x86_64-mingw32/bin/../lib/gcc/nios2-elf/5.3.0/mno-hw-mul\libgcc.a(lib2-mul.o)
 .bss           0x000000000020087c        0x0 e:/intelfpga/18.1/nios2eds/bin/gnu/h-x86_64-mingw32/bin/../lib/gcc/nios2-elf/5.3.0/../../../../../H-x86_64-mingw32/nios2-elf/lib/mno-hw-mul\libc.a(lib_a-memcpy.o)
 .bss           0x000000000020087c        0x0 e:/intelfpga/18.1/nios2eds/bin/gnu/h-x86_64-mingw32/bin/../lib/gcc/nios2-elf/5.3.0/../../../../../H-x86_64-mingw32/nios2-elf/lib/mno-hw-mul\libc.a(lib_a-memset.o)
 .bss           0x000000000020087c        0x0 ../lms_ctr_bsp/\libhal_bsp.a(alt_load.o)
 .bss           0x000000000020087c        0x0 ../lms_ctr_bsp/\libhal_bsp.a(alt_main.o)
 .bss           0x000000000020087c        0x0 ../lms_ctr_bsp/\libhal_bsp.a(alt_usleep.o)
 .bss           0x000000000020087c        0x0 ../lms_ctr_bsp/\libhal_bsp.a(alt_sys_init.o)
 .bss           0x000000000020087c        0x0 ../lms_ctr_bsp/\libhal_bsp.a(altera_avalon_spi.o)
 .bss           0x000000000020087c        0x0 ../lms_ctr_bsp/\libhal_bsp.a(altera_avalon_uart_fd.o)
 .bss           0x000000000020087c        0x0 ../lms_ctr_bsp/\libhal_bsp.a(altera_avalon_uart_init.o)
 .bss           0x000000000020087c        0x0 ../lms_ctr_bsp/\libhal_bsp.a(altera_avalon_uart_read.o)
 .bss           0x000000000020087c        0x0 ../lms_ctr_bsp/\libhal_bsp.a(altera_avalon_uart_write.o)
 .bss           0x000000000020087c        0x0 ../lms_ctr_bsp/\libhal_bsp.a(altera_onchip_flash.o)
 .bss           0x000000000020087c        0x0 ../lms_ctr_bsp/\libhal_bsp.a(alt_busy_sleep.o)
 .bss           0x000000000020087c        0x0 ../lms_ctr_bsp/\libhal_bsp.a(alt_close.o)
 .bss           0x000000000020087c        0x0 ../lms_ctr_bsp/\libhal_bsp.a(alt_dcache_flush.o)
 .bss           0x000000000020087c        0x0 ../lms_ctr_bsp/\libhal_bsp.a(alt_dcache_flush_all.o)
 .bss           0x000000000020087c        0x0 ../lms_ctr_bsp/\libhal_bsp.a(alt_dev.o)
 .bss           0x000000000020087c        0x0 ../lms_ctr_bsp/\libhal_bsp.a(alt_dev_llist_insert.o)
 .bss           0x000000000020087c        0x0 ../lms_ctr_bsp/\libhal_bsp.a(alt_do_ctors.o)
 .bss           0x000000000020087c        0x0 ../lms_ctr_bsp/\libhal_bsp.a(alt_do_dtors.o)
 .bss           0x000000000020087c        0x0 ../lms_ctr_bsp/\libhal_bsp.a(alt_errno.o)
 .bss           0x000000000020087c        0x0 ../lms_ctr_bsp/\libhal_bsp.a(alt_flash_dev.o)
 .bss           0x000000000020087c        0x0 ../lms_ctr_bsp/\libhal_bsp.a(alt_icache_flush_all.o)
 .bss           0x000000000020087c        0x0 ../lms_ctr_bsp/\libhal_bsp.a(alt_iic.o)
 .bss           0x000000000020087c        0x0 ../lms_ctr_bsp/\libhal_bsp.a(alt_iic_isr_register.o)
 .bss           0x000000000020087c        0x0 ../lms_ctr_bsp/\libhal_bsp.a(alt_irq_entry.o)
 .bss           0x000000000020087c        0x0 ../lms_ctr_bsp/\libhal_bsp.a(alt_irq_handler.o)
 .bss           0x000000000020087c        0x0 ../lms_ctr_bsp/\libhal_bsp.a(alt_irq_vars.o)
 .bss           0x000000000020087c        0x0 ../lms_ctr_bsp/\libhal_bsp.a(alt_release_fd.o)
 .bss           0x000000000020087c        0x0 ../lms_ctr_bsp/\libhal_bsp.a(altera_nios2_gen2_irq.o)
 .bss           0x000000000020087c        0x0 ../lms_ctr_bsp/\libhal_bsp.a(alt_exception_entry.o)
 .bss           0x000000000020087c        0x0 ../lms_ctr_bsp/\libhal_bsp.a(alt_find_dev.o)
 .bss           0x000000000020087c        0x0 ../lms_ctr_bsp/\libhal_bsp.a(alt_instruction_exception_entry.o)
 .bss           0x000000000020087c        0x0 e:/intelfpga/18.1/nios2eds/bin/gnu/h-x86_64-mingw32/bin/../lib/gcc/nios2-elf/5.3.0/../../../../../H-x86_64-mingw32/nios2-elf/lib/mno-hw-mul\libc.a(lib_a-atexit.o)
 .bss           0x000000000020087c        0x0 e:/intelfpga/18.1/nios2eds/bin/gnu/h-x86_64-mingw32/bin/../lib/gcc/nios2-elf/5.3.0/../../../../../H-x86_64-mingw32/nios2-elf/lib/mno-hw-mul\libc.a(lib_a-exit.o)
 .bss           0x000000000020087c        0x0 e:/intelfpga/18.1/nios2eds/bin/gnu/h-x86_64-mingw32/bin/../lib/gcc/nios2-elf/5.3.0/../../../../../H-x86_64-mingw32/nios2-elf/lib/mno-hw-mul\libc.a(lib_a-impure.o)
 .bss           0x000000000020087c        0x0 e:/intelfpga/18.1/nios2eds/bin/gnu/h-x86_64-mingw32/bin/../lib/gcc/nios2-elf/5.3.0/../../../../../H-x86_64-mingw32/nios2-elf/lib/mno-hw-mul\libc.a(lib_a-int_errno.o)
 .bss           0x000000000020087c        0x0 e:/intelfpga/18.1/nios2eds/bin/gnu/h-x86_64-mingw32/bin/../lib/gcc/nios2-elf/5.3.0/../../../../../H-x86_64-mingw32/nios2-elf/lib/mno-hw-mul\libc.a(lib_a-memcmp.o)
 .bss           0x000000000020087c        0x0 e:/intelfpga/18.1/nios2eds/bin/gnu/h-x86_64-mingw32/bin/../lib/gcc/nios2-elf/5.3.0/../../../../../H-x86_64-mingw32/nios2-elf/lib/mno-hw-mul\libc.a(lib_a-strlen.o)
 .bss           0x000000000020087c        0x0 e:/intelfpga/18.1/nios2eds/bin/gnu/h-x86_64-mingw32/bin/../lib/gcc/nios2-elf/5.3.0/../../../../../H-x86_64-mingw32/nios2-elf/lib/mno-hw-mul\libc.a(lib_a-__atexit.o)
 .bss           0x000000000020087c        0x0 e:/intelfpga/18.1/nios2eds/bin/gnu/h-x86_64-mingw32/bin/../lib/gcc/nios2-elf/5.3.0/../../../../../H-x86_64-mingw32/nios2-elf/lib/mno-hw-mul\libc.a(lib_a-__call_atexit.o)
 .bss           0x000000000020087c        0x0 ../lms_ctr_bsp/\libhal_bsp.a(alt_exit.o)
 *(COMMON)
 COMMON         0x000000000020087c      0x180 obj/default/main.o
                0x000000000020087c                glEp0Buffer_Tx
                0x00000000002008bc                flash_page_data
                0x00000000002009bc                glEp0Buffer_Rx
 COMMON         0x00000000002009fc      0x100 ../lms_ctr_bsp/\libhal_bsp.a(alt_irq_handler.o)
                0x00000000002009fc                alt_irq
                0x0000000000200afc                . = ALIGN (0x4)
                0x0000000000200afc                __bss_end = ABSOLUTE (.)

.onchip_flash_0_data
                0x0000000000105368        0x0
                [!provide]                        PROVIDE (_alt_partition_onchip_flash_0_data_start, ABSOLUTE (.))
 *(.onchip_flash_0_data .onchip_flash_0_data. onchip_flash_0_data.*)
                0x0000000000105368                . = ALIGN (0x4)
                [!provide]                        PROVIDE (_alt_partition_onchip_flash_0_data_end, ABSOLUTE (.))
                [!provide]                        PROVIDE (_alt_partition_onchip_flash_0_data_load_addr, LOADADDR (.onchip_flash_0_data))

.onchip_memory2_0
                0x0000000000200afc        0x0 load address 0x0000000000105368
                [!provide]                        PROVIDE (_alt_partition_onchip_memory2_0_start, ABSOLUTE (.))
 *(.onchip_memory2_0 .onchip_memory2_0. onchip_memory2_0.*)
                0x0000000000200afc                . = ALIGN (0x4)
                [!provide]                        PROVIDE (_alt_partition_onchip_memory2_0_end, ABSOLUTE (.))
                0x0000000000200afc                _end = ABSOLUTE (.)
                0x0000000000200afc                end = ABSOLUTE (.)
                0x0000000000200afc                __alt_stack_base = ABSOLUTE (.)
                [!provide]                        PROVIDE (_alt_partition_onchip_memory2_0_load_addr, LOADADDR (.onchip_memory2_0))

.stab
 *(.stab)

.stabstr
 *(.stabstr)

.stab.excl
 *(.stab.excl)

.stab.exclstr
 *(.stab.exclstr)

.stab.index
 *(.stab.index)

.stab.indexstr
 *(.stab.indexstr)

.comment        0x0000000000000000       0x23
 *(.comment)
 .comment       0x0000000000000000       0x23 obj/default/i2c_opencores.o
                                         0x24 (size before relaxing)
 .comment       0x0000000000000023       0x24 obj/default/main.o
 .comment       0x0000000000000023       0x24 obj/default/spi_flash_lib.o
 .comment       0x0000000000000023       0x24 e:/intelfpga/18.1/nios2eds/bin/gnu/h-x86_64-mingw32/bin/../lib/gcc/nios2-elf/5.3.0/mno-hw-mul\libgcc.a(lib2-divmod.o)
 .comment       0x0000000000000023       0x24 e:/intelfpga/18.1/nios2eds/bin/gnu/h-x86_64-mingw32/bin/../lib/gcc/nios2-elf/5.3.0/mno-hw-mul\libgcc.a(lib2-mul.o)
 .comment       0x0000000000000023       0x24 e:/intelfpga/18.1/nios2eds/bin/gnu/h-x86_64-mingw32/bin/../lib/gcc/nios2-elf/5.3.0/../../../../../H-x86_64-mingw32/nios2-elf/lib/mno-hw-mul\libc.a(lib_a-memcpy.o)
 .comment       0x0000000000000023       0x24 e:/intelfpga/18.1/nios2eds/bin/gnu/h-x86_64-mingw32/bin/../lib/gcc/nios2-elf/5.3.0/../../../../../H-x86_64-mingw32/nios2-elf/lib/mno-hw-mul\libc.a(lib_a-memset.o)
 .comment       0x0000000000000023       0x24 ../lms_ctr_bsp/\libhal_bsp.a(alt_load.o)
 .comment       0x0000000000000023       0x24 ../lms_ctr_bsp/\libhal_bsp.a(alt_main.o)
 .comment       0x0000000000000023       0x24 ../lms_ctr_bsp/\libhal_bsp.a(alt_usleep.o)
 .comment       0x0000000000000023       0x24 ../lms_ctr_bsp/\libhal_bsp.a(alt_sys_init.o)
 .comment       0x0000000000000023       0x24 ../lms_ctr_bsp/\libhal_bsp.a(altera_avalon_spi.o)
 .comment       0x0000000000000023       0x24 ../lms_ctr_bsp/\libhal_bsp.a(altera_avalon_uart_fd.o)
 .comment       0x0000000000000023       0x24 ../lms_ctr_bsp/\libhal_bsp.a(altera_avalon_uart_init.o)
 .comment       0x0000000000000023       0x24 ../lms_ctr_bsp/\libhal_bsp.a(altera_avalon_uart_read.o)
 .comment       0x0000000000000023       0x24 ../lms_ctr_bsp/\libhal_bsp.a(altera_avalon_uart_write.o)
 .comment       0x0000000000000023       0x24 ../lms_ctr_bsp/\libhal_bsp.a(altera_onchip_flash.o)
 .comment       0x0000000000000023       0x24 ../lms_ctr_bsp/\libhal_bsp.a(alt_busy_sleep.o)
 .comment       0x0000000000000023       0x24 ../lms_ctr_bsp/\libhal_bsp.a(alt_close.o)
 .comment       0x0000000000000023       0x24 ../lms_ctr_bsp/\libhal_bsp.a(alt_dcache_flush.o)
 .comment       0x0000000000000023       0x24 ../lms_ctr_bsp/\libhal_bsp.a(alt_dcache_flush_all.o)
 .comment       0x0000000000000023       0x24 ../lms_ctr_bsp/\libhal_bsp.a(alt_dev.o)
 .comment       0x0000000000000023       0x24 ../lms_ctr_bsp/\libhal_bsp.a(alt_dev_llist_insert.o)
 .comment       0x0000000000000023       0x24 ../lms_ctr_bsp/\libhal_bsp.a(alt_do_ctors.o)
 .comment       0x0000000000000023       0x24 ../lms_ctr_bsp/\libhal_bsp.a(alt_do_dtors.o)
 .comment       0x0000000000000023       0x24 ../lms_ctr_bsp/\libhal_bsp.a(alt_errno.o)
 .comment       0x0000000000000023       0x24 ../lms_ctr_bsp/\libhal_bsp.a(alt_flash_dev.o)
 .comment       0x0000000000000023       0x24 ../lms_ctr_bsp/\libhal_bsp.a(alt_icache_flush_all.o)
 .comment       0x0000000000000023       0x24 ../lms_ctr_bsp/\libhal_bsp.a(alt_iic.o)
 .comment       0x0000000000000023       0x24 ../lms_ctr_bsp/\libhal_bsp.a(alt_iic_isr_register.o)
 .comment       0x0000000000000023       0x24 ../lms_ctr_bsp/\libhal_bsp.a(alt_irq_handler.o)
 .comment       0x0000000000000023       0x24 ../lms_ctr_bsp/\libhal_bsp.a(alt_irq_vars.o)
 .comment       0x0000000000000023       0x24 ../lms_ctr_bsp/\libhal_bsp.a(alt_release_fd.o)
 .comment       0x0000000000000023       0x24 ../lms_ctr_bsp/\libhal_bsp.a(altera_nios2_gen2_irq.o)
 .comment       0x0000000000000023       0x24 ../lms_ctr_bsp/\libhal_bsp.a(alt_find_dev.o)
 .comment       0x0000000000000023       0x24 ../lms_ctr_bsp/\libhal_bsp.a(alt_instruction_exception_entry.o)
 .comment       0x0000000000000023       0x24 e:/intelfpga/18.1/nios2eds/bin/gnu/h-x86_64-mingw32/bin/../lib/gcc/nios2-elf/5.3.0/../../../../../H-x86_64-mingw32/nios2-elf/lib/mno-hw-mul\libc.a(lib_a-atexit.o)
 .comment       0x0000000000000023       0x24 e:/intelfpga/18.1/nios2eds/bin/gnu/h-x86_64-mingw32/bin/../lib/gcc/nios2-elf/5.3.0/../../../../../H-x86_64-mingw32/nios2-elf/lib/mno-hw-mul\libc.a(lib_a-exit.o)
 .comment       0x0000000000000023       0x24 e:/intelfpga/18.1/nios2eds/bin/gnu/h-x86_64-mingw32/bin/../lib/gcc/nios2-elf/5.3.0/../../../../../H-x86_64-mingw32/nios2-elf/lib/mno-hw-mul\libc.a(lib_a-impure.o)
 .comment       0x0000000000000023       0x24 e:/intelfpga/18.1/nios2eds/bin/gnu/h-x86_64-mingw32/bin/../lib/gcc/nios2-elf/5.3.0/../../../../../H-x86_64-mingw32/nios2-elf/lib/mno-hw-mul\libc.a(lib_a-int_errno.o)
 .comment       0x0000000000000023       0x24 e:/intelfpga/18.1/nios2eds/bin/gnu/h-x86_64-mingw32/bin/../lib/gcc/nios2-elf/5.3.0/../../../../../H-x86_64-mingw32/nios2-elf/lib/mno-hw-mul\libc.a(lib_a-memcmp.o)
 .comment       0x0000000000000023       0x24 e:/intelfpga/18.1/nios2eds/bin/gnu/h-x86_64-mingw32/bin/../lib/gcc/nios2-elf/5.3.0/../../../../../H-x86_64-mingw32/nios2-elf/lib/mno-hw-mul\libc.a(lib_a-strlen.o)
 .comment       0x0000000000000023       0x24 e:/intelfpga/18.1/nios2eds/bin/gnu/h-x86_64-mingw32/bin/../lib/gcc/nios2-elf/5.3.0/../../../../../H-x86_64-mingw32/nios2-elf/lib/mno-hw-mul\libc.a(lib_a-__atexit.o)
 .comment       0x0000000000000023       0x24 e:/intelfpga/18.1/nios2eds/bin/gnu/h-x86_64-mingw32/bin/../lib/gcc/nios2-elf/5.3.0/../../../../../H-x86_64-mingw32/nios2-elf/lib/mno-hw-mul\libc.a(lib_a-__call_atexit.o)
 .comment       0x0000000000000023       0x24 ../lms_ctr_bsp/\libhal_bsp.a(alt_exit.o)

.debug
 *(.debug)

.line
 *(.line)

.debug_srcinfo
 *(.debug_srcinfo)

.debug_sfnames
 *(.debug_sfnames)

.debug_aranges  0x0000000000000000      0x200
 *(.debug_aranges)
 .debug_aranges
                0x0000000000000000       0x28 ../lms_ctr_bsp//obj/HAL/src/crt0.o
 .debug_aranges
                0x0000000000000028       0x20 e:/intelfpga/18.1/nios2eds/bin/gnu/h-x86_64-mingw32/bin/../lib/gcc/nios2-elf/5.3.0/mno-hw-mul\libgcc.a(lib2-divmod.o)
 .debug_aranges
                0x0000000000000048       0x20 e:/intelfpga/18.1/nios2eds/bin/gnu/h-x86_64-mingw32/bin/../lib/gcc/nios2-elf/5.3.0/mno-hw-mul\libgcc.a(lib2-mul.o)
 .debug_aranges
                0x0000000000000068       0x20 e:/intelfpga/18.1/nios2eds/bin/gnu/h-x86_64-mingw32/bin/../lib/gcc/nios2-elf/5.3.0/../../../../../H-x86_64-mingw32/nios2-elf/lib/mno-hw-mul\libc.a(lib_a-memcpy.o)
 .debug_aranges
                0x0000000000000088       0x20 e:/intelfpga/18.1/nios2eds/bin/gnu/h-x86_64-mingw32/bin/../lib/gcc/nios2-elf/5.3.0/../../../../../H-x86_64-mingw32/nios2-elf/lib/mno-hw-mul\libc.a(lib_a-memset.o)
 .debug_aranges
                0x00000000000000a8       0x30 ../lms_ctr_bsp/\libhal_bsp.a(alt_irq_entry.o)
 .debug_aranges
                0x00000000000000d8       0x38 ../lms_ctr_bsp/\libhal_bsp.a(alt_exception_entry.o)
 .debug_aranges
                0x0000000000000110       0x20 e:/intelfpga/18.1/nios2eds/bin/gnu/h-x86_64-mingw32/bin/../lib/gcc/nios2-elf/5.3.0/../../../../../H-x86_64-mingw32/nios2-elf/lib/mno-hw-mul\libc.a(lib_a-atexit.o)
 .debug_aranges
                0x0000000000000130       0x20 e:/intelfpga/18.1/nios2eds/bin/gnu/h-x86_64-mingw32/bin/../lib/gcc/nios2-elf/5.3.0/../../../../../H-x86_64-mingw32/nios2-elf/lib/mno-hw-mul\libc.a(lib_a-exit.o)
 .debug_aranges
                0x0000000000000150       0x18 e:/intelfpga/18.1/nios2eds/bin/gnu/h-x86_64-mingw32/bin/../lib/gcc/nios2-elf/5.3.0/../../../../../H-x86_64-mingw32/nios2-elf/lib/mno-hw-mul\libc.a(lib_a-impure.o)
 .debug_aranges
                0x0000000000000168       0x18 e:/intelfpga/18.1/nios2eds/bin/gnu/h-x86_64-mingw32/bin/../lib/gcc/nios2-elf/5.3.0/../../../../../H-x86_64-mingw32/nios2-elf/lib/mno-hw-mul\libc.a(lib_a-int_errno.o)
 .debug_aranges
                0x0000000000000180       0x20 e:/intelfpga/18.1/nios2eds/bin/gnu/h-x86_64-mingw32/bin/../lib/gcc/nios2-elf/5.3.0/../../../../../H-x86_64-mingw32/nios2-elf/lib/mno-hw-mul\libc.a(lib_a-memcmp.o)
 .debug_aranges
                0x00000000000001a0       0x20 e:/intelfpga/18.1/nios2eds/bin/gnu/h-x86_64-mingw32/bin/../lib/gcc/nios2-elf/5.3.0/../../../../../H-x86_64-mingw32/nios2-elf/lib/mno-hw-mul\libc.a(lib_a-strlen.o)
 .debug_aranges
                0x00000000000001c0       0x20 e:/intelfpga/18.1/nios2eds/bin/gnu/h-x86_64-mingw32/bin/../lib/gcc/nios2-elf/5.3.0/../../../../../H-x86_64-mingw32/nios2-elf/lib/mno-hw-mul\libc.a(lib_a-__atexit.o)
 .debug_aranges
                0x00000000000001e0       0x20 e:/intelfpga/18.1/nios2eds/bin/gnu/h-x86_64-mingw32/bin/../lib/gcc/nios2-elf/5.3.0/../../../../../H-x86_64-mingw32/nios2-elf/lib/mno-hw-mul\libc.a(lib_a-__call_atexit.o)

.debug_pubnames
 *(.debug_pubnames)

.debug_info     0x0000000000000000     0x2f22
 *(.debug_info .gnu.linkonce.wi.*)
 .debug_info    0x0000000000000000       0x83 ../lms_ctr_bsp//obj/HAL/src/crt0.o
 .debug_info    0x0000000000000083      0x2c6 e:/intelfpga/18.1/nios2eds/bin/gnu/h-x86_64-mingw32/bin/../lib/gcc/nios2-elf/5.3.0/mno-hw-mul\libgcc.a(lib2-divmod.o)
 .debug_info    0x0000000000000349       0xb4 e:/intelfpga/18.1/nios2eds/bin/gnu/h-x86_64-mingw32/bin/../lib/gcc/nios2-elf/5.3.0/mno-hw-mul\libgcc.a(lib2-mul.o)
 .debug_info    0x00000000000003fd      0x144 e:/intelfpga/18.1/nios2eds/bin/gnu/h-x86_64-mingw32/bin/../lib/gcc/nios2-elf/5.3.0/../../../../../H-x86_64-mingw32/nios2-elf/lib/mno-hw-mul\libc.a(lib_a-memcpy.o)
 .debug_info    0x0000000000000541      0x121 e:/intelfpga/18.1/nios2eds/bin/gnu/h-x86_64-mingw32/bin/../lib/gcc/nios2-elf/5.3.0/../../../../../H-x86_64-mingw32/nios2-elf/lib/mno-hw-mul\libc.a(lib_a-memset.o)
 .debug_info    0x0000000000000662       0x8c ../lms_ctr_bsp/\libhal_bsp.a(alt_irq_entry.o)
 .debug_info    0x00000000000006ee       0x92 ../lms_ctr_bsp/\libhal_bsp.a(alt_exception_entry.o)
 .debug_info    0x0000000000000780       0xfe e:/intelfpga/18.1/nios2eds/bin/gnu/h-x86_64-mingw32/bin/../lib/gcc/nios2-elf/5.3.0/../../../../../H-x86_64-mingw32/nios2-elf/lib/mno-hw-mul\libc.a(lib_a-atexit.o)
 .debug_info    0x000000000000087e      0x8e4 e:/intelfpga/18.1/nios2eds/bin/gnu/h-x86_64-mingw32/bin/../lib/gcc/nios2-elf/5.3.0/../../../../../H-x86_64-mingw32/nios2-elf/lib/mno-hw-mul\libc.a(lib_a-exit.o)
 .debug_info    0x0000000000001162      0x8a1 e:/intelfpga/18.1/nios2eds/bin/gnu/h-x86_64-mingw32/bin/../lib/gcc/nios2-elf/5.3.0/../../../../../H-x86_64-mingw32/nios2-elf/lib/mno-hw-mul\libc.a(lib_a-impure.o)
 .debug_info    0x0000000000001a03       0x8a e:/intelfpga/18.1/nios2eds/bin/gnu/h-x86_64-mingw32/bin/../lib/gcc/nios2-elf/5.3.0/../../../../../H-x86_64-mingw32/nios2-elf/lib/mno-hw-mul\libc.a(lib_a-int_errno.o)
 .debug_info    0x0000000000001a8d      0x11a e:/intelfpga/18.1/nios2eds/bin/gnu/h-x86_64-mingw32/bin/../lib/gcc/nios2-elf/5.3.0/../../../../../H-x86_64-mingw32/nios2-elf/lib/mno-hw-mul\libc.a(lib_a-memcmp.o)
 .debug_info    0x0000000000001ba7       0xe2 e:/intelfpga/18.1/nios2eds/bin/gnu/h-x86_64-mingw32/bin/../lib/gcc/nios2-elf/5.3.0/../../../../../H-x86_64-mingw32/nios2-elf/lib/mno-hw-mul\libc.a(lib_a-strlen.o)
 .debug_info    0x0000000000001c89      0x934 e:/intelfpga/18.1/nios2eds/bin/gnu/h-x86_64-mingw32/bin/../lib/gcc/nios2-elf/5.3.0/../../../../../H-x86_64-mingw32/nios2-elf/lib/mno-hw-mul\libc.a(lib_a-__atexit.o)
 .debug_info    0x00000000000025bd      0x965 e:/intelfpga/18.1/nios2eds/bin/gnu/h-x86_64-mingw32/bin/../lib/gcc/nios2-elf/5.3.0/../../../../../H-x86_64-mingw32/nios2-elf/lib/mno-hw-mul\libc.a(lib_a-__call_atexit.o)

.debug_abbrev   0x0000000000000000      0xcb4
 *(.debug_abbrev)
 .debug_abbrev  0x0000000000000000       0x12 ../lms_ctr_bsp//obj/HAL/src/crt0.o
 .debug_abbrev  0x0000000000000012      0x10e e:/intelfpga/18.1/nios2eds/bin/gnu/h-x86_64-mingw32/bin/../lib/gcc/nios2-elf/5.3.0/mno-hw-mul\libgcc.a(lib2-divmod.o)
 .debug_abbrev  0x0000000000000120       0x6f e:/intelfpga/18.1/nios2eds/bin/gnu/h-x86_64-mingw32/bin/../lib/gcc/nios2-elf/5.3.0/mno-hw-mul\libgcc.a(lib2-mul.o)
 .debug_abbrev  0x000000000000018f       0xa3 e:/intelfpga/18.1/nios2eds/bin/gnu/h-x86_64-mingw32/bin/../lib/gcc/nios2-elf/5.3.0/../../../../../H-x86_64-mingw32/nios2-elf/lib/mno-hw-mul\libc.a(lib_a-memcpy.o)
 .debug_abbrev  0x0000000000000232       0xae e:/intelfpga/18.1/nios2eds/bin/gnu/h-x86_64-mingw32/bin/../lib/gcc/nios2-elf/5.3.0/../../../../../H-x86_64-mingw32/nios2-elf/lib/mno-hw-mul\libc.a(lib_a-memset.o)
 .debug_abbrev  0x00000000000002e0       0x12 ../lms_ctr_bsp/\libhal_bsp.a(alt_irq_entry.o)
 .debug_abbrev  0x00000000000002f2       0x12 ../lms_ctr_bsp/\libhal_bsp.a(alt_exception_entry.o)
 .debug_abbrev  0x0000000000000304       0xaa e:/intelfpga/18.1/nios2eds/bin/gnu/h-x86_64-mingw32/bin/../lib/gcc/nios2-elf/5.3.0/../../../../../H-x86_64-mingw32/nios2-elf/lib/mno-hw-mul\libc.a(lib_a-atexit.o)
 .debug_abbrev  0x00000000000003ae      0x1e5 e:/intelfpga/18.1/nios2eds/bin/gnu/h-x86_64-mingw32/bin/../lib/gcc/nios2-elf/5.3.0/../../../../../H-x86_64-mingw32/nios2-elf/lib/mno-hw-mul\libc.a(lib_a-exit.o)
 .debug_abbrev  0x0000000000000593      0x18f e:/intelfpga/18.1/nios2eds/bin/gnu/h-x86_64-mingw32/bin/../lib/gcc/nios2-elf/5.3.0/../../../../../H-x86_64-mingw32/nios2-elf/lib/mno-hw-mul\libc.a(lib_a-impure.o)
 .debug_abbrev  0x0000000000000722       0x37 e:/intelfpga/18.1/nios2eds/bin/gnu/h-x86_64-mingw32/bin/../lib/gcc/nios2-elf/5.3.0/../../../../../H-x86_64-mingw32/nios2-elf/lib/mno-hw-mul\libc.a(lib_a-int_errno.o)
 .debug_abbrev  0x0000000000000759       0x7f e:/intelfpga/18.1/nios2eds/bin/gnu/h-x86_64-mingw32/bin/../lib/gcc/nios2-elf/5.3.0/../../../../../H-x86_64-mingw32/nios2-elf/lib/mno-hw-mul\libc.a(lib_a-memcmp.o)
 .debug_abbrev  0x00000000000007d8       0x90 e:/intelfpga/18.1/nios2eds/bin/gnu/h-x86_64-mingw32/bin/../lib/gcc/nios2-elf/5.3.0/../../../../../H-x86_64-mingw32/nios2-elf/lib/mno-hw-mul\libc.a(lib_a-strlen.o)
 .debug_abbrev  0x0000000000000868      0x21e e:/intelfpga/18.1/nios2eds/bin/gnu/h-x86_64-mingw32/bin/../lib/gcc/nios2-elf/5.3.0/../../../../../H-x86_64-mingw32/nios2-elf/lib/mno-hw-mul\libc.a(lib_a-__atexit.o)
 .debug_abbrev  0x0000000000000a86      0x22e e:/intelfpga/18.1/nios2eds/bin/gnu/h-x86_64-mingw32/bin/../lib/gcc/nios2-elf/5.3.0/../../../../../H-x86_64-mingw32/nios2-elf/lib/mno-hw-mul\libc.a(lib_a-__call_atexit.o)

.debug_line     0x0000000000000000     0x1204
 *(.debug_line)
 .debug_line    0x0000000000000000       0x66 ../lms_ctr_bsp//obj/HAL/src/crt0.o
 .debug_line    0x0000000000000066      0x105 e:/intelfpga/18.1/nios2eds/bin/gnu/h-x86_64-mingw32/bin/../lib/gcc/nios2-elf/5.3.0/mno-hw-mul\libgcc.a(lib2-divmod.o)
 .debug_line    0x000000000000016b       0x80 e:/intelfpga/18.1/nios2eds/bin/gnu/h-x86_64-mingw32/bin/../lib/gcc/nios2-elf/5.3.0/mno-hw-mul\libgcc.a(lib2-mul.o)
 .debug_line    0x00000000000001eb      0x18c e:/intelfpga/18.1/nios2eds/bin/gnu/h-x86_64-mingw32/bin/../lib/gcc/nios2-elf/5.3.0/../../../../../H-x86_64-mingw32/nios2-elf/lib/mno-hw-mul\libc.a(lib_a-memcpy.o)
 .debug_line    0x0000000000000377      0x18f e:/intelfpga/18.1/nios2eds/bin/gnu/h-x86_64-mingw32/bin/../lib/gcc/nios2-elf/5.3.0/../../../../../H-x86_64-mingw32/nios2-elf/lib/mno-hw-mul\libc.a(lib_a-memset.o)
 .debug_line    0x0000000000000506       0x6b ../lms_ctr_bsp/\libhal_bsp.a(alt_irq_entry.o)
 .debug_line    0x0000000000000571       0xb3 ../lms_ctr_bsp/\libhal_bsp.a(alt_exception_entry.o)
 .debug_line    0x0000000000000624       0xe7 e:/intelfpga/18.1/nios2eds/bin/gnu/h-x86_64-mingw32/bin/../lib/gcc/nios2-elf/5.3.0/../../../../../H-x86_64-mingw32/nios2-elf/lib/mno-hw-mul\libc.a(lib_a-atexit.o)
 .debug_line    0x000000000000070b      0x1fc e:/intelfpga/18.1/nios2eds/bin/gnu/h-x86_64-mingw32/bin/../lib/gcc/nios2-elf/5.3.0/../../../../../H-x86_64-mingw32/nios2-elf/lib/mno-hw-mul\libc.a(lib_a-exit.o)
 .debug_line    0x0000000000000907      0x160 e:/intelfpga/18.1/nios2eds/bin/gnu/h-x86_64-mingw32/bin/../lib/gcc/nios2-elf/5.3.0/../../../../../H-x86_64-mingw32/nios2-elf/lib/mno-hw-mul\libc.a(lib_a-impure.o)
 .debug_line    0x0000000000000a67       0x5f e:/intelfpga/18.1/nios2eds/bin/gnu/h-x86_64-mingw32/bin/../lib/gcc/nios2-elf/5.3.0/../../../../../H-x86_64-mingw32/nios2-elf/lib/mno-hw-mul\libc.a(lib_a-int_errno.o)
 .debug_line    0x0000000000000ac6      0x176 e:/intelfpga/18.1/nios2eds/bin/gnu/h-x86_64-mingw32/bin/../lib/gcc/nios2-elf/5.3.0/../../../../../H-x86_64-mingw32/nios2-elf/lib/mno-hw-mul\libc.a(lib_a-memcmp.o)
 .debug_line    0x0000000000000c3c      0x16f e:/intelfpga/18.1/nios2eds/bin/gnu/h-x86_64-mingw32/bin/../lib/gcc/nios2-elf/5.3.0/../../../../../H-x86_64-mingw32/nios2-elf/lib/mno-hw-mul\libc.a(lib_a-strlen.o)
 .debug_line    0x0000000000000dab      0x21f e:/intelfpga/18.1/nios2eds/bin/gnu/h-x86_64-mingw32/bin/../lib/gcc/nios2-elf/5.3.0/../../../../../H-x86_64-mingw32/nios2-elf/lib/mno-hw-mul\libc.a(lib_a-__atexit.o)
 .debug_line    0x0000000000000fca      0x23a e:/intelfpga/18.1/nios2eds/bin/gnu/h-x86_64-mingw32/bin/../lib/gcc/nios2-elf/5.3.0/../../../../../H-x86_64-mingw32/nios2-elf/lib/mno-hw-mul\libc.a(lib_a-__call_atexit.o)

.debug_frame    0x0000000000000000      0x1dc
 *(.debug_frame)
 .debug_frame   0x0000000000000000       0x50 e:/intelfpga/18.1/nios2eds/bin/gnu/h-x86_64-mingw32/bin/../lib/gcc/nios2-elf/5.3.0/mno-hw-mul\libgcc.a(lib2-divmod.o)
 .debug_frame   0x0000000000000050       0x20 e:/intelfpga/18.1/nios2eds/bin/gnu/h-x86_64-mingw32/bin/../lib/gcc/nios2-elf/5.3.0/mno-hw-mul\libgcc.a(lib2-mul.o)
 .debug_frame   0x0000000000000070       0x38 e:/intelfpga/18.1/nios2eds/bin/gnu/h-x86_64-mingw32/bin/../lib/gcc/nios2-elf/5.3.0/../../../../../H-x86_64-mingw32/nios2-elf/lib/mno-hw-mul\libc.a(lib_a-memcpy.o)
 .debug_frame   0x00000000000000a8       0x20 e:/intelfpga/18.1/nios2eds/bin/gnu/h-x86_64-mingw32/bin/../lib/gcc/nios2-elf/5.3.0/../../../../../H-x86_64-mingw32/nios2-elf/lib/mno-hw-mul\libc.a(lib_a-memset.o)
 .debug_frame   0x00000000000000c8       0x20 e:/intelfpga/18.1/nios2eds/bin/gnu/h-x86_64-mingw32/bin/../lib/gcc/nios2-elf/5.3.0/../../../../../H-x86_64-mingw32/nios2-elf/lib/mno-hw-mul\libc.a(lib_a-atexit.o)
 .debug_frame   0x00000000000000e8       0x28 e:/intelfpga/18.1/nios2eds/bin/gnu/h-x86_64-mingw32/bin/../lib/gcc/nios2-elf/5.3.0/../../../../../H-x86_64-mingw32/nios2-elf/lib/mno-hw-mul\libc.a(lib_a-exit.o)
 .debug_frame   0x0000000000000110       0x20 e:/intelfpga/18.1/nios2eds/bin/gnu/h-x86_64-mingw32/bin/../lib/gcc/nios2-elf/5.3.0/../../../../../H-x86_64-mingw32/nios2-elf/lib/mno-hw-mul\libc.a(lib_a-memcmp.o)
 .debug_frame   0x0000000000000130       0x20 e:/intelfpga/18.1/nios2eds/bin/gnu/h-x86_64-mingw32/bin/../lib/gcc/nios2-elf/5.3.0/../../../../../H-x86_64-mingw32/nios2-elf/lib/mno-hw-mul\libc.a(lib_a-strlen.o)
 .debug_frame   0x0000000000000150       0x38 e:/intelfpga/18.1/nios2eds/bin/gnu/h-x86_64-mingw32/bin/../lib/gcc/nios2-elf/5.3.0/../../../../../H-x86_64-mingw32/nios2-elf/lib/mno-hw-mul\libc.a(lib_a-__atexit.o)
 .debug_frame   0x0000000000000188       0x54 e:/intelfpga/18.1/nios2eds/bin/gnu/h-x86_64-mingw32/bin/../lib/gcc/nios2-elf/5.3.0/../../../../../H-x86_64-mingw32/nios2-elf/lib/mno-hw-mul\libc.a(lib_a-__call_atexit.o)

.debug_str      0x0000000000000000      0xb41
 *(.debug_str)
 .debug_str     0x0000000000000000      0x1b2 e:/intelfpga/18.1/nios2eds/bin/gnu/h-x86_64-mingw32/bin/../lib/gcc/nios2-elf/5.3.0/mno-hw-mul\libgcc.a(lib2-divmod.o)
                                        0x1d2 (size before relaxing)
 .debug_str     0x00000000000001b2       0x40 e:/intelfpga/18.1/nios2eds/bin/gnu/h-x86_64-mingw32/bin/../lib/gcc/nios2-elf/5.3.0/mno-hw-mul\libgcc.a(lib2-mul.o)
                                        0x193 (size before relaxing)
 .debug_str     0x00000000000001f2      0x1a7 e:/intelfpga/18.1/nios2eds/bin/gnu/h-x86_64-mingw32/bin/../lib/gcc/nios2-elf/5.3.0/../../../../../H-x86_64-mingw32/nios2-elf/lib/mno-hw-mul\libc.a(lib_a-memcpy.o)
                                        0x20b (size before relaxing)
 .debug_str     0x0000000000000399       0x58 e:/intelfpga/18.1/nios2eds/bin/gnu/h-x86_64-mingw32/bin/../lib/gcc/nios2-elf/5.3.0/../../../../../H-x86_64-mingw32/nios2-elf/lib/mno-hw-mul\libc.a(lib_a-memset.o)
                                        0x1f8 (size before relaxing)
 .debug_str     0x00000000000003f1      0x110 e:/intelfpga/18.1/nios2eds/bin/gnu/h-x86_64-mingw32/bin/../lib/gcc/nios2-elf/5.3.0/../../../../../H-x86_64-mingw32/nios2-elf/lib/mno-hw-mul\libc.a(lib_a-atexit.o)
                                        0x221 (size before relaxing)
 .debug_str     0x0000000000000501      0x3ff e:/intelfpga/18.1/nios2eds/bin/gnu/h-x86_64-mingw32/bin/../lib/gcc/nios2-elf/5.3.0/../../../../../H-x86_64-mingw32/nios2-elf/lib/mno-hw-mul\libc.a(lib_a-exit.o)
                                        0x5be (size before relaxing)
 .debug_str     0x0000000000000900       0xd6 e:/intelfpga/18.1/nios2eds/bin/gnu/h-x86_64-mingw32/bin/../lib/gcc/nios2-elf/5.3.0/../../../../../H-x86_64-mingw32/nios2-elf/lib/mno-hw-mul\libc.a(lib_a-impure.o)
                                        0x5b5 (size before relaxing)
 .debug_str     0x00000000000009d6       0x3f e:/intelfpga/18.1/nios2eds/bin/gnu/h-x86_64-mingw32/bin/../lib/gcc/nios2-elf/5.3.0/../../../../../H-x86_64-mingw32/nios2-elf/lib/mno-hw-mul\libc.a(lib_a-int_errno.o)
                                        0x1dd (size before relaxing)
 .debug_str     0x0000000000000a15       0x44 e:/intelfpga/18.1/nios2eds/bin/gnu/h-x86_64-mingw32/bin/../lib/gcc/nios2-elf/5.3.0/../../../../../H-x86_64-mingw32/nios2-elf/lib/mno-hw-mul\libc.a(lib_a-memcmp.o)
                                        0x1e4 (size before relaxing)
 .debug_str     0x0000000000000a59       0x44 e:/intelfpga/18.1/nios2eds/bin/gnu/h-x86_64-mingw32/bin/../lib/gcc/nios2-elf/5.3.0/../../../../../H-x86_64-mingw32/nios2-elf/lib/mno-hw-mul\libc.a(lib_a-strlen.o)
                                        0x1f7 (size before relaxing)
 .debug_str     0x0000000000000a9d       0x3f e:/intelfpga/18.1/nios2eds/bin/gnu/h-x86_64-mingw32/bin/../lib/gcc/nios2-elf/5.3.0/../../../../../H-x86_64-mingw32/nios2-elf/lib/mno-hw-mul\libc.a(lib_a-__atexit.o)
                                        0x5f6 (size before relaxing)
 .debug_str     0x0000000000000adc       0x65 e:/intelfpga/18.1/nios2eds/bin/gnu/h-x86_64-mingw32/bin/../lib/gcc/nios2-elf/5.3.0/../../../../../H-x86_64-mingw32/nios2-elf/lib/mno-hw-mul\libc.a(lib_a-__call_atexit.o)
                                        0x5e2 (size before relaxing)

.debug_loc      0x0000000000000000      0xe77
 *(.debug_loc)
 .debug_loc     0x0000000000000000      0x4ce e:/intelfpga/18.1/nios2eds/bin/gnu/h-x86_64-mingw32/bin/../lib/gcc/nios2-elf/5.3.0/mno-hw-mul\libgcc.a(lib2-divmod.o)
 .debug_loc     0x00000000000004ce       0x93 e:/intelfpga/18.1/nios2eds/bin/gnu/h-x86_64-mingw32/bin/../lib/gcc/nios2-elf/5.3.0/mno-hw-mul\libgcc.a(lib2-mul.o)
 .debug_loc     0x0000000000000561      0x266 e:/intelfpga/18.1/nios2eds/bin/gnu/h-x86_64-mingw32/bin/../lib/gcc/nios2-elf/5.3.0/../../../../../H-x86_64-mingw32/nios2-elf/lib/mno-hw-mul\libc.a(lib_a-memcpy.o)
 .debug_loc     0x00000000000007c7      0x1a6 e:/intelfpga/18.1/nios2eds/bin/gnu/h-x86_64-mingw32/bin/../lib/gcc/nios2-elf/5.3.0/../../../../../H-x86_64-mingw32/nios2-elf/lib/mno-hw-mul\libc.a(lib_a-memset.o)
 .debug_loc     0x000000000000096d       0x2c e:/intelfpga/18.1/nios2eds/bin/gnu/h-x86_64-mingw32/bin/../lib/gcc/nios2-elf/5.3.0/../../../../../H-x86_64-mingw32/nios2-elf/lib/mno-hw-mul\libc.a(lib_a-atexit.o)
 .debug_loc     0x0000000000000999       0x1e e:/intelfpga/18.1/nios2eds/bin/gnu/h-x86_64-mingw32/bin/../lib/gcc/nios2-elf/5.3.0/../../../../../H-x86_64-mingw32/nios2-elf/lib/mno-hw-mul\libc.a(lib_a-exit.o)
 .debug_loc     0x00000000000009b7      0x126 e:/intelfpga/18.1/nios2eds/bin/gnu/h-x86_64-mingw32/bin/../lib/gcc/nios2-elf/5.3.0/../../../../../H-x86_64-mingw32/nios2-elf/lib/mno-hw-mul\libc.a(lib_a-memcmp.o)
 .debug_loc     0x0000000000000add       0x47 e:/intelfpga/18.1/nios2eds/bin/gnu/h-x86_64-mingw32/bin/../lib/gcc/nios2-elf/5.3.0/../../../../../H-x86_64-mingw32/nios2-elf/lib/mno-hw-mul\libc.a(lib_a-strlen.o)
 .debug_loc     0x0000000000000b24      0x185 e:/intelfpga/18.1/nios2eds/bin/gnu/h-x86_64-mingw32/bin/../lib/gcc/nios2-elf/5.3.0/../../../../../H-x86_64-mingw32/nios2-elf/lib/mno-hw-mul\libc.a(lib_a-__atexit.o)
 .debug_loc     0x0000000000000ca9      0x1ce e:/intelfpga/18.1/nios2eds/bin/gnu/h-x86_64-mingw32/bin/../lib/gcc/nios2-elf/5.3.0/../../../../../H-x86_64-mingw32/nios2-elf/lib/mno-hw-mul\libc.a(lib_a-__call_atexit.o)

.debug_macinfo
 *(.debug_macinfo)

.debug_weaknames
 *(.debug_weaknames)

.debug_funcnames
 *(.debug_funcnames)

.debug_typenames
 *(.debug_typenames)

.debug_varnames
 *(.debug_varnames)

.debug_alt_sim_info
                0x0000000000000000       0x40
 *(.debug_alt_sim_info)
 .debug_alt_sim_info
                0x0000000000000000       0x10 ../lms_ctr_bsp//obj/HAL/src/crt0.o
 .debug_alt_sim_info
                0x0000000000000010       0x30 ../lms_ctr_bsp/\libhal_bsp.a(alt_busy_sleep.o)
                0x0000000000201000                __alt_data_end = 0x201000
                0x0000000000201000                PROVIDE (__alt_stack_pointer, __alt_data_end)
                [!provide]                        PROVIDE (__alt_stack_limit, __alt_stack_base)
                [!provide]                        PROVIDE (__alt_heap_start, end)
                [!provide]                        PROVIDE (__alt_heap_limit, 0x201000)
OUTPUT(lms_ctr_app.elf elf32-littlenios2)

.debug_ranges   0x0000000000000000      0x178
 .debug_ranges  0x0000000000000000       0x20 ../lms_ctr_bsp//obj/HAL/src/crt0.o
 .debug_ranges  0x0000000000000020       0x60 e:/intelfpga/18.1/nios2eds/bin/gnu/h-x86_64-mingw32/bin/../lib/gcc/nios2-elf/5.3.0/mno-hw-mul\libgcc.a(lib2-divmod.o)
 .debug_ranges  0x0000000000000080       0x10 e:/intelfpga/18.1/nios2eds/bin/gnu/h-x86_64-mingw32/bin/../lib/gcc/nios2-elf/5.3.0/../../../../../H-x86_64-mingw32/nios2-elf/lib/mno-hw-mul\libc.a(lib_a-memcpy.o)
 .debug_ranges  0x0000000000000090       0x10 e:/intelfpga/18.1/nios2eds/bin/gnu/h-x86_64-mingw32/bin/../lib/gcc/nios2-elf/5.3.0/../../../../../H-x86_64-mingw32/nios2-elf/lib/mno-hw-mul\libc.a(lib_a-memset.o)
 .debug_ranges  0x00000000000000a0       0x28 ../lms_ctr_bsp/\libhal_bsp.a(alt_irq_entry.o)
 .debug_ranges  0x00000000000000c8       0x30 ../lms_ctr_bsp/\libhal_bsp.a(alt_exception_entry.o)
 .debug_ranges  0x00000000000000f8       0x10 e:/intelfpga/18.1/nios2eds/bin/gnu/h-x86_64-mingw32/bin/../lib/gcc/nios2-elf/5.3.0/../../../../../H-x86_64-mingw32/nios2-elf/lib/mno-hw-mul\libc.a(lib_a-atexit.o)
 .debug_ranges  0x0000000000000108       0x10 e:/intelfpga/18.1/nios2eds/bin/gnu/h-x86_64-mingw32/bin/../lib/gcc/nios2-elf/5.3.0/../../../../../H-x86_64-mingw32/nios2-elf/lib/mno-hw-mul\libc.a(lib_a-exit.o)
 .debug_ranges  0x0000000000000118       0x10 e:/intelfpga/18.1/nios2eds/bin/gnu/h-x86_64-mingw32/bin/../lib/gcc/nios2-elf/5.3.0/../../../../../H-x86_64-mingw32/nios2-elf/lib/mno-hw-mul\libc.a(lib_a-memcmp.o)
 .debug_ranges  0x0000000000000128       0x10 e:/intelfpga/18.1/nios2eds/bin/gnu/h-x86_64-mingw32/bin/../lib/gcc/nios2-elf/5.3.0/../../../../../H-x86_64-mingw32/nios2-elf/lib/mno-hw-mul\libc.a(lib_a-strlen.o)
 .debug_ranges  0x0000000000000138       0x10 e:/intelfpga/18.1/nios2eds/bin/gnu/h-x86_64-mingw32/bin/../lib/gcc/nios2-elf/5.3.0/../../../../../H-x86_64-mingw32/nios2-elf/lib/mno-hw-mul\libc.a(lib_a-__atexit.o)
 .debug_ranges  0x0000000000000148       0x30 e:/intelfpga/18.1/nios2eds/bin/gnu/h-x86_64-mingw32/bin/../lib/gcc/nios2-elf/5.3.0/../../../../../H-x86_64-mingw32/nios2-elf/lib/mno-hw-mul\libc.a(lib_a-__call_atexit.o)
