../Drivers/STM32L4xx_HAL_Driver/Src/stm32l4xx_hal_cryp_ex.c:2716:13:CRYP_Authentication_SetDMAConfig	24	static
../Drivers/STM32L4xx_HAL_Driver/Src/stm32l4xx_hal_cryp_ex.c:2208:13:CRYP_Authentication_DMAError	8	static
../Drivers/STM32L4xx_HAL_Driver/Src/stm32l4xx_hal_cryp_ex.c:3028:13:CRYP_DMAOutCplt	0	static
../Drivers/STM32L4xx_HAL_Driver/Src/stm32l4xx_hal_cryp_ex.c:3008:13:CRYP_DMAInCplt	0	static
../Drivers/STM32L4xx_HAL_Driver/Src/stm32l4xx_hal_cryp_ex.c:3057:13:CRYP_DMAError	8	static
../Drivers/STM32L4xx_HAL_Driver/Src/stm32l4xx_hal_cryp_ex.c:3081:13:CRYP_Padding	112	static
../Drivers/STM32L4xx_HAL_Driver/Src/stm32l4xx_hal_cryp_ex.c:2168:13:CRYP_Authentication_DMAOutCplt	8	static
../Drivers/STM32L4xx_HAL_Driver/Src/stm32l4xx_hal_cryp_ex.c:2124:13:CRYP_Authentication_DMAInCplt	16	static
../Drivers/STM32L4xx_HAL_Driver/Src/stm32l4xx_hal_cryp_ex.c:106:13:HAL_CRYPEx_ComputationCpltCallback	0	static
../Drivers/STM32L4xx_HAL_Driver/Src/stm32l4xx_hal_cryp_ex.c:164:19:HAL_CRYPEx_AES	32	static
../Drivers/STM32L4xx_HAL_Driver/Src/stm32l4xx_hal_cryp_ex.c:244:19:HAL_CRYPEx_AES_IT	8	static
../Drivers/STM32L4xx_HAL_Driver/Src/stm32l4xx_hal_cryp_ex.c:349:19:HAL_CRYPEx_AES_DMA	24	static
../Drivers/STM32L4xx_HAL_Driver/Src/stm32l4xx_hal_cryp_ex.c:430:19:HAL_CRYPEx_AES_Auth	64	static,ignoring_inline_asm
../Drivers/STM32L4xx_HAL_Driver/Src/stm32l4xx_hal_cryp_ex.c:941:19:HAL_CRYPEx_AES_Auth_IT	72	static,ignoring_inline_asm
../Drivers/STM32L4xx_HAL_Driver/Src/stm32l4xx_hal_cryp_ex.c:1401:19:HAL_CRYPEx_AES_Auth_DMA	32	static,ignoring_inline_asm
../Drivers/STM32L4xx_HAL_Driver/Src/stm32l4xx_hal_cryp_ex.c:1862:6:HAL_CRYPEx_Read_IVRegisters	0	static
../Drivers/STM32L4xx_HAL_Driver/Src/stm32l4xx_hal_cryp_ex.c:1886:6:HAL_CRYPEx_Write_IVRegisters	0	static
../Drivers/STM32L4xx_HAL_Driver/Src/stm32l4xx_hal_cryp_ex.c:1910:6:HAL_CRYPEx_Read_SuspendRegisters	24	static
../Drivers/STM32L4xx_HAL_Driver/Src/stm32l4xx_hal_cryp_ex.c:1961:6:HAL_CRYPEx_Write_SuspendRegisters	0	static
../Drivers/STM32L4xx_HAL_Driver/Src/stm32l4xx_hal_cryp_ex.c:1993:6:HAL_CRYPEx_Read_KeyRegisters	0	static
../Drivers/STM32L4xx_HAL_Driver/Src/stm32l4xx_hal_cryp_ex.c:2028:6:HAL_CRYPEx_Write_KeyRegisters	0	static
../Drivers/STM32L4xx_HAL_Driver/Src/stm32l4xx_hal_cryp_ex.c:2063:6:HAL_CRYPEx_Read_ControlRegister	0	static
../Drivers/STM32L4xx_HAL_Driver/Src/stm32l4xx_hal_cryp_ex.c:2077:6:HAL_CRYPEx_Write_ControlRegister	0	static
../Drivers/STM32L4xx_HAL_Driver/Src/stm32l4xx_hal_cryp_ex.c:2096:6:HAL_CRYPEx_ProcessSuspend	0	static
../Drivers/STM32L4xx_HAL_Driver/Src/stm32l4xx_hal_cryp_ex.c:2234:19:CRYP_AES_Auth_IT	88	static
