../Drivers/STM32L4xx_HAL_Driver/Src/stm32l4xx_hal_spi.c:4015:26:SPI_WaitFifoStateUntilTimeout.constprop	32	static
../Drivers/STM32L4xx_HAL_Driver/Src/stm32l4xx_hal_spi.c:4131:26:SPI_EndRxTxTransaction	56	static
../Drivers/STM32L4xx_HAL_Driver/Src/stm32l4xx_hal_spi.c:3946:26:SPI_WaitFlagStateUntilTimeout.constprop	24	static
../Drivers/STM32L4xx_HAL_Driver/Src/stm32l4xx_hal_spi.c:4131:26:SPI_EndRxTxTransaction.constprop	32	static
../Drivers/STM32L4xx_HAL_Driver/Src/stm32l4xx_hal_spi.c:4391:13:SPI_AbortTx_ISR	16	static
../Drivers/STM32L4xx_HAL_Driver/Src/stm32l4xx_hal_spi.c:4346:13:SPI_AbortRx_ISR	40	static
../Drivers/STM32L4xx_HAL_Driver/Src/stm32l4xx_hal_spi.c:535:13:HAL_SPI_MspInit	0	static
../Drivers/STM32L4xx_HAL_Driver/Src/stm32l4xx_hal_spi.c:316:19:HAL_SPI_Init	24	static
../Drivers/STM32L4xx_HAL_Driver/Src/stm32l4xx_hal_spi.c:551:13:HAL_SPI_MspDeInit	0	static
../Drivers/STM32L4xx_HAL_Driver/Src/stm32l4xx_hal_spi.c:491:19:HAL_SPI_DeInit	8	static
../Drivers/STM32L4xx_HAL_Driver/Src/stm32l4xx_hal_spi.c:823:19:HAL_SPI_Transmit	32	static
../Drivers/STM32L4xx_HAL_Driver/Src/stm32l4xx_hal_spi.c:1252:19:HAL_SPI_TransmitReceive	32	static
../Drivers/STM32L4xx_HAL_Driver/Src/stm32l4xx_hal_spi.c:1009:19:HAL_SPI_Receive	48	static
../Drivers/STM32L4xx_HAL_Driver/Src/stm32l4xx_hal_spi.c:1600:19:HAL_SPI_Transmit_IT	4	static
../Drivers/STM32L4xx_HAL_Driver/Src/stm32l4xx_hal_spi.c:1786:19:HAL_SPI_TransmitReceive_IT	8	static
../Drivers/STM32L4xx_HAL_Driver/Src/stm32l4xx_hal_spi.c:1682:19:HAL_SPI_Receive_IT	16	static
../Drivers/STM32L4xx_HAL_Driver/Src/stm32l4xx_hal_spi.c:1894:19:HAL_SPI_Transmit_DMA	8	static
../Drivers/STM32L4xx_HAL_Driver/Src/stm32l4xx_hal_spi.c:2155:19:HAL_SPI_TransmitReceive_DMA	16	static
../Drivers/STM32L4xx_HAL_Driver/Src/stm32l4xx_hal_spi.c:2015:19:HAL_SPI_Receive_DMA	16	static
../Drivers/STM32L4xx_HAL_Driver/Src/stm32l4xx_hal_spi.c:2344:19:HAL_SPI_Abort	24	static
../Drivers/STM32L4xx_HAL_Driver/Src/stm32l4xx_hal_spi.c:2667:19:HAL_SPI_DMAPause	4	static
../Drivers/STM32L4xx_HAL_Driver/Src/stm32l4xx_hal_spi.c:2687:19:HAL_SPI_DMAResume	4	static
../Drivers/STM32L4xx_HAL_Driver/Src/stm32l4xx_hal_spi.c:2707:19:HAL_SPI_DMAStop	16	static
../Drivers/STM32L4xx_HAL_Driver/Src/stm32l4xx_hal_spi.c:2856:13:HAL_SPI_TxCpltCallback	0	static
../Drivers/STM32L4xx_HAL_Driver/Src/stm32l4xx_hal_spi.c:2872:13:HAL_SPI_RxCpltCallback	0	static
../Drivers/STM32L4xx_HAL_Driver/Src/stm32l4xx_hal_spi.c:2888:13:HAL_SPI_TxRxCpltCallback	0	static
../Drivers/STM32L4xx_HAL_Driver/Src/stm32l4xx_hal_spi.c:2904:13:HAL_SPI_TxHalfCpltCallback	0	static
../Drivers/STM32L4xx_HAL_Driver/Src/stm32l4xx_hal_spi.c:3317:13:SPI_DMAHalfTransmitCplt	8	static
../Drivers/STM32L4xx_HAL_Driver/Src/stm32l4xx_hal_spi.c:2920:13:HAL_SPI_RxHalfCpltCallback	0	static
../Drivers/STM32L4xx_HAL_Driver/Src/stm32l4xx_hal_spi.c:3335:13:SPI_DMAHalfReceiveCplt	8	static
../Drivers/STM32L4xx_HAL_Driver/Src/stm32l4xx_hal_spi.c:2936:13:HAL_SPI_TxRxHalfCpltCallback	0	static
../Drivers/STM32L4xx_HAL_Driver/Src/stm32l4xx_hal_spi.c:3353:13:SPI_DMAHalfTransmitReceiveCplt	8	static
../Drivers/STM32L4xx_HAL_Driver/Src/stm32l4xx_hal_spi.c:2952:13:HAL_SPI_ErrorCallback	0	static
../Drivers/STM32L4xx_HAL_Driver/Src/stm32l4xx_hal_spi.c:3891:13:SPI_TxISR_8BIT	16	static
../Drivers/STM32L4xx_HAL_Driver/Src/stm32l4xx_hal_spi.c:3802:13:SPI_RxISR_8BIT	32	static
../Drivers/STM32L4xx_HAL_Driver/Src/stm32l4xx_hal_spi.c:3549:13:SPI_2linesRxISR_8BIT	8	static
../Drivers/STM32L4xx_HAL_Driver/Src/stm32l4xx_hal_spi.c:3371:13:SPI_DMAError	8	static
../Drivers/STM32L4xx_HAL_Driver/Src/stm32l4xx_hal_spi.c:3042:13:SPI_DMATransmitCplt	24	static
../Drivers/STM32L4xx_HAL_Driver/Src/stm32l4xx_hal_spi.c:3099:13:SPI_DMAReceiveCplt	32	static
../Drivers/STM32L4xx_HAL_Driver/Src/stm32l4xx_hal_spi.c:3216:13:SPI_DMATransmitReceiveCplt	16	static
../Drivers/STM32L4xx_HAL_Driver/Src/stm32l4xx_hal_spi.c:2749:6:HAL_SPI_IRQHandler	24	static
../Drivers/STM32L4xx_HAL_Driver/Src/stm32l4xx_hal_spi.c:3394:13:SPI_DMAAbortOnError	8	static
../Drivers/STM32L4xx_HAL_Driver/Src/stm32l4xx_hal_spi.c:3858:13:SPI_RxISR_16BIT	32	static
../Drivers/STM32L4xx_HAL_Driver/Src/stm32l4xx_hal_spi.c:3916:13:SPI_TxISR_16BIT	16	static
../Drivers/STM32L4xx_HAL_Driver/Src/stm32l4xx_hal_spi.c:3681:13:SPI_2linesRxISR_16BIT	8	static
../Drivers/STM32L4xx_HAL_Driver/Src/stm32l4xx_hal_spi.c:3737:13:SPI_2linesTxISR_16BIT	8	static
../Drivers/STM32L4xx_HAL_Driver/Src/stm32l4xx_hal_spi.c:3634:13:SPI_2linesTxISR_8BIT	8	static
../Drivers/STM32L4xx_HAL_Driver/Src/stm32l4xx_hal_spi.c:2970:13:HAL_SPI_AbortCpltCallback	0	static
../Drivers/STM32L4xx_HAL_Driver/Src/stm32l4xx_hal_spi.c:2506:19:HAL_SPI_Abort_IT	32	static
../Drivers/STM32L4xx_HAL_Driver/Src/stm32l4xx_hal_spi.c:3483:13:SPI_DMARxAbortCallback	40	static
../Drivers/STM32L4xx_HAL_Driver/Src/stm32l4xx_hal_spi.c:3416:13:SPI_DMATxAbortCallback	40	static
../Drivers/STM32L4xx_HAL_Driver/Src/stm32l4xx_hal_spi.c:3005:22:HAL_SPI_GetState	0	static
../Drivers/STM32L4xx_HAL_Driver/Src/stm32l4xx_hal_spi.c:3017:10:HAL_SPI_GetError	0	static
