../Drivers/STM32L4xx_HAL_Driver/Src/stm32l4xx_hal_uart.c:4248:13:UART_TxISR_16BIT	0	static,ignoring_inline_asm
../Drivers/STM32L4xx_HAL_Driver/Src/stm32l4xx_hal_uart.c:4215:13:UART_TxISR_8BIT	0	static,ignoring_inline_asm
../Drivers/STM32L4xx_HAL_Driver/Src/stm32l4xx_hal_uart.c:699:13:HAL_UART_MspInit	0	static
../Drivers/STM32L4xx_HAL_Driver/Src/stm32l4xx_hal_uart.c:714:13:HAL_UART_MspDeInit	0	static
../Drivers/STM32L4xx_HAL_Driver/Src/stm32l4xx_hal_uart.c:652:19:HAL_UART_DeInit	16	static
../Drivers/STM32L4xx_HAL_Driver/Src/stm32l4xx_hal_uart.c:1145:19:HAL_UART_Transmit	32	static
../Drivers/STM32L4xx_HAL_Driver/Src/stm32l4xx_hal_uart.c:1235:19:HAL_UART_Receive	32	static,ignoring_inline_asm
../Drivers/STM32L4xx_HAL_Driver/Src/stm32l4xx_hal_uart.c:1319:19:HAL_UART_Transmit_IT	4	static,ignoring_inline_asm
../Drivers/STM32L4xx_HAL_Driver/Src/stm32l4xx_hal_uart.c:1402:19:HAL_UART_Receive_IT	8	static,ignoring_inline_asm
../Drivers/STM32L4xx_HAL_Driver/Src/stm32l4xx_hal_uart.c:1443:19:HAL_UART_Transmit_DMA	16	static,ignoring_inline_asm
../Drivers/STM32L4xx_HAL_Driver/Src/stm32l4xx_hal_uart.c:1549:19:HAL_UART_DMAPause	0	static,ignoring_inline_asm
../Drivers/STM32L4xx_HAL_Driver/Src/stm32l4xx_hal_uart.c:1579:19:HAL_UART_DMAResume	0	static,ignoring_inline_asm
../Drivers/STM32L4xx_HAL_Driver/Src/stm32l4xx_hal_uart.c:1610:19:HAL_UART_DMAStop	16	static,ignoring_inline_asm
../Drivers/STM32L4xx_HAL_Driver/Src/stm32l4xx_hal_uart.c:1685:19:HAL_UART_Abort	16	static,ignoring_inline_asm
../Drivers/STM32L4xx_HAL_Driver/Src/stm32l4xx_hal_uart.c:1796:19:HAL_UART_AbortTransmit	8	static,ignoring_inline_asm
../Drivers/STM32L4xx_HAL_Driver/Src/stm32l4xx_hal_uart.c:1862:19:HAL_UART_AbortReceive	16	static,ignoring_inline_asm
../Drivers/STM32L4xx_HAL_Driver/Src/stm32l4xx_hal_uart.c:2680:13:HAL_UART_TxCpltCallback	0	static
../Drivers/STM32L4xx_HAL_Driver/Src/stm32l4xx_hal_uart.c:3824:13:UART_DMATransmitCplt	8	static,ignoring_inline_asm
../Drivers/STM32L4xx_HAL_Driver/Src/stm32l4xx_hal_uart.c:2695:13:HAL_UART_TxHalfCpltCallback	0	static
../Drivers/STM32L4xx_HAL_Driver/Src/stm32l4xx_hal_uart.c:3858:13:UART_DMATxHalfCplt	8	static
../Drivers/STM32L4xx_HAL_Driver/Src/stm32l4xx_hal_uart.c:2710:13:HAL_UART_RxCpltCallback	0	static
../Drivers/STM32L4xx_HAL_Driver/Src/stm32l4xx_hal_uart.c:2725:13:HAL_UART_RxHalfCpltCallback	0	static
../Drivers/STM32L4xx_HAL_Driver/Src/stm32l4xx_hal_uart.c:2740:13:HAL_UART_ErrorCallback	0	static
../Drivers/STM32L4xx_HAL_Driver/Src/stm32l4xx_hal_uart.c:3975:13:UART_DMAError	8	static,ignoring_inline_asm
../Drivers/STM32L4xx_HAL_Driver/Src/stm32l4xx_hal_uart.c:4015:13:UART_DMAAbortOnError	8	static
../Drivers/STM32L4xx_HAL_Driver/Src/stm32l4xx_hal_uart.c:2755:13:HAL_UART_AbortCpltCallback	0	static
../Drivers/STM32L4xx_HAL_Driver/Src/stm32l4xx_hal_uart.c:1936:19:HAL_UART_Abort_IT	16	static,ignoring_inline_asm
../Drivers/STM32L4xx_HAL_Driver/Src/stm32l4xx_hal_uart.c:4095:13:UART_DMARxAbortCallback	8	static
../Drivers/STM32L4xx_HAL_Driver/Src/stm32l4xx_hal_uart.c:4038:13:UART_DMATxAbortCallback	8	static
../Drivers/STM32L4xx_HAL_Driver/Src/stm32l4xx_hal_uart.c:2770:13:HAL_UART_AbortTransmitCpltCallback	0	static
../Drivers/STM32L4xx_HAL_Driver/Src/stm32l4xx_hal_uart.c:2096:19:HAL_UART_AbortTransmit_IT	8	static,ignoring_inline_asm
../Drivers/STM32L4xx_HAL_Driver/Src/stm32l4xx_hal_uart.c:4147:13:UART_DMATxOnlyAbortCallback	8	static
../Drivers/STM32L4xx_HAL_Driver/Src/stm32l4xx_hal_uart.c:2785:13:HAL_UART_AbortReceiveCpltCallback	0	static
../Drivers/STM32L4xx_HAL_Driver/Src/stm32l4xx_hal_uart.c:2193:19:HAL_UART_AbortReceive_IT	16	static,ignoring_inline_asm
../Drivers/STM32L4xx_HAL_Driver/Src/stm32l4xx_hal_uart.c:4182:13:UART_DMARxOnlyAbortCallback	8	static
../Drivers/STM32L4xx_HAL_Driver/Src/stm32l4xx_hal_uart.c:2802:13:HAL_UARTEx_RxEventCallback	0	static
../Drivers/STM32L4xx_HAL_Driver/Src/stm32l4xx_hal_uart.c:2291:6:HAL_UART_IRQHandler	16	static,ignoring_inline_asm
../Drivers/STM32L4xx_HAL_Driver/Src/stm32l4xx_hal_uart.c:4392:13:UART_RxISR_8BIT.part.0	8	static,ignoring_inline_asm
../Drivers/STM32L4xx_HAL_Driver/Src/stm32l4xx_hal_uart.c:4487:13:UART_RxISR_16BIT	4	static
../Drivers/STM32L4xx_HAL_Driver/Src/stm32l4xx_hal_uart.c:4392:13:UART_RxISR_8BIT	4	static
../Drivers/STM32L4xx_HAL_Driver/Src/stm32l4xx_hal_uart.c:3937:13:UART_DMARxHalfCplt	8	static
../Drivers/STM32L4xx_HAL_Driver/Src/stm32l4xx_hal_uart.c:3876:13:UART_DMAReceiveCplt	8	static,ignoring_inline_asm
../Drivers/STM32L4xx_HAL_Driver/Src/stm32l4xx_hal_uart.c:2850:6:HAL_UART_ReceiverTimeout_Config	0	static
../Drivers/STM32L4xx_HAL_Driver/Src/stm32l4xx_hal_uart.c:2865:19:HAL_UART_EnableReceiverTimeout	0	static
../Drivers/STM32L4xx_HAL_Driver/Src/stm32l4xx_hal_uart.c:2903:19:HAL_UART_DisableReceiverTimeout	0	static
../Drivers/STM32L4xx_HAL_Driver/Src/stm32l4xx_hal_uart.c:2981:6:HAL_MultiProcessor_EnterMuteMode	0	static
../Drivers/STM32L4xx_HAL_Driver/Src/stm32l4xx_hal_uart.c:2991:19:HAL_HalfDuplex_EnableTransmitter	0	static,ignoring_inline_asm
../Drivers/STM32L4xx_HAL_Driver/Src/stm32l4xx_hal_uart.c:3014:19:HAL_HalfDuplex_EnableReceiver	0	static,ignoring_inline_asm
../Drivers/STM32L4xx_HAL_Driver/Src/stm32l4xx_hal_uart.c:3038:19:HAL_LIN_SendBreak	4	static
../Drivers/STM32L4xx_HAL_Driver/Src/stm32l4xx_hal_uart.c:3083:23:HAL_UART_GetState	0	static
../Drivers/STM32L4xx_HAL_Driver/Src/stm32l4xx_hal_uart.c:3099:10:HAL_UART_GetError	0	static
../Drivers/STM32L4xx_HAL_Driver/Src/stm32l4xx_hal_uart.c:3147:19:UART_SetConfig	16	static
../Drivers/STM32L4xx_HAL_Driver/Src/stm32l4xx_hal_uart.c:3402:6:UART_AdvFeatureConfig	4	static
../Drivers/STM32L4xx_HAL_Driver/Src/stm32l4xx_hal_uart.c:3476:19:UART_CheckIdleState	16	static,ignoring_inline_asm
../Drivers/STM32L4xx_HAL_Driver/Src/stm32l4xx_hal_uart.c:327:19:HAL_UART_Init	8	static
../Drivers/STM32L4xx_HAL_Driver/Src/stm32l4xx_hal_uart.c:402:19:HAL_HalfDuplex_Init	8	static
../Drivers/STM32L4xx_HAL_Driver/Src/stm32l4xx_hal_uart.c:477:19:HAL_LIN_Init	16	static
../Drivers/STM32L4xx_HAL_Driver/Src/stm32l4xx_hal_uart.c:576:19:HAL_MultiProcessor_Init	16	static
../Drivers/STM32L4xx_HAL_Driver/Src/stm32l4xx_hal_uart.c:2941:19:HAL_MultiProcessor_EnableMuteMode	0	static,ignoring_inline_asm
../Drivers/STM32L4xx_HAL_Driver/Src/stm32l4xx_hal_uart.c:2961:19:HAL_MultiProcessor_DisableMuteMode	0	static,ignoring_inline_asm
../Drivers/STM32L4xx_HAL_Driver/Src/stm32l4xx_hal_uart.c:3553:19:UART_WaitOnFlagUntilTimeout	24	static,ignoring_inline_asm
../Drivers/STM32L4xx_HAL_Driver/Src/stm32l4xx_hal_uart.c:3621:19:UART_Start_Receive_IT	4	static,ignoring_inline_asm
../Drivers/STM32L4xx_HAL_Driver/Src/stm32l4xx_hal_uart.c:3715:19:UART_Start_Receive_DMA	16	static,ignoring_inline_asm
../Drivers/STM32L4xx_HAL_Driver/Src/stm32l4xx_hal_uart.c:1513:19:HAL_UART_Receive_DMA	8	static,ignoring_inline_asm
