../Drivers/STM32L4xx_HAL_Driver/Src/stm32l4xx_hal_cryp.c:1522:27:CRYP_SetKey	4	static
../Drivers/STM32L4xx_HAL_Driver/Src/stm32l4xx_hal_cryp.c:493:13:HAL_CRYP_MspInit	0	static
../Drivers/STM32L4xx_HAL_Driver/Src/stm32l4xx_hal_cryp.c:241:19:HAL_CRYP_Init	16	static
../Drivers/STM32L4xx_HAL_Driver/Src/stm32l4xx_hal_cryp.c:509:13:HAL_CRYP_MspDeInit	0	static
../Drivers/STM32L4xx_HAL_Driver/Src/stm32l4xx_hal_cryp.c:443:19:HAL_CRYP_DeInit	8	static
../Drivers/STM32L4xx_HAL_Driver/Src/stm32l4xx_hal_cryp.c:555:19:HAL_CRYP_AESECB_Encrypt	48	static
../Drivers/STM32L4xx_HAL_Driver/Src/stm32l4xx_hal_cryp.c:586:19:HAL_CRYP_AESCBC_Encrypt	40	static
../Drivers/STM32L4xx_HAL_Driver/Src/stm32l4xx_hal_cryp.c:617:19:HAL_CRYP_AESCTR_Encrypt	40	static
../Drivers/STM32L4xx_HAL_Driver/Src/stm32l4xx_hal_cryp.c:648:19:HAL_CRYP_AESECB_Decrypt	40	static
../Drivers/STM32L4xx_HAL_Driver/Src/stm32l4xx_hal_cryp.c:679:19:HAL_CRYP_AESCBC_Decrypt	40	static
../Drivers/STM32L4xx_HAL_Driver/Src/stm32l4xx_hal_cryp.c:710:19:HAL_CRYP_AESCTR_Decrypt	40	static
../Drivers/STM32L4xx_HAL_Driver/Src/stm32l4xx_hal_cryp.c:740:19:HAL_CRYP_AESECB_Encrypt_IT	40	static
../Drivers/STM32L4xx_HAL_Driver/Src/stm32l4xx_hal_cryp.c:770:19:HAL_CRYP_AESCBC_Encrypt_IT	32	static
../Drivers/STM32L4xx_HAL_Driver/Src/stm32l4xx_hal_cryp.c:801:19:HAL_CRYP_AESCTR_Encrypt_IT	32	static
../Drivers/STM32L4xx_HAL_Driver/Src/stm32l4xx_hal_cryp.c:831:19:HAL_CRYP_AESECB_Decrypt_IT	32	static
../Drivers/STM32L4xx_HAL_Driver/Src/stm32l4xx_hal_cryp.c:861:19:HAL_CRYP_AESCBC_Decrypt_IT	32	static
../Drivers/STM32L4xx_HAL_Driver/Src/stm32l4xx_hal_cryp.c:891:19:HAL_CRYP_AESCTR_Decrypt_IT	32	static
../Drivers/STM32L4xx_HAL_Driver/Src/stm32l4xx_hal_cryp.c:922:19:HAL_CRYP_AESECB_Encrypt_DMA	40	static
../Drivers/STM32L4xx_HAL_Driver/Src/stm32l4xx_hal_cryp.c:955:19:HAL_CRYP_AESCBC_Encrypt_DMA	32	static
../Drivers/STM32L4xx_HAL_Driver/Src/stm32l4xx_hal_cryp.c:986:19:HAL_CRYP_AESCTR_Encrypt_DMA	32	static
../Drivers/STM32L4xx_HAL_Driver/Src/stm32l4xx_hal_cryp.c:1017:19:HAL_CRYP_AESECB_Decrypt_DMA	32	static
../Drivers/STM32L4xx_HAL_Driver/Src/stm32l4xx_hal_cryp.c:1048:19:HAL_CRYP_AESCBC_Decrypt_DMA	32	static
../Drivers/STM32L4xx_HAL_Driver/Src/stm32l4xx_hal_cryp.c:1079:19:HAL_CRYP_AESCTR_Decrypt_DMA	32	static
../Drivers/STM32L4xx_HAL_Driver/Src/stm32l4xx_hal_cryp.c:1124:13:HAL_CRYP_ErrorCallback	0	static
../Drivers/STM32L4xx_HAL_Driver/Src/stm32l4xx_hal_cryp.c:1140:13:HAL_CRYP_InCpltCallback	0	static
../Drivers/STM32L4xx_HAL_Driver/Src/stm32l4xx_hal_cryp.c:1156:13:HAL_CRYP_OutCpltCallback	0	static
../Drivers/STM32L4xx_HAL_Driver/Src/stm32l4xx_hal_cryp.c:1378:6:HAL_CRYP_IRQHandler	8	static
../Drivers/STM32L4xx_HAL_Driver/Src/stm32l4xx_hal_cryp.c:1485:23:HAL_CRYP_GetState	0	static
../Drivers/STM32L4xx_HAL_Driver/Src/stm32l4xx_hal_cryp.c:1498:10:HAL_CRYP_GetError	0	static
